{
    "query": "DELIMITER abcdefghijklmnopqrstuvwxyz\nSELECT 1 abcdefghijklmnopqrstuvwxyz\n",
    "lexer": {
        "KEYWORD_NAME_INDICATORS": [
            "FROM",
            "SET",
            "WHERE"
        ],
        "OPERATOR_NAME_INDICATORS": [
            ",",
            "."
        ],
        "str": "DELIMITER abcdefghijklmnopqrstuvwxyz\nSELECT 1 abcdefghijklmnopqrstuvwxyz\n",
        "len": 73,
        "last": 73,
        "list": {
            "tokens": [
                {
                    "token": "DELIMITER",
                    "value": "DELIMITER",
                    "keyword": null,
                    "type": 0,
                    "flags": 0,
                    "position": 0
                },
                {
                    "token": " ",
                    "value": " ",
                    "keyword": null,
                    "type": 3,
                    "flags": 0,
                    "position": 9
                },
                {
                    "token": "abcdefghijklmno",
                    "value": "abcdefghijklmno",
                    "keyword": null,
                    "type": 9,
                    "flags": 0,
                    "position": 10
                },
                {
                    "token": "pqrstuvwxyz",
                    "value": "pqrstuvwxyz",
                    "keyword": null,
                    "type": 0,
                    "flags": 0,
                    "position": 25
                },
                {
                    "token": "\n",
                    "value": " ",
                    "keyword": null,
                    "type": 3,
                    "flags": 0,
                    "position": 36
                },
                {
                    "token": "SELECT",
                    "value": "SELECT",
                    "keyword": "SELECT",
                    "type": 1,
                    "flags": 3,
                    "position": 37
                },
                {
                    "token": " ",
                    "value": " ",
                    "keyword": null,
                    "type": 3,
                    "flags": 0,
                    "position": 43
                },
                {
                    "token": "1",
                    "value": 1,
                    "keyword": null,
                    "type": 6,
                    "flags": 0,
                    "position": 44
                },
                {
                    "token": " ",
                    "value": " ",
                    "keyword": null,
                    "type": 3,
                    "flags": 0,
                    "position": 45
                },
                {
                    "token": "abcdefghijklmno",
                    "value": "abcdefghijklmno",
                    "keyword": null,
                    "type": 9,
                    "flags": 0,
                    "position": 46
                },
                {
                    "token": "pqrstuvwxyz",
                    "value": "pqrstuvwxyz",
                    "keyword": null,
                    "type": 0,
                    "flags": 0,
                    "position": 61
                },
                {
                    "token": "\n",
                    "value": " ",
                    "keyword": null,
                    "type": 3,
                    "flags": 0,
                    "position": 72
                },
                {
                    "token": null,
                    "value": null,
                    "keyword": null,
                    "type": 9,
                    "flags": 0,
                    "position": null
                }
            ],
            "count": 13,
            "idx": 0
        },
        "delimiter": "abcdefghijklmno",
        "delimiterLen": 15,
        "strict": false,
        "errors": []
    },
    "parser": null,
    "errors": {
        "lexer": [],
        "parser": []
    }
}