{
    "query": "DELIMTER //\nSELECT a,b FROM test //\nSELECT * FROM bar //",
    "lexer": {
        "KEYWORD_NAME_INDICATORS": [
            "FROM",
            "SET",
            "WHERE"
        ],
        "OPERATOR_NAME_INDICATORS": [
            ",",
            "."
        ],
        "str": "DELIMTER //\nSELECT a,b FROM test //\nSELECT * FROM bar //",
        "len": 56,
        "last": 56,
        "list": {
            "tokens": [
                {
                    "token": "DELIMTER",
                    "value": "DELIMTER",
                    "keyword": null,
                    "type": 0,
                    "flags": 0,
                    "position": 0
                },
                {
                    "token": " ",
                    "value": " ",
                    "keyword": null,
                    "type": 3,
                    "flags": 0,
                    "position": 8
                },
                {
                    "token": "/",
                    "value": "/",
                    "keyword": null,
                    "type": 2,
                    "flags": 1,
                    "position": 9
                },
                {
                    "token": "/",
                    "value": "/",
                    "keyword": null,
                    "type": 2,
                    "flags": 1,
                    "position": 10
                },
                {
                    "token": "\n",
                    "value": " ",
                    "keyword": null,
                    "type": 3,
                    "flags": 0,
                    "position": 11
                },
                {
                    "token": "SELECT",
                    "value": "SELECT",
                    "keyword": "SELECT",
                    "type": 1,
                    "flags": 3,
                    "position": 12
                },
                {
                    "token": " ",
                    "value": " ",
                    "keyword": null,
                    "type": 3,
                    "flags": 0,
                    "position": 18
                },
                {
                    "token": "a",
                    "value": "a",
                    "keyword": null,
                    "type": 0,
                    "flags": 0,
                    "position": 19
                },
                {
                    "token": ",",
                    "value": ",",
                    "keyword": null,
                    "type": 2,
                    "flags": 16,
                    "position": 20
                },
                {
                    "token": "b",
                    "value": "b",
                    "keyword": null,
                    "type": 0,
                    "flags": 0,
                    "position": 21
                },
                {
                    "token": " ",
                    "value": " ",
                    "keyword": null,
                    "type": 3,
                    "flags": 0,
                    "position": 22
                },
                {
                    "token": "FROM",
                    "value": "FROM",
                    "keyword": "FROM",
                    "type": 1,
                    "flags": 3,
                    "position": 23
                },
                {
                    "token": " ",
                    "value": " ",
                    "keyword": null,
                    "type": 3,
                    "flags": 0,
                    "position": 27
                },
                {
                    "token": "test",
                    "value": "test",
                    "keyword": null,
                    "type": 0,
                    "flags": 0,
                    "position": 28
                },
                {
                    "token": " ",
                    "value": " ",
                    "keyword": null,
                    "type": 3,
                    "flags": 0,
                    "position": 32
                },
                {
                    "token": "/",
                    "value": "/",
                    "keyword": null,
                    "type": 2,
                    "flags": 1,
                    "position": 33
                },
                {
                    "token": "/",
                    "value": "/",
                    "keyword": null,
                    "type": 2,
                    "flags": 1,
                    "position": 34
                },
                {
                    "token": "\n",
                    "value": " ",
                    "keyword": null,
                    "type": 3,
                    "flags": 0,
                    "position": 35
                },
                {
                    "token": "SELECT",
                    "value": "SELECT",
                    "keyword": "SELECT",
                    "type": 1,
                    "flags": 3,
                    "position": 36
                },
                {
                    "token": " ",
                    "value": " ",
                    "keyword": null,
                    "type": 3,
                    "flags": 0,
                    "position": 42
                },
                {
                    "token": "*",
                    "value": "*",
                    "keyword": null,
                    "type": 2,
                    "flags": 16,
                    "position": 43
                },
                {
                    "token": " ",
                    "value": " ",
                    "keyword": null,
                    "type": 3,
                    "flags": 0,
                    "position": 44
                },
                {
                    "token": "FROM",
                    "value": "FROM",
                    "keyword": "FROM",
                    "type": 1,
                    "flags": 3,
                    "position": 45
                },
                {
                    "token": " ",
                    "value": " ",
                    "keyword": null,
                    "type": 3,
                    "flags": 0,
                    "position": 49
                },
                {
                    "token": "bar",
                    "value": "bar",
                    "keyword": null,
                    "type": 0,
                    "flags": 0,
                    "position": 50
                },
                {
                    "token": " ",
                    "value": " ",
                    "keyword": null,
                    "type": 3,
                    "flags": 0,
                    "position": 53
                },
                {
                    "token": "/",
                    "value": "/",
                    "keyword": null,
                    "type": 2,
                    "flags": 1,
                    "position": 54
                },
                {
                    "token": "/",
                    "value": "/",
                    "keyword": null,
                    "type": 2,
                    "flags": 1,
                    "position": 55
                },
                {
                    "token": null,
                    "value": null,
                    "keyword": null,
                    "type": 9,
                    "flags": 0,
                    "position": null
                }
            ],
            "count": 29,
            "idx": 0
        },
        "delimiter": ";",
        "delimiterLen": 1,
        "strict": false,
        "errors": []
    },
    "parser": null,
    "errors": {
        "lexer": [],
        "parser": []
    }
}