{
    "query": "DELIMITER \r",
    "lexer": {
        "KEYWORD_NAME_INDICATORS": [
            "FROM",
            "SET",
            "WHERE"
        ],
        "OPERATOR_NAME_INDICATORS": [
            ",",
            "."
        ],
        "str": "DELIMITER \r",
        "len": 11,
        "last": 11,
        "list": {
            "tokens": [
                {
                    "token": "DELIMITER",
                    "value": "DELIMITER",
                    "keyword": null,
                    "type": 0,
                    "flags": 0,
                    "position": 0
                },
                {
                    "token": " \r",
                    "value": " ",
                    "keyword": null,
                    "type": 3,
                    "flags": 0,
                    "position": 9
                },
                {
                    "token": null,
                    "value": null,
                    "keyword": null,
                    "type": 9,
                    "flags": 0,
                    "position": null
                }
            ],
            "count": 3,
            "idx": 0
        },
        "delimiter": ";",
        "delimiterLen": 1,
        "strict": false,
        "errors": []
    },
    "parser": null,
    "errors": {
        "lexer": [
            [
                "Expected delimiter.",
                "",
                11,
                0
            ]
        ],
        "parser": []
    }
}