{
    "query": "SELECT 'foo', \"bar\", \"foo\\\\ bar\"",
    "lexer": {
        "KEYWORD_NAME_INDICATORS": [
            "FROM",
            "SET",
            "WHERE"
        ],
        "OPERATOR_NAME_INDICATORS": [
            ",",
            "."
        ],
        "str": "SELECT 'foo', \"bar\", \"foo\\\\ bar\"",
        "len": 32,
        "last": 32,
        "list": {
            "tokens": [
                {
                    "token": "SELECT",
                    "value": "SELECT",
                    "keyword": "SELECT",
                    "type": 1,
                    "flags": 3,
                    "position": 0
                },
                {
                    "token": " ",
                    "value": " ",
                    "keyword": null,
                    "type": 3,
                    "flags": 0,
                    "position": 6
                },
                {
                    "token": "'foo'",
                    "value": "foo",
                    "keyword": null,
                    "type": 7,
                    "flags": 1,
                    "position": 7
                },
                {
                    "token": ",",
                    "value": ",",
                    "keyword": null,
                    "type": 2,
                    "flags": 16,
                    "position": 12
                },
                {
                    "token": " ",
                    "value": " ",
                    "keyword": null,
                    "type": 3,
                    "flags": 0,
                    "position": 13
                },
                {
                    "token": "\"bar\"",
                    "value": "bar",
                    "keyword": null,
                    "type": 7,
                    "flags": 2,
                    "position": 14
                },
                {
                    "token": ",",
                    "value": ",",
                    "keyword": null,
                    "type": 2,
                    "flags": 16,
                    "position": 19
                },
                {
                    "token": " ",
                    "value": " ",
                    "keyword": null,
                    "type": 3,
                    "flags": 0,
                    "position": 20
                },
                {
                    "token": "\"foo\\\\ bar\"",
                    "value": "foo\\ bar",
                    "keyword": null,
                    "type": 7,
                    "flags": 2,
                    "position": 21
                },
                {
                    "token": null,
                    "value": null,
                    "keyword": null,
                    "type": 9,
                    "flags": 0,
                    "position": null
                }
            ],
            "count": 10,
            "idx": 0
        },
        "delimiter": ";",
        "delimiterLen": 1,
        "strict": false,
        "errors": []
    },
    "parser": null,
    "errors": {
        "lexer": [],
        "parser": []
    }
}