{
    "query": "SELECT */* comment */\n\nSELECT /* comment */*\n\nSELECT 2*/* comment */3\n\nSELECT 2/* comment */*3\n\nSELECT */*\ncomment\non\nmultiple\nlines\n*/FROM\n\nDELETE foo.*/* foo */ USING\n\nDELETE foo.*/* foo */,bar.*/*bar*/ USING\n\nSELECT `*`/*with comment*/ AS star_field\n\nSELECT `*`,*/*with comment*/\n\nDELETE a.*/*multi\nline /* with C open tag\ncomment inside */ USING\n\nSELECT 2*/* operator */3 + 3/* operator */*2,/* start wildcard */*/* end wildcard */\n\nSELECT `*`/*a*/*/*b*/`*`\n\n-- invalid queries\n/* SELECT */*",
    "lexer": {
        "KEYWORD_NAME_INDICATORS": [
            "FROM",
            "SET",
            "WHERE"
        ],
        "OPERATOR_NAME_INDICATORS": [
            ",",
            "."
        ],
        "str": "SELECT */* comment */\n\nSELECT /* comment */*\n\nSELECT 2*/* comment */3\n\nSELECT 2/* comment */*3\n\nSELECT */*\ncomment\non\nmultiple\nlines\n*/FROM\n\nDELETE foo.*/* foo */ USING\n\nDELETE foo.*/* foo */,bar.*/*bar*/ USING\n\nSELECT `*`/*with comment*/ AS star_field\n\nSELECT `*`,*/*with comment*/\n\nDELETE a.*/*multi\nline /* with C open tag\ncomment inside */ USING\n\nSELECT 2*/* operator */3 + 3/* operator */*2,/* start wildcard */*/* end wildcard */\n\nSELECT `*`/*a*/*/*b*/`*`\n\n-- invalid queries\n/* SELECT */*",
        "len": 495,
        "last": 495,
        "list": {
            "tokens": [
                {
                    "token": "SELECT",
                    "value": "SELECT",
                    "keyword": "SELECT",
                    "type": 1,
                    "flags": 3,
                    "position": 0
                },
                {
                    "token": " ",
                    "value": " ",
                    "keyword": null,
                    "type": 3,
                    "flags": 0,
                    "position": 6
                },
                {
                    "token": "*",
                    "value": "*",
                    "keyword": null,
                    "type": 2,
                    "flags": 1,
                    "position": 7
                },
                {
                    "token": "/* comment */",
                    "value": "/* comment */",
                    "keyword": null,
                    "type": 4,
                    "flags": 2,
                    "position": 8
                },
                {
                    "token": "\n\n",
                    "value": " ",
                    "keyword": null,
                    "type": 3,
                    "flags": 0,
                    "position": 21
                },
                {
                    "token": "SELECT",
                    "value": "SELECT",
                    "keyword": "SELECT",
                    "type": 1,
                    "flags": 3,
                    "position": 23
                },
                {
                    "token": " ",
                    "value": " ",
                    "keyword": null,
                    "type": 3,
                    "flags": 0,
                    "position": 29
                },
                {
                    "token": "/* comment */",
                    "value": "/* comment */",
                    "keyword": null,
                    "type": 4,
                    "flags": 2,
                    "position": 30
                },
                {
                    "token": "*",
                    "value": "*",
                    "keyword": null,
                    "type": 2,
                    "flags": 1,
                    "position": 43
                },
                {
                    "token": "\n\n",
                    "value": " ",
                    "keyword": null,
                    "type": 3,
                    "flags": 0,
                    "position": 44
                },
                {
                    "token": "SELECT",
                    "value": "SELECT",
                    "keyword": "SELECT",
                    "type": 1,
                    "flags": 3,
                    "position": 46
                },
                {
                    "token": " ",
                    "value": " ",
                    "keyword": null,
                    "type": 3,
                    "flags": 0,
                    "position": 52
                },
                {
                    "token": "2",
                    "value": 2,
                    "keyword": null,
                    "type": 6,
                    "flags": 0,
                    "position": 53
                },
                {
                    "token": "*",
                    "value": "*",
                    "keyword": null,
                    "type": 2,
                    "flags": 1,
                    "position": 54
                },
                {
                    "token": "/* comment */",
                    "value": "/* comment */",
                    "keyword": null,
                    "type": 4,
                    "flags": 2,
                    "position": 55
                },
                {
                    "token": "3",
                    "value": 3,
                    "keyword": null,
                    "type": 6,
                    "flags": 0,
                    "position": 68
                },
                {
                    "token": "\n\n",
                    "value": " ",
                    "keyword": null,
                    "type": 3,
                    "flags": 0,
                    "position": 69
                },
                {
                    "token": "SELECT",
                    "value": "SELECT",
                    "keyword": "SELECT",
                    "type": 1,
                    "flags": 3,
                    "position": 71
                },
                {
                    "token": " ",
                    "value": " ",
                    "keyword": null,
                    "type": 3,
                    "flags": 0,
                    "position": 77
                },
                {
                    "token": "2",
                    "value": 2,
                    "keyword": null,
                    "type": 6,
                    "flags": 0,
                    "position": 78
                },
                {
                    "token": "/* comment */",
                    "value": "/* comment */",
                    "keyword": null,
                    "type": 4,
                    "flags": 2,
                    "position": 79
                },
                {
                    "token": "*",
                    "value": "*",
                    "keyword": null,
                    "type": 2,
                    "flags": 1,
                    "position": 92
                },
                {
                    "token": "3",
                    "value": 3,
                    "keyword": null,
                    "type": 6,
                    "flags": 0,
                    "position": 93
                },
                {
                    "token": "\n\n",
                    "value": " ",
                    "keyword": null,
                    "type": 3,
                    "flags": 0,
                    "position": 94
                },
                {
                    "token": "SELECT",
                    "value": "SELECT",
                    "keyword": "SELECT",
                    "type": 1,
                    "flags": 3,
                    "position": 96
                },
                {
                    "token": " ",
                    "value": " ",
                    "keyword": null,
                    "type": 3,
                    "flags": 0,
                    "position": 102
                },
                {
                    "token": "*",
                    "value": "*",
                    "keyword": null,
                    "type": 2,
                    "flags": 16,
                    "position": 103
                },
                {
                    "token": "/*\ncomment\non\nmultiple\nlines\n*/",
                    "value": "/*\ncomment\non\nmultiple\nlines\n*/",
                    "keyword": null,
                    "type": 4,
                    "flags": 2,
                    "position": 104
                },
                {
                    "token": "FROM",
                    "value": "FROM",
                    "keyword": "FROM",
                    "type": 1,
                    "flags": 3,
                    "position": 135
                },
                {
                    "token": "\n\n",
                    "value": " ",
                    "keyword": null,
                    "type": 3,
                    "flags": 0,
                    "position": 139
                },
                {
                    "token": "DELETE",
                    "value": "DELETE",
                    "keyword": "DELETE",
                    "type": 1,
                    "flags": 3,
                    "position": 141
                },
                {
                    "token": " ",
                    "value": " ",
                    "keyword": null,
                    "type": 3,
                    "flags": 0,
                    "position": 147
                },
                {
                    "token": "foo",
                    "value": "foo",
                    "keyword": null,
                    "type": 0,
                    "flags": 0,
                    "position": 148
                },
                {
                    "token": ".",
                    "value": ".",
                    "keyword": null,
                    "type": 2,
                    "flags": 16,
                    "position": 151
                },
                {
                    "token": "*",
                    "value": "*",
                    "keyword": null,
                    "type": 2,
                    "flags": 16,
                    "position": 152
                },
                {
                    "token": "/* foo */",
                    "value": "/* foo */",
                    "keyword": null,
                    "type": 4,
                    "flags": 2,
                    "position": 153
                },
                {
                    "token": " ",
                    "value": " ",
                    "keyword": null,
                    "type": 3,
                    "flags": 0,
                    "position": 162
                },
                {
                    "token": "USING",
                    "value": "USING",
                    "keyword": "USING",
                    "type": 1,
                    "flags": 3,
                    "position": 163
                },
                {
                    "token": "\n\n",
                    "value": " ",
                    "keyword": null,
                    "type": 3,
                    "flags": 0,
                    "position": 168
                },
                {
                    "token": "DELETE",
                    "value": "DELETE",
                    "keyword": "DELETE",
                    "type": 1,
                    "flags": 3,
                    "position": 170
                },
                {
                    "token": " ",
                    "value": " ",
                    "keyword": null,
                    "type": 3,
                    "flags": 0,
                    "position": 176
                },
                {
                    "token": "foo",
                    "value": "foo",
                    "keyword": null,
                    "type": 0,
                    "flags": 0,
                    "position": 177
                },
                {
                    "token": ".",
                    "value": ".",
                    "keyword": null,
                    "type": 2,
                    "flags": 16,
                    "position": 180
                },
                {
                    "token": "*",
                    "value": "*",
                    "keyword": null,
                    "type": 2,
                    "flags": 16,
                    "position": 181
                },
                {
                    "token": "/* foo */",
                    "value": "/* foo */",
                    "keyword": null,
                    "type": 4,
                    "flags": 2,
                    "position": 182
                },
                {
                    "token": ",",
                    "value": ",",
                    "keyword": null,
                    "type": 2,
                    "flags": 16,
                    "position": 191
                },
                {
                    "token": "bar",
                    "value": "bar",
                    "keyword": null,
                    "type": 0,
                    "flags": 0,
                    "position": 192
                },
                {
                    "token": ".",
                    "value": ".",
                    "keyword": null,
                    "type": 2,
                    "flags": 16,
                    "position": 195
                },
                {
                    "token": "*",
                    "value": "*",
                    "keyword": null,
                    "type": 2,
                    "flags": 16,
                    "position": 196
                },
                {
                    "token": "/*bar*/",
                    "value": "/*bar*/",
                    "keyword": null,
                    "type": 4,
                    "flags": 2,
                    "position": 197
                },
                {
                    "token": " ",
                    "value": " ",
                    "keyword": null,
                    "type": 3,
                    "flags": 0,
                    "position": 204
                },
                {
                    "token": "USING",
                    "value": "USING",
                    "keyword": "USING",
                    "type": 1,
                    "flags": 3,
                    "position": 205
                },
                {
                    "token": "\n\n",
                    "value": " ",
                    "keyword": null,
                    "type": 3,
                    "flags": 0,
                    "position": 210
                },
                {
                    "token": "SELECT",
                    "value": "SELECT",
                    "keyword": "SELECT",
                    "type": 1,
                    "flags": 3,
                    "position": 212
                },
                {
                    "token": " ",
                    "value": " ",
                    "keyword": null,
                    "type": 3,
                    "flags": 0,
                    "position": 218
                },
                {
                    "token": "`*`",
                    "value": "*",
                    "keyword": null,
                    "type": 8,
                    "flags": 2,
                    "position": 219
                },
                {
                    "token": "/*with comment*/",
                    "value": "/*with comment*/",
                    "keyword": null,
                    "type": 4,
                    "flags": 2,
                    "position": 222
                },
                {
                    "token": " ",
                    "value": " ",
                    "keyword": null,
                    "type": 3,
                    "flags": 0,
                    "position": 238
                },
                {
                    "token": "AS",
                    "value": "AS",
                    "keyword": "AS",
                    "type": 1,
                    "flags": 3,
                    "position": 239
                },
                {
                    "token": " ",
                    "value": " ",
                    "keyword": null,
                    "type": 3,
                    "flags": 0,
                    "position": 241
                },
                {
                    "token": "star_field",
                    "value": "star_field",
                    "keyword": null,
                    "type": 0,
                    "flags": 0,
                    "position": 242
                },
                {
                    "token": "\n\n",
                    "value": " ",
                    "keyword": null,
                    "type": 3,
                    "flags": 0,
                    "position": 252
                },
                {
                    "token": "SELECT",
                    "value": "SELECT",
                    "keyword": "SELECT",
                    "type": 1,
                    "flags": 3,
                    "position": 254
                },
                {
                    "token": " ",
                    "value": " ",
                    "keyword": null,
                    "type": 3,
                    "flags": 0,
                    "position": 260
                },
                {
                    "token": "`*`",
                    "value": "*",
                    "keyword": null,
                    "type": 8,
                    "flags": 2,
                    "position": 261
                },
                {
                    "token": ",",
                    "value": ",",
                    "keyword": null,
                    "type": 2,
                    "flags": 16,
                    "position": 264
                },
                {
                    "token": "*",
                    "value": "*",
                    "keyword": null,
                    "type": 2,
                    "flags": 1,
                    "position": 265
                },
                {
                    "token": "/*with comment*/",
                    "value": "/*with comment*/",
                    "keyword": null,
                    "type": 4,
                    "flags": 2,
                    "position": 266
                },
                {
                    "token": "\n\n",
                    "value": " ",
                    "keyword": null,
                    "type": 3,
                    "flags": 0,
                    "position": 282
                },
                {
                    "token": "DELETE",
                    "value": "DELETE",
                    "keyword": "DELETE",
                    "type": 1,
                    "flags": 3,
                    "position": 284
                },
                {
                    "token": " ",
                    "value": " ",
                    "keyword": null,
                    "type": 3,
                    "flags": 0,
                    "position": 290
                },
                {
                    "token": "a",
                    "value": "a",
                    "keyword": null,
                    "type": 0,
                    "flags": 0,
                    "position": 291
                },
                {
                    "token": ".",
                    "value": ".",
                    "keyword": null,
                    "type": 2,
                    "flags": 16,
                    "position": 292
                },
                {
                    "token": "*",
                    "value": "*",
                    "keyword": null,
                    "type": 2,
                    "flags": 16,
                    "position": 293
                },
                {
                    "token": "/*multi\nline /* with C open tag\ncomment inside */",
                    "value": "/*multi\nline /* with C open tag\ncomment inside */",
                    "keyword": null,
                    "type": 4,
                    "flags": 2,
                    "position": 294
                },
                {
                    "token": " ",
                    "value": " ",
                    "keyword": null,
                    "type": 3,
                    "flags": 0,
                    "position": 343
                },
                {
                    "token": "USING",
                    "value": "USING",
                    "keyword": "USING",
                    "type": 1,
                    "flags": 3,
                    "position": 344
                },
                {
                    "token": "\n\n",
                    "value": " ",
                    "keyword": null,
                    "type": 3,
                    "flags": 0,
                    "position": 349
                },
                {
                    "token": "SELECT",
                    "value": "SELECT",
                    "keyword": "SELECT",
                    "type": 1,
                    "flags": 3,
                    "position": 351
                },
                {
                    "token": " ",
                    "value": " ",
                    "keyword": null,
                    "type": 3,
                    "flags": 0,
                    "position": 357
                },
                {
                    "token": "2",
                    "value": 2,
                    "keyword": null,
                    "type": 6,
                    "flags": 0,
                    "position": 358
                },
                {
                    "token": "*",
                    "value": "*",
                    "keyword": null,
                    "type": 2,
                    "flags": 1,
                    "position": 359
                },
                {
                    "token": "/* operator */",
                    "value": "/* operator */",
                    "keyword": null,
                    "type": 4,
                    "flags": 2,
                    "position": 360
                },
                {
                    "token": "3",
                    "value": 3,
                    "keyword": null,
                    "type": 6,
                    "flags": 0,
                    "position": 374
                },
                {
                    "token": " ",
                    "value": " ",
                    "keyword": null,
                    "type": 3,
                    "flags": 0,
                    "position": 375
                },
                {
                    "token": "+",
                    "value": "+",
                    "keyword": null,
                    "type": 2,
                    "flags": 1,
                    "position": 376
                },
                {
                    "token": " ",
                    "value": " ",
                    "keyword": null,
                    "type": 3,
                    "flags": 0,
                    "position": 377
                },
                {
                    "token": "3",
                    "value": 3,
                    "keyword": null,
                    "type": 6,
                    "flags": 0,
                    "position": 378
                },
                {
                    "token": "/* operator */",
                    "value": "/* operator */",
                    "keyword": null,
                    "type": 4,
                    "flags": 2,
                    "position": 379
                },
                {
                    "token": "*",
                    "value": "*",
                    "keyword": null,
                    "type": 2,
                    "flags": 1,
                    "position": 393
                },
                {
                    "token": "2",
                    "value": 2,
                    "keyword": null,
                    "type": 6,
                    "flags": 0,
                    "position": 394
                },
                {
                    "token": ",",
                    "value": ",",
                    "keyword": null,
                    "type": 2,
                    "flags": 16,
                    "position": 395
                },
                {
                    "token": "/* start wildcard */",
                    "value": "/* start wildcard */",
                    "keyword": null,
                    "type": 4,
                    "flags": 2,
                    "position": 396
                },
                {
                    "token": "*",
                    "value": "*",
                    "keyword": null,
                    "type": 2,
                    "flags": 1,
                    "position": 416
                },
                {
                    "token": "/* end wildcard */",
                    "value": "/* end wildcard */",
                    "keyword": null,
                    "type": 4,
                    "flags": 2,
                    "position": 417
                },
                {
                    "token": "\n\n",
                    "value": " ",
                    "keyword": null,
                    "type": 3,
                    "flags": 0,
                    "position": 435
                },
                {
                    "token": "SELECT",
                    "value": "SELECT",
                    "keyword": "SELECT",
                    "type": 1,
                    "flags": 3,
                    "position": 437
                },
                {
                    "token": " ",
                    "value": " ",
                    "keyword": null,
                    "type": 3,
                    "flags": 0,
                    "position": 443
                },
                {
                    "token": "`*`",
                    "value": "*",
                    "keyword": null,
                    "type": 8,
                    "flags": 2,
                    "position": 444
                },
                {
                    "token": "/*a*/",
                    "value": "/*a*/",
                    "keyword": null,
                    "type": 4,
                    "flags": 2,
                    "position": 447
                },
                {
                    "token": "*",
                    "value": "*",
                    "keyword": null,
                    "type": 2,
                    "flags": 1,
                    "position": 452
                },
                {
                    "token": "/*b*/",
                    "value": "/*b*/",
                    "keyword": null,
                    "type": 4,
                    "flags": 2,
                    "position": 453
                },
                {
                    "token": "`*`",
                    "value": "*",
                    "keyword": null,
                    "type": 8,
                    "flags": 2,
                    "position": 458
                },
                {
                    "token": "\n\n",
                    "value": " ",
                    "keyword": null,
                    "type": 3,
                    "flags": 0,
                    "position": 461
                },
                {
                    "token": "-- invalid queries",
                    "value": "-- invalid queries",
                    "keyword": null,
                    "type": 4,
                    "flags": 4,
                    "position": 463
                },
                {
                    "token": "\n",
                    "value": " ",
                    "keyword": null,
                    "type": 3,
                    "flags": 0,
                    "position": 481
                },
                {
                    "token": "/* SELECT */",
                    "value": "/* SELECT */",
                    "keyword": null,
                    "type": 4,
                    "flags": 2,
                    "position": 482
                },
                {
                    "token": "*",
                    "value": "*",
                    "keyword": null,
                    "type": 2,
                    "flags": 1,
                    "position": 494
                },
                {
                    "token": null,
                    "value": null,
                    "keyword": null,
                    "type": 9,
                    "flags": 0,
                    "position": null
                }
            ],
            "count": 109,
            "idx": 0
        },
        "delimiter": ";",
        "delimiterLen": 1,
        "strict": false,
        "errors": []
    },
    "parser": null,
    "errors": {
        "lexer": [],
        "parser": []
    }
}