{
    "query": "ALTER TABLE myTable RENAME COLUMN a TO b,\n                    RENAME COLUMN b TO c,\n                    RENAME COLUMN c TO d,\n                    RENAME COLUMN d TO a;\n",
    "lexer": {
        "KEYWORD_NAME_INDICATORS": [
            "FROM",
            "SET",
            "WHERE"
        ],
        "OPERATOR_NAME_INDICATORS": [
            ",",
            "."
        ],
        "str": "ALTER TABLE myTable RENAME COLUMN a TO b,\n                    RENAME COLUMN b TO c,\n                    RENAME COLUMN c TO d,\n                    RENAME COLUMN d TO a;\n",
        "len": 168,
        "last": 168,
        "list": {
            "tokens": [
                {
                    "token": "ALTER",
                    "value": "ALTER",
                    "keyword": "ALTER",
                    "type": 1,
                    "flags": 3,
                    "position": 0
                },
                {
                    "token": " ",
                    "value": " ",
                    "keyword": null,
                    "type": 3,
                    "flags": 0,
                    "position": 5
                },
                {
                    "token": "TABLE",
                    "value": "TABLE",
                    "keyword": "TABLE",
                    "type": 1,
                    "flags": 3,
                    "position": 6
                },
                {
                    "token": " ",
                    "value": " ",
                    "keyword": null,
                    "type": 3,
                    "flags": 0,
                    "position": 11
                },
                {
                    "token": "myTable",
                    "value": "myTable",
                    "keyword": null,
                    "type": 0,
                    "flags": 0,
                    "position": 12
                },
                {
                    "token": " ",
                    "value": " ",
                    "keyword": null,
                    "type": 3,
                    "flags": 0,
                    "position": 19
                },
                {
                    "token": "RENAME",
                    "value": "RENAME",
                    "keyword": "RENAME",
                    "type": 1,
                    "flags": 3,
                    "position": 20
                },
                {
                    "token": " ",
                    "value": " ",
                    "keyword": null,
                    "type": 3,
                    "flags": 0,
                    "position": 26
                },
                {
                    "token": "COLUMN",
                    "value": "COLUMN",
                    "keyword": "COLUMN",
                    "type": 1,
                    "flags": 3,
                    "position": 27
                },
                {
                    "token": " ",
                    "value": " ",
                    "keyword": null,
                    "type": 3,
                    "flags": 0,
                    "position": 33
                },
                {
                    "token": "a",
                    "value": "a",
                    "keyword": null,
                    "type": 0,
                    "flags": 0,
                    "position": 34
                },
                {
                    "token": " ",
                    "value": " ",
                    "keyword": null,
                    "type": 3,
                    "flags": 0,
                    "position": 35
                },
                {
                    "token": "TO",
                    "value": "TO",
                    "keyword": "TO",
                    "type": 1,
                    "flags": 3,
                    "position": 36
                },
                {
                    "token": " ",
                    "value": " ",
                    "keyword": null,
                    "type": 3,
                    "flags": 0,
                    "position": 38
                },
                {
                    "token": "b",
                    "value": "b",
                    "keyword": null,
                    "type": 0,
                    "flags": 0,
                    "position": 39
                },
                {
                    "token": ",",
                    "value": ",",
                    "keyword": null,
                    "type": 2,
                    "flags": 16,
                    "position": 40
                },
                {
                    "token": "\n                    ",
                    "value": " ",
                    "keyword": null,
                    "type": 3,
                    "flags": 0,
                    "position": 41
                },
                {
                    "token": "RENAME",
                    "value": "RENAME",
                    "keyword": "RENAME",
                    "type": 1,
                    "flags": 3,
                    "position": 62
                },
                {
                    "token": " ",
                    "value": " ",
                    "keyword": null,
                    "type": 3,
                    "flags": 0,
                    "position": 68
                },
                {
                    "token": "COLUMN",
                    "value": "COLUMN",
                    "keyword": "COLUMN",
                    "type": 1,
                    "flags": 3,
                    "position": 69
                },
                {
                    "token": " ",
                    "value": " ",
                    "keyword": null,
                    "type": 3,
                    "flags": 0,
                    "position": 75
                },
                {
                    "token": "b",
                    "value": "b",
                    "keyword": null,
                    "type": 0,
                    "flags": 0,
                    "position": 76
                },
                {
                    "token": " ",
                    "value": " ",
                    "keyword": null,
                    "type": 3,
                    "flags": 0,
                    "position": 77
                },
                {
                    "token": "TO",
                    "value": "TO",
                    "keyword": "TO",
                    "type": 1,
                    "flags": 3,
                    "position": 78
                },
                {
                    "token": " ",
                    "value": " ",
                    "keyword": null,
                    "type": 3,
                    "flags": 0,
                    "position": 80
                },
                {
                    "token": "c",
                    "value": "c",
                    "keyword": null,
                    "type": 0,
                    "flags": 0,
                    "position": 81
                },
                {
                    "token": ",",
                    "value": ",",
                    "keyword": null,
                    "type": 2,
                    "flags": 16,
                    "position": 82
                },
                {
                    "token": "\n                    ",
                    "value": " ",
                    "keyword": null,
                    "type": 3,
                    "flags": 0,
                    "position": 83
                },
                {
                    "token": "RENAME",
                    "value": "RENAME",
                    "keyword": "RENAME",
                    "type": 1,
                    "flags": 3,
                    "position": 104
                },
                {
                    "token": " ",
                    "value": " ",
                    "keyword": null,
                    "type": 3,
                    "flags": 0,
                    "position": 110
                },
                {
                    "token": "COLUMN",
                    "value": "COLUMN",
                    "keyword": "COLUMN",
                    "type": 1,
                    "flags": 3,
                    "position": 111
                },
                {
                    "token": " ",
                    "value": " ",
                    "keyword": null,
                    "type": 3,
                    "flags": 0,
                    "position": 117
                },
                {
                    "token": "c",
                    "value": "c",
                    "keyword": null,
                    "type": 0,
                    "flags": 0,
                    "position": 118
                },
                {
                    "token": " ",
                    "value": " ",
                    "keyword": null,
                    "type": 3,
                    "flags": 0,
                    "position": 119
                },
                {
                    "token": "TO",
                    "value": "TO",
                    "keyword": "TO",
                    "type": 1,
                    "flags": 3,
                    "position": 120
                },
                {
                    "token": " ",
                    "value": " ",
                    "keyword": null,
                    "type": 3,
                    "flags": 0,
                    "position": 122
                },
                {
                    "token": "d",
                    "value": "d",
                    "keyword": null,
                    "type": 0,
                    "flags": 0,
                    "position": 123
                },
                {
                    "token": ",",
                    "value": ",",
                    "keyword": null,
                    "type": 2,
                    "flags": 16,
                    "position": 124
                },
                {
                    "token": "\n                    ",
                    "value": " ",
                    "keyword": null,
                    "type": 3,
                    "flags": 0,
                    "position": 125
                },
                {
                    "token": "RENAME",
                    "value": "RENAME",
                    "keyword": "RENAME",
                    "type": 1,
                    "flags": 3,
                    "position": 146
                },
                {
                    "token": " ",
                    "value": " ",
                    "keyword": null,
                    "type": 3,
                    "flags": 0,
                    "position": 152
                },
                {
                    "token": "COLUMN",
                    "value": "COLUMN",
                    "keyword": "COLUMN",
                    "type": 1,
                    "flags": 3,
                    "position": 153
                },
                {
                    "token": " ",
                    "value": " ",
                    "keyword": null,
                    "type": 3,
                    "flags": 0,
                    "position": 159
                },
                {
                    "token": "d",
                    "value": "d",
                    "keyword": null,
                    "type": 0,
                    "flags": 0,
                    "position": 160
                },
                {
                    "token": " ",
                    "value": " ",
                    "keyword": null,
                    "type": 3,
                    "flags": 0,
                    "position": 161
                },
                {
                    "token": "TO",
                    "value": "TO",
                    "keyword": "TO",
                    "type": 1,
                    "flags": 3,
                    "position": 162
                },
                {
                    "token": " ",
                    "value": " ",
                    "keyword": null,
                    "type": 3,
                    "flags": 0,
                    "position": 164
                },
                {
                    "token": "a",
                    "value": "a",
                    "keyword": null,
                    "type": 0,
                    "flags": 0,
                    "position": 165
                },
                {
                    "token": ";",
                    "value": ";",
                    "keyword": null,
                    "type": 9,
                    "flags": 0,
                    "position": 166
                },
                {
                    "token": "\n",
                    "value": " ",
                    "keyword": null,
                    "type": 3,
                    "flags": 0,
                    "position": 167
                },
                {
                    "token": null,
                    "value": null,
                    "keyword": null,
                    "type": 9,
                    "flags": 0,
                    "position": null
                }
            ],
            "count": 51,
            "idx": 51
        },
        "delimiter": ";",
        "delimiterLen": 1,
        "strict": false,
        "errors": []
    },
    "parser": {
        "list": {
            "tokens": [
                {
                    "token": "ALTER",
                    "value": "ALTER",
                    "keyword": "ALTER",
                    "type": 1,
                    "flags": 3,
                    "position": 0
                },
                {
                    "token": " ",
                    "value": " ",
                    "keyword": null,
                    "type": 3,
                    "flags": 0,
                    "position": 5
                },
                {
                    "token": "TABLE",
                    "value": "TABLE",
                    "keyword": "TABLE",
                    "type": 1,
                    "flags": 3,
                    "position": 6
                },
                {
                    "token": " ",
                    "value": " ",
                    "keyword": null,
                    "type": 3,
                    "flags": 0,
                    "position": 11
                },
                {
                    "token": "myTable",
                    "value": "myTable",
                    "keyword": null,
                    "type": 0,
                    "flags": 0,
                    "position": 12
                },
                {
                    "token": " ",
                    "value": " ",
                    "keyword": null,
                    "type": 3,
                    "flags": 0,
                    "position": 19
                },
                {
                    "token": "RENAME",
                    "value": "RENAME",
                    "keyword": "RENAME",
                    "type": 1,
                    "flags": 3,
                    "position": 20
                },
                {
                    "token": " ",
                    "value": " ",
                    "keyword": null,
                    "type": 3,
                    "flags": 0,
                    "position": 26
                },
                {
                    "token": "COLUMN",
                    "value": "COLUMN",
                    "keyword": "COLUMN",
                    "type": 1,
                    "flags": 3,
                    "position": 27
                },
                {
                    "token": " ",
                    "value": " ",
                    "keyword": null,
                    "type": 3,
                    "flags": 0,
                    "position": 33
                },
                {
                    "token": "a",
                    "value": "a",
                    "keyword": null,
                    "type": 0,
                    "flags": 0,
                    "position": 34
                },
                {
                    "token": " ",
                    "value": " ",
                    "keyword": null,
                    "type": 3,
                    "flags": 0,
                    "position": 35
                },
                {
                    "token": "TO",
                    "value": "TO",
                    "keyword": "TO",
                    "type": 1,
                    "flags": 3,
                    "position": 36
                },
                {
                    "token": " ",
                    "value": " ",
                    "keyword": null,
                    "type": 3,
                    "flags": 0,
                    "position": 38
                },
                {
                    "token": "b",
                    "value": "b",
                    "keyword": null,
                    "type": 0,
                    "flags": 0,
                    "position": 39
                },
                {
                    "token": ",",
                    "value": ",",
                    "keyword": null,
                    "type": 2,
                    "flags": 16,
                    "position": 40
                },
                {
                    "token": "\n                    ",
                    "value": " ",
                    "keyword": null,
                    "type": 3,
                    "flags": 0,
                    "position": 41
                },
                {
                    "token": "RENAME",
                    "value": "RENAME",
                    "keyword": "RENAME",
                    "type": 1,
                    "flags": 3,
                    "position": 62
                },
                {
                    "token": " ",
                    "value": " ",
                    "keyword": null,
                    "type": 3,
                    "flags": 0,
                    "position": 68
                },
                {
                    "token": "COLUMN",
                    "value": "COLUMN",
                    "keyword": "COLUMN",
                    "type": 1,
                    "flags": 3,
                    "position": 69
                },
                {
                    "token": " ",
                    "value": " ",
                    "keyword": null,
                    "type": 3,
                    "flags": 0,
                    "position": 75
                },
                {
                    "token": "b",
                    "value": "b",
                    "keyword": null,
                    "type": 0,
                    "flags": 0,
                    "position": 76
                },
                {
                    "token": " ",
                    "value": " ",
                    "keyword": null,
                    "type": 3,
                    "flags": 0,
                    "position": 77
                },
                {
                    "token": "TO",
                    "value": "TO",
                    "keyword": "TO",
                    "type": 1,
                    "flags": 3,
                    "position": 78
                },
                {
                    "token": " ",
                    "value": " ",
                    "keyword": null,
                    "type": 3,
                    "flags": 0,
                    "position": 80
                },
                {
                    "token": "c",
                    "value": "c",
                    "keyword": null,
                    "type": 0,
                    "flags": 0,
                    "position": 81
                },
                {
                    "token": ",",
                    "value": ",",
                    "keyword": null,
                    "type": 2,
                    "flags": 16,
                    "position": 82
                },
                {
                    "token": "\n                    ",
                    "value": " ",
                    "keyword": null,
                    "type": 3,
                    "flags": 0,
                    "position": 83
                },
                {
                    "token": "RENAME",
                    "value": "RENAME",
                    "keyword": "RENAME",
                    "type": 1,
                    "flags": 3,
                    "position": 104
                },
                {
                    "token": " ",
                    "value": " ",
                    "keyword": null,
                    "type": 3,
                    "flags": 0,
                    "position": 110
                },
                {
                    "token": "COLUMN",
                    "value": "COLUMN",
                    "keyword": "COLUMN",
                    "type": 1,
                    "flags": 3,
                    "position": 111
                },
                {
                    "token": " ",
                    "value": " ",
                    "keyword": null,
                    "type": 3,
                    "flags": 0,
                    "position": 117
                },
                {
                    "token": "c",
                    "value": "c",
                    "keyword": null,
                    "type": 0,
                    "flags": 0,
                    "position": 118
                },
                {
                    "token": " ",
                    "value": " ",
                    "keyword": null,
                    "type": 3,
                    "flags": 0,
                    "position": 119
                },
                {
                    "token": "TO",
                    "value": "TO",
                    "keyword": "TO",
                    "type": 1,
                    "flags": 3,
                    "position": 120
                },
                {
                    "token": " ",
                    "value": " ",
                    "keyword": null,
                    "type": 3,
                    "flags": 0,
                    "position": 122
                },
                {
                    "token": "d",
                    "value": "d",
                    "keyword": null,
                    "type": 0,
                    "flags": 0,
                    "position": 123
                },
                {
                    "token": ",",
                    "value": ",",
                    "keyword": null,
                    "type": 2,
                    "flags": 16,
                    "position": 124
                },
                {
                    "token": "\n                    ",
                    "value": " ",
                    "keyword": null,
                    "type": 3,
                    "flags": 0,
                    "position": 125
                },
                {
                    "token": "RENAME",
                    "value": "RENAME",
                    "keyword": "RENAME",
                    "type": 1,
                    "flags": 3,
                    "position": 146
                },
                {
                    "token": " ",
                    "value": " ",
                    "keyword": null,
                    "type": 3,
                    "flags": 0,
                    "position": 152
                },
                {
                    "token": "COLUMN",
                    "value": "COLUMN",
                    "keyword": "COLUMN",
                    "type": 1,
                    "flags": 3,
                    "position": 153
                },
                {
                    "token": " ",
                    "value": " ",
                    "keyword": null,
                    "type": 3,
                    "flags": 0,
                    "position": 159
                },
                {
                    "token": "d",
                    "value": "d",
                    "keyword": null,
                    "type": 0,
                    "flags": 0,
                    "position": 160
                },
                {
                    "token": " ",
                    "value": " ",
                    "keyword": null,
                    "type": 3,
                    "flags": 0,
                    "position": 161
                },
                {
                    "token": "TO",
                    "value": "TO",
                    "keyword": "TO",
                    "type": 1,
                    "flags": 3,
                    "position": 162
                },
                {
                    "token": " ",
                    "value": " ",
                    "keyword": null,
                    "type": 3,
                    "flags": 0,
                    "position": 164
                },
                {
                    "token": "a",
                    "value": "a",
                    "keyword": null,
                    "type": 0,
                    "flags": 0,
                    "position": 165
                },
                {
                    "token": ";",
                    "value": ";",
                    "keyword": null,
                    "type": 9,
                    "flags": 0,
                    "position": 166
                },
                {
                    "token": "\n",
                    "value": " ",
                    "keyword": null,
                    "type": 3,
                    "flags": 0,
                    "position": 167
                },
                {
                    "token": null,
                    "value": null,
                    "keyword": null,
                    "type": 9,
                    "flags": 0,
                    "position": null
                }
            ],
            "count": 51,
            "idx": 51
        },
        "statements": [
            {
                "table": {
                    "database": null,
                    "table": "myTable",
                    "column": null,
                    "expr": "myTable",
                    "alias": null,
                    "function": null,
                    "subquery": null
                },
                "altered": [
                    {
                        "options": {
                            "options": [
                                "RENAME",
                                "COLUMN",
                                {
                                    "name": "TO",
                                    "equals": false,
                                    "expr": "b",
                                    "value": "b"
                                }
                            ]
                        },
                        "field": {
                            "database": null,
                            "table": null,
                            "column": "a",
                            "expr": "a",
                            "alias": null,
                            "function": null,
                            "subquery": null
                        },
                        "partitions": null,
                        "unknown": []
                    },
                    {
                        "options": {
                            "options": [
                                "RENAME",
                                "COLUMN",
                                {
                                    "name": "TO",
                                    "equals": false,
                                    "expr": "c",
                                    "value": "c"
                                }
                            ]
                        },
                        "field": {
                            "database": null,
                            "table": null,
                            "column": "b",
                            "expr": "b",
                            "alias": null,
                            "function": null,
                            "subquery": null
                        },
                        "partitions": null,
                        "unknown": []
                    },
                    {
                        "options": {
                            "options": [
                                "RENAME",
                                "COLUMN",
                                {
                                    "name": "TO",
                                    "equals": false,
                                    "expr": "d",
                                    "value": "d"
                                }
                            ]
                        },
                        "field": {
                            "database": null,
                            "table": null,
                            "column": "c",
                            "expr": "c",
                            "alias": null,
                            "function": null,
                            "subquery": null
                        },
                        "partitions": null,
                        "unknown": []
                    },
                    {
                        "options": {
                            "options": [
                                "RENAME",
                                "COLUMN",
                                {
                                    "name": "TO",
                                    "equals": false,
                                    "expr": "a",
                                    "value": "a"
                                }
                            ]
                        },
                        "field": {
                            "database": null,
                            "table": null,
                            "column": "d",
                            "expr": "d",
                            "alias": null,
                            "function": null,
                            "subquery": null
                        },
                        "partitions": null,
                        "unknown": []
                    }
                ],
                "options": {
                    "options": {
                        "3": "TABLE"
                    }
                },
                "first": 0,
                "last": 48
            }
        ],
        "brackets": 0,
        "strict": false,
        "errors": []
    },
    "errors": {
        "lexer": [],
        "parser": []
    }
}