{
    "query": "ANALYZE SELECT * FROM orders",
    "lexer": {
        "KEYWORD_NAME_INDICATORS": [
            "FROM",
            "SET",
            "WHERE"
        ],
        "OPERATOR_NAME_INDICATORS": [
            ",",
            "."
        ],
        "str": "ANALYZE SELECT * FROM orders",
        "len": 28,
        "last": 28,
        "list": {
            "tokens": [
                {
                    "token": "ANALYZE",
                    "value": "ANALYZE",
                    "keyword": "ANALYZE",
                    "type": 1,
                    "flags": 3,
                    "position": 0
                },
                {
                    "token": " ",
                    "value": " ",
                    "keyword": null,
                    "type": 3,
                    "flags": 0,
                    "position": 7
                },
                {
                    "token": "SELECT",
                    "value": "SELECT",
                    "keyword": "SELECT",
                    "type": 1,
                    "flags": 3,
                    "position": 8
                },
                {
                    "token": " ",
                    "value": " ",
                    "keyword": null,
                    "type": 3,
                    "flags": 0,
                    "position": 14
                },
                {
                    "token": "*",
                    "value": "*",
                    "keyword": null,
                    "type": 2,
                    "flags": 16,
                    "position": 15
                },
                {
                    "token": " ",
                    "value": " ",
                    "keyword": null,
                    "type": 3,
                    "flags": 0,
                    "position": 16
                },
                {
                    "token": "FROM",
                    "value": "FROM",
                    "keyword": "FROM",
                    "type": 1,
                    "flags": 3,
                    "position": 17
                },
                {
                    "token": " ",
                    "value": " ",
                    "keyword": null,
                    "type": 3,
                    "flags": 0,
                    "position": 21
                },
                {
                    "token": "orders",
                    "value": "orders",
                    "keyword": null,
                    "type": 0,
                    "flags": 0,
                    "position": 22
                },
                {
                    "token": null,
                    "value": null,
                    "keyword": null,
                    "type": 9,
                    "flags": 0,
                    "position": null
                }
            ],
            "count": 10,
            "idx": 10
        },
        "delimiter": ";",
        "delimiterLen": 1,
        "strict": false,
        "errors": []
    },
    "parser": {
        "list": {
            "tokens": [
                {
                    "token": "ANALYZE",
                    "value": "ANALYZE",
                    "keyword": "ANALYZE",
                    "type": 1,
                    "flags": 3,
                    "position": 0
                },
                {
                    "token": " ",
                    "value": " ",
                    "keyword": null,
                    "type": 3,
                    "flags": 0,
                    "position": 7
                },
                {
                    "token": "SELECT",
                    "value": "SELECT",
                    "keyword": "SELECT",
                    "type": 1,
                    "flags": 3,
                    "position": 8
                },
                {
                    "token": " ",
                    "value": " ",
                    "keyword": null,
                    "type": 3,
                    "flags": 0,
                    "position": 14
                },
                {
                    "token": "*",
                    "value": "*",
                    "keyword": null,
                    "type": 2,
                    "flags": 16,
                    "position": 15
                },
                {
                    "token": " ",
                    "value": " ",
                    "keyword": null,
                    "type": 3,
                    "flags": 0,
                    "position": 16
                },
                {
                    "token": "FROM",
                    "value": "FROM",
                    "keyword": "FROM",
                    "type": 1,
                    "flags": 3,
                    "position": 17
                },
                {
                    "token": " ",
                    "value": " ",
                    "keyword": null,
                    "type": 3,
                    "flags": 0,
                    "position": 21
                },
                {
                    "token": "orders",
                    "value": "orders",
                    "keyword": null,
                    "type": 0,
                    "flags": 0,
                    "position": 22
                },
                {
                    "token": null,
                    "value": null,
                    "keyword": null,
                    "type": 9,
                    "flags": 0,
                    "position": null
                }
            ],
            "count": 10,
            "idx": 10
        },
        "statements": [
            {
                "bodyParser": {
                    "list": {
                        "tokens": [
                            {
                                "token": "SELECT",
                                "value": "SELECT",
                                "keyword": "SELECT",
                                "type": 1,
                                "flags": 3,
                                "position": 8
                            },
                            {
                                "token": " ",
                                "value": " ",
                                "keyword": null,
                                "type": 3,
                                "flags": 0,
                                "position": 14
                            },
                            {
                                "token": "*",
                                "value": "*",
                                "keyword": null,
                                "type": 2,
                                "flags": 16,
                                "position": 15
                            },
                            {
                                "token": " ",
                                "value": " ",
                                "keyword": null,
                                "type": 3,
                                "flags": 0,
                                "position": 16
                            },
                            {
                                "token": "FROM",
                                "value": "FROM",
                                "keyword": "FROM",
                                "type": 1,
                                "flags": 3,
                                "position": 17
                            },
                            {
                                "token": " ",
                                "value": " ",
                                "keyword": null,
                                "type": 3,
                                "flags": 0,
                                "position": 21
                            },
                            {
                                "token": "orders",
                                "value": "orders",
                                "keyword": null,
                                "type": 0,
                                "flags": 0,
                                "position": 22
                            },
                            {
                                "token": null,
                                "value": null,
                                "keyword": null,
                                "type": 9,
                                "flags": 0,
                                "position": null
                            }
                        ],
                        "count": 8,
                        "idx": 8
                    },
                    "statements": [
                        {
                            "expr": [
                                {
                                    "database": null,
                                    "table": null,
                                    "column": null,
                                    "expr": "*",
                                    "alias": null,
                                    "function": null,
                                    "subquery": null
                                }
                            ],
                            "from": [
                                {
                                    "database": null,
                                    "table": "orders",
                                    "column": null,
                                    "expr": "orders",
                                    "alias": null,
                                    "function": null,
                                    "subquery": null
                                }
                            ],
                            "index_hints": null,
                            "partition": null,
                            "where": null,
                            "group": null,
                            "group_options": null,
                            "having": null,
                            "order": null,
                            "limit": null,
                            "procedure": null,
                            "into": null,
                            "join": null,
                            "union": [],
                            "end_options": null,
                            "options": {
                                "options": []
                            },
                            "first": 0,
                            "last": 6
                        }
                    ],
                    "brackets": 0,
                    "strict": false,
                    "errors": []
                },
                "statementAlias": "ANALYZE",
                "connectionId": null,
                "explainedDatabase": null,
                "explainedTable": null,
                "explainedColumn": null,
                "options": {
                    "options": []
                },
                "first": 0,
                "last": 9
            }
        ],
        "brackets": 0,
        "strict": false,
        "errors": []
    },
    "errors": {
        "lexer": [],
        "parser": []
    }
}