{
    "query": "CREATE DATABASE IF NOT EXISTS pma DEFAULT CHARSET 'utf8';",
    "lexer": {
        "KEYWORD_NAME_INDICATORS": [
            "FROM",
            "SET",
            "WHERE"
        ],
        "OPERATOR_NAME_INDICATORS": [
            ",",
            "."
        ],
        "str": "CREATE DATABASE IF NOT EXISTS pma DEFAULT CHARSET 'utf8';",
        "len": 57,
        "last": 57,
        "list": {
            "tokens": [
                {
                    "token": "CREATE",
                    "value": "CREATE",
                    "keyword": "CREATE",
                    "type": 1,
                    "flags": 3,
                    "position": 0
                },
                {
                    "token": " ",
                    "value": " ",
                    "keyword": null,
                    "type": 3,
                    "flags": 0,
                    "position": 6
                },
                {
                    "token": "DATABASE",
                    "value": "DATABASE",
                    "keyword": "DATABASE",
                    "type": 1,
                    "flags": 35,
                    "position": 7
                },
                {
                    "token": " ",
                    "value": " ",
                    "keyword": null,
                    "type": 3,
                    "flags": 0,
                    "position": 15
                },
                {
                    "token": "IF NOT EXISTS",
                    "value": "IF NOT EXISTS",
                    "keyword": "IF NOT EXISTS",
                    "type": 1,
                    "flags": 7,
                    "position": 16
                },
                {
                    "token": " ",
                    "value": " ",
                    "keyword": null,
                    "type": 3,
                    "flags": 0,
                    "position": 29
                },
                {
                    "token": "pma",
                    "value": "pma",
                    "keyword": null,
                    "type": 0,
                    "flags": 0,
                    "position": 30
                },
                {
                    "token": " ",
                    "value": " ",
                    "keyword": null,
                    "type": 3,
                    "flags": 0,
                    "position": 33
                },
                {
                    "token": "DEFAULT CHARSET",
                    "value": "DEFAULT CHARSET",
                    "keyword": "DEFAULT CHARSET",
                    "type": 1,
                    "flags": 7,
                    "position": 34
                },
                {
                    "token": " ",
                    "value": " ",
                    "keyword": null,
                    "type": 3,
                    "flags": 0,
                    "position": 49
                },
                {
                    "token": "'utf8'",
                    "value": "utf8",
                    "keyword": null,
                    "type": 7,
                    "flags": 1,
                    "position": 50
                },
                {
                    "token": ";",
                    "value": ";",
                    "keyword": null,
                    "type": 9,
                    "flags": 0,
                    "position": 56
                },
                {
                    "token": null,
                    "value": null,
                    "keyword": null,
                    "type": 9,
                    "flags": 0,
                    "position": null
                }
            ],
            "count": 13,
            "idx": 13
        },
        "delimiter": ";",
        "delimiterLen": 1,
        "strict": false,
        "errors": []
    },
    "parser": {
        "list": {
            "tokens": [
                {
                    "token": "CREATE",
                    "value": "CREATE",
                    "keyword": "CREATE",
                    "type": 1,
                    "flags": 3,
                    "position": 0
                },
                {
                    "token": " ",
                    "value": " ",
                    "keyword": null,
                    "type": 3,
                    "flags": 0,
                    "position": 6
                },
                {
                    "token": "DATABASE",
                    "value": "DATABASE",
                    "keyword": "DATABASE",
                    "type": 1,
                    "flags": 35,
                    "position": 7
                },
                {
                    "token": " ",
                    "value": " ",
                    "keyword": null,
                    "type": 3,
                    "flags": 0,
                    "position": 15
                },
                {
                    "token": "IF NOT EXISTS",
                    "value": "IF NOT EXISTS",
                    "keyword": "IF NOT EXISTS",
                    "type": 1,
                    "flags": 7,
                    "position": 16
                },
                {
                    "token": " ",
                    "value": " ",
                    "keyword": null,
                    "type": 3,
                    "flags": 0,
                    "position": 29
                },
                {
                    "token": "pma",
                    "value": "pma",
                    "keyword": null,
                    "type": 0,
                    "flags": 0,
                    "position": 30
                },
                {
                    "token": " ",
                    "value": " ",
                    "keyword": null,
                    "type": 3,
                    "flags": 0,
                    "position": 33
                },
                {
                    "token": "DEFAULT CHARSET",
                    "value": "DEFAULT CHARSET",
                    "keyword": "DEFAULT CHARSET",
                    "type": 1,
                    "flags": 7,
                    "position": 34
                },
                {
                    "token": " ",
                    "value": " ",
                    "keyword": null,
                    "type": 3,
                    "flags": 0,
                    "position": 49
                },
                {
                    "token": "'utf8'",
                    "value": "utf8",
                    "keyword": null,
                    "type": 7,
                    "flags": 1,
                    "position": 50
                },
                {
                    "token": ";",
                    "value": ";",
                    "keyword": null,
                    "type": 9,
                    "flags": 0,
                    "position": 56
                },
                {
                    "token": null,
                    "value": null,
                    "keyword": null,
                    "type": 9,
                    "flags": 0,
                    "position": null
                }
            ],
            "count": 13,
            "idx": 13
        },
        "statements": [
            {
                "name": {
                    "database": "pma",
                    "table": null,
                    "column": null,
                    "expr": "pma",
                    "alias": null,
                    "function": null,
                    "subquery": null
                },
                "entityOptions": {
                    "options": {
                        "1": {
                            "name": "DEFAULT CHARSET",
                            "equals": true,
                            "expr": "'utf8'",
                            "value": "utf8"
                        }
                    }
                },
                "fields": null,
                "with": null,
                "select": null,
                "like": null,
                "partitionBy": null,
                "partitionsNum": null,
                "subpartitionBy": null,
                "subpartitionsNum": null,
                "partitions": null,
                "table": null,
                "return": null,
                "parameters": null,
                "body": [],
                "options": {
                    "options": {
                        "6": "DATABASE",
                        "7": "IF NOT EXISTS"
                    }
                },
                "first": 0,
                "last": 10
            }
        ],
        "brackets": 0,
        "strict": false,
        "errors": []
    },
    "errors": {
        "lexer": [],
        "parser": []
    }
}