{
    "query": "ALTER TABLE `table` ADD UNIQUE KEY `functional_index` (`field1`,`field2`, (IFNULL(`field3`,0)));\n",
    "lexer": {
        "KEYWORD_NAME_INDICATORS": [
            "FROM",
            "SET",
            "WHERE"
        ],
        "OPERATOR_NAME_INDICATORS": [
            ",",
            "."
        ],
        "str": "ALTER TABLE `table` ADD UNIQUE KEY `functional_index` (`field1`,`field2`, (IFNULL(`field3`,0)));\n",
        "len": 97,
        "last": 97,
        "list": {
            "tokens": [
                {
                    "token": "ALTER",
                    "value": "ALTER",
                    "keyword": "ALTER",
                    "type": 1,
                    "flags": 3,
                    "position": 0
                },
                {
                    "token": " ",
                    "value": " ",
                    "keyword": null,
                    "type": 3,
                    "flags": 0,
                    "position": 5
                },
                {
                    "token": "TABLE",
                    "value": "TABLE",
                    "keyword": "TABLE",
                    "type": 1,
                    "flags": 3,
                    "position": 6
                },
                {
                    "token": " ",
                    "value": " ",
                    "keyword": null,
                    "type": 3,
                    "flags": 0,
                    "position": 11
                },
                {
                    "token": "`table`",
                    "value": "table",
                    "keyword": null,
                    "type": 8,
                    "flags": 2,
                    "position": 12
                },
                {
                    "token": " ",
                    "value": " ",
                    "keyword": null,
                    "type": 3,
                    "flags": 0,
                    "position": 19
                },
                {
                    "token": "ADD",
                    "value": "ADD",
                    "keyword": "ADD",
                    "type": 1,
                    "flags": 3,
                    "position": 20
                },
                {
                    "token": " ",
                    "value": " ",
                    "keyword": null,
                    "type": 3,
                    "flags": 0,
                    "position": 23
                },
                {
                    "token": "UNIQUE KEY",
                    "value": "UNIQUE KEY",
                    "keyword": "UNIQUE KEY",
                    "type": 1,
                    "flags": 23,
                    "position": 24
                },
                {
                    "token": " ",
                    "value": " ",
                    "keyword": null,
                    "type": 3,
                    "flags": 0,
                    "position": 34
                },
                {
                    "token": "`functional_index`",
                    "value": "functional_index",
                    "keyword": null,
                    "type": 8,
                    "flags": 2,
                    "position": 35
                },
                {
                    "token": " ",
                    "value": " ",
                    "keyword": null,
                    "type": 3,
                    "flags": 0,
                    "position": 53
                },
                {
                    "token": "(",
                    "value": "(",
                    "keyword": null,
                    "type": 2,
                    "flags": 16,
                    "position": 54
                },
                {
                    "token": "`field1`",
                    "value": "field1",
                    "keyword": null,
                    "type": 8,
                    "flags": 2,
                    "position": 55
                },
                {
                    "token": ",",
                    "value": ",",
                    "keyword": null,
                    "type": 2,
                    "flags": 16,
                    "position": 63
                },
                {
                    "token": "`field2`",
                    "value": "field2",
                    "keyword": null,
                    "type": 8,
                    "flags": 2,
                    "position": 64
                },
                {
                    "token": ",",
                    "value": ",",
                    "keyword": null,
                    "type": 2,
                    "flags": 16,
                    "position": 72
                },
                {
                    "token": " ",
                    "value": " ",
                    "keyword": null,
                    "type": 3,
                    "flags": 0,
                    "position": 73
                },
                {
                    "token": "(",
                    "value": "(",
                    "keyword": null,
                    "type": 2,
                    "flags": 16,
                    "position": 74
                },
                {
                    "token": "IFNULL",
                    "value": "IFNULL",
                    "keyword": "IFNULL",
                    "type": 1,
                    "flags": 33,
                    "position": 75
                },
                {
                    "token": "(",
                    "value": "(",
                    "keyword": null,
                    "type": 2,
                    "flags": 16,
                    "position": 81
                },
                {
                    "token": "`field3`",
                    "value": "field3",
                    "keyword": null,
                    "type": 8,
                    "flags": 2,
                    "position": 82
                },
                {
                    "token": ",",
                    "value": ",",
                    "keyword": null,
                    "type": 2,
                    "flags": 16,
                    "position": 90
                },
                {
                    "token": "0",
                    "value": 0,
                    "keyword": null,
                    "type": 6,
                    "flags": 0,
                    "position": 91
                },
                {
                    "token": ")",
                    "value": ")",
                    "keyword": null,
                    "type": 2,
                    "flags": 16,
                    "position": 92
                },
                {
                    "token": ")",
                    "value": ")",
                    "keyword": null,
                    "type": 2,
                    "flags": 16,
                    "position": 93
                },
                {
                    "token": ")",
                    "value": ")",
                    "keyword": null,
                    "type": 2,
                    "flags": 16,
                    "position": 94
                },
                {
                    "token": ";",
                    "value": ";",
                    "keyword": null,
                    "type": 9,
                    "flags": 0,
                    "position": 95
                },
                {
                    "token": "\n",
                    "value": " ",
                    "keyword": null,
                    "type": 3,
                    "flags": 0,
                    "position": 96
                },
                {
                    "token": null,
                    "value": null,
                    "keyword": null,
                    "type": 9,
                    "flags": 0,
                    "position": null
                }
            ],
            "count": 30,
            "idx": 30
        },
        "delimiter": ";",
        "delimiterLen": 1,
        "strict": false,
        "errors": []
    },
    "parser": {
        "list": {
            "tokens": [
                {
                    "token": "ALTER",
                    "value": "ALTER",
                    "keyword": "ALTER",
                    "type": 1,
                    "flags": 3,
                    "position": 0
                },
                {
                    "token": " ",
                    "value": " ",
                    "keyword": null,
                    "type": 3,
                    "flags": 0,
                    "position": 5
                },
                {
                    "token": "TABLE",
                    "value": "TABLE",
                    "keyword": "TABLE",
                    "type": 1,
                    "flags": 3,
                    "position": 6
                },
                {
                    "token": " ",
                    "value": " ",
                    "keyword": null,
                    "type": 3,
                    "flags": 0,
                    "position": 11
                },
                {
                    "token": "`table`",
                    "value": "table",
                    "keyword": null,
                    "type": 8,
                    "flags": 2,
                    "position": 12
                },
                {
                    "token": " ",
                    "value": " ",
                    "keyword": null,
                    "type": 3,
                    "flags": 0,
                    "position": 19
                },
                {
                    "token": "ADD",
                    "value": "ADD",
                    "keyword": "ADD",
                    "type": 1,
                    "flags": 3,
                    "position": 20
                },
                {
                    "token": " ",
                    "value": " ",
                    "keyword": null,
                    "type": 3,
                    "flags": 0,
                    "position": 23
                },
                {
                    "token": "UNIQUE KEY",
                    "value": "UNIQUE KEY",
                    "keyword": "UNIQUE KEY",
                    "type": 1,
                    "flags": 23,
                    "position": 24
                },
                {
                    "token": " ",
                    "value": " ",
                    "keyword": null,
                    "type": 3,
                    "flags": 0,
                    "position": 34
                },
                {
                    "token": "`functional_index`",
                    "value": "functional_index",
                    "keyword": null,
                    "type": 8,
                    "flags": 2,
                    "position": 35
                },
                {
                    "token": " ",
                    "value": " ",
                    "keyword": null,
                    "type": 3,
                    "flags": 0,
                    "position": 53
                },
                {
                    "token": "(",
                    "value": "(",
                    "keyword": null,
                    "type": 2,
                    "flags": 16,
                    "position": 54
                },
                {
                    "token": "`field1`",
                    "value": "field1",
                    "keyword": null,
                    "type": 8,
                    "flags": 2,
                    "position": 55
                },
                {
                    "token": ",",
                    "value": ",",
                    "keyword": null,
                    "type": 2,
                    "flags": 16,
                    "position": 63
                },
                {
                    "token": "`field2`",
                    "value": "field2",
                    "keyword": null,
                    "type": 8,
                    "flags": 2,
                    "position": 64
                },
                {
                    "token": ",",
                    "value": ",",
                    "keyword": null,
                    "type": 2,
                    "flags": 16,
                    "position": 72
                },
                {
                    "token": " ",
                    "value": " ",
                    "keyword": null,
                    "type": 3,
                    "flags": 0,
                    "position": 73
                },
                {
                    "token": "(",
                    "value": "(",
                    "keyword": null,
                    "type": 2,
                    "flags": 16,
                    "position": 74
                },
                {
                    "token": "IFNULL",
                    "value": "IFNULL",
                    "keyword": "IFNULL",
                    "type": 1,
                    "flags": 33,
                    "position": 75
                },
                {
                    "token": "(",
                    "value": "(",
                    "keyword": null,
                    "type": 2,
                    "flags": 16,
                    "position": 81
                },
                {
                    "token": "`field3`",
                    "value": "field3",
                    "keyword": null,
                    "type": 8,
                    "flags": 2,
                    "position": 82
                },
                {
                    "token": ",",
                    "value": ",",
                    "keyword": null,
                    "type": 2,
                    "flags": 16,
                    "position": 90
                },
                {
                    "token": "0",
                    "value": 0,
                    "keyword": null,
                    "type": 6,
                    "flags": 0,
                    "position": 91
                },
                {
                    "token": ")",
                    "value": ")",
                    "keyword": null,
                    "type": 2,
                    "flags": 16,
                    "position": 92
                },
                {
                    "token": ")",
                    "value": ")",
                    "keyword": null,
                    "type": 2,
                    "flags": 16,
                    "position": 93
                },
                {
                    "token": ")",
                    "value": ")",
                    "keyword": null,
                    "type": 2,
                    "flags": 16,
                    "position": 94
                },
                {
                    "token": ";",
                    "value": ";",
                    "keyword": null,
                    "type": 9,
                    "flags": 0,
                    "position": 95
                },
                {
                    "token": "\n",
                    "value": " ",
                    "keyword": null,
                    "type": 3,
                    "flags": 0,
                    "position": 96
                },
                {
                    "token": null,
                    "value": null,
                    "keyword": null,
                    "type": 9,
                    "flags": 0,
                    "position": null
                }
            ],
            "count": 30,
            "idx": 30
        },
        "statements": [
            {
                "table": {
                    "database": null,
                    "table": "table",
                    "column": null,
                    "expr": "`table`",
                    "alias": null,
                    "function": null,
                    "subquery": null
                },
                "altered": [
                    {
                        "options": {
                            "options": {
                                "1": "ADD"
                            }
                        },
                        "field": null,
                        "partitions": null,
                        "unknown": [
                            {
                                "token": "UNIQUE KEY",
                                "value": "UNIQUE KEY",
                                "keyword": "UNIQUE KEY",
                                "type": 1,
                                "flags": 23,
                                "position": 24
                            },
                            {
                                "token": " ",
                                "value": " ",
                                "keyword": null,
                                "type": 3,
                                "flags": 0,
                                "position": 34
                            },
                            {
                                "token": "`functional_index`",
                                "value": "functional_index",
                                "keyword": null,
                                "type": 8,
                                "flags": 2,
                                "position": 35
                            },
                            {
                                "token": " ",
                                "value": " ",
                                "keyword": null,
                                "type": 3,
                                "flags": 0,
                                "position": 53
                            },
                            {
                                "token": "(",
                                "value": "(",
                                "keyword": null,
                                "type": 2,
                                "flags": 16,
                                "position": 54
                            },
                            {
                                "token": "`field1`",
                                "value": "field1",
                                "keyword": null,
                                "type": 8,
                                "flags": 2,
                                "position": 55
                            },
                            {
                                "token": ",",
                                "value": ",",
                                "keyword": null,
                                "type": 2,
                                "flags": 16,
                                "position": 63
                            },
                            {
                                "token": "`field2`",
                                "value": "field2",
                                "keyword": null,
                                "type": 8,
                                "flags": 2,
                                "position": 64
                            },
                            {
                                "token": ",",
                                "value": ",",
                                "keyword": null,
                                "type": 2,
                                "flags": 16,
                                "position": 72
                            },
                            {
                                "token": " ",
                                "value": " ",
                                "keyword": null,
                                "type": 3,
                                "flags": 0,
                                "position": 73
                            },
                            {
                                "token": "(",
                                "value": "(",
                                "keyword": null,
                                "type": 2,
                                "flags": 16,
                                "position": 74
                            },
                            {
                                "token": "IFNULL",
                                "value": "IFNULL",
                                "keyword": "IFNULL",
                                "type": 1,
                                "flags": 33,
                                "position": 75
                            },
                            {
                                "token": "(",
                                "value": "(",
                                "keyword": null,
                                "type": 2,
                                "flags": 16,
                                "position": 81
                            },
                            {
                                "token": "`field3`",
                                "value": "field3",
                                "keyword": null,
                                "type": 8,
                                "flags": 2,
                                "position": 82
                            },
                            {
                                "token": ",",
                                "value": ",",
                                "keyword": null,
                                "type": 2,
                                "flags": 16,
                                "position": 90
                            },
                            {
                                "token": "0",
                                "value": 0,
                                "keyword": null,
                                "type": 6,
                                "flags": 0,
                                "position": 91
                            },
                            {
                                "token": ")",
                                "value": ")",
                                "keyword": null,
                                "type": 2,
                                "flags": 16,
                                "position": 92
                            },
                            {
                                "token": ")",
                                "value": ")",
                                "keyword": null,
                                "type": 2,
                                "flags": 16,
                                "position": 93
                            },
                            {
                                "token": ")",
                                "value": ")",
                                "keyword": null,
                                "type": 2,
                                "flags": 16,
                                "position": 94
                            }
                        ]
                    }
                ],
                "options": {
                    "options": {
                        "3": "TABLE"
                    }
                },
                "first": 0,
                "last": 27
            }
        ],
        "brackets": 0,
        "strict": false,
        "errors": []
    },
    "errors": {
        "lexer": [],
        "parser": []
    }
}