{
    "query": "DESCRIBE Shop 'N%';\n",
    "lexer": {
        "KEYWORD_NAME_INDICATORS": [
            "FROM",
            "SET",
            "WHERE"
        ],
        "OPERATOR_NAME_INDICATORS": [
            ",",
            "."
        ],
        "str": "DESCRIBE Shop 'N%';\n",
        "len": 20,
        "last": 20,
        "list": {
            "tokens": [
                {
                    "token": "DESCRIBE",
                    "value": "DESCRIBE",
                    "keyword": "DESCRIBE",
                    "type": 1,
                    "flags": 3,
                    "position": 0
                },
                {
                    "token": " ",
                    "value": " ",
                    "keyword": null,
                    "type": 3,
                    "flags": 0,
                    "position": 8
                },
                {
                    "token": "Shop",
                    "value": "Shop",
                    "keyword": null,
                    "type": 0,
                    "flags": 0,
                    "position": 9
                },
                {
                    "token": " ",
                    "value": " ",
                    "keyword": null,
                    "type": 3,
                    "flags": 0,
                    "position": 13
                },
                {
                    "token": "'N%'",
                    "value": "N%",
                    "keyword": null,
                    "type": 7,
                    "flags": 1,
                    "position": 14
                },
                {
                    "token": ";",
                    "value": ";",
                    "keyword": null,
                    "type": 9,
                    "flags": 0,
                    "position": 18
                },
                {
                    "token": "\n",
                    "value": " ",
                    "keyword": null,
                    "type": 3,
                    "flags": 0,
                    "position": 19
                },
                {
                    "token": null,
                    "value": null,
                    "keyword": null,
                    "type": 9,
                    "flags": 0,
                    "position": null
                }
            ],
            "count": 8,
            "idx": 8
        },
        "delimiter": ";",
        "delimiterLen": 1,
        "strict": false,
        "errors": []
    },
    "parser": {
        "list": {
            "tokens": [
                {
                    "token": "DESCRIBE",
                    "value": "DESCRIBE",
                    "keyword": "DESCRIBE",
                    "type": 1,
                    "flags": 3,
                    "position": 0
                },
                {
                    "token": " ",
                    "value": " ",
                    "keyword": null,
                    "type": 3,
                    "flags": 0,
                    "position": 8
                },
                {
                    "token": "Shop",
                    "value": "Shop",
                    "keyword": null,
                    "type": 0,
                    "flags": 0,
                    "position": 9
                },
                {
                    "token": " ",
                    "value": " ",
                    "keyword": null,
                    "type": 3,
                    "flags": 0,
                    "position": 13
                },
                {
                    "token": "'N%'",
                    "value": "N%",
                    "keyword": null,
                    "type": 7,
                    "flags": 1,
                    "position": 14
                },
                {
                    "token": ";",
                    "value": ";",
                    "keyword": null,
                    "type": 9,
                    "flags": 0,
                    "position": 18
                },
                {
                    "token": "\n",
                    "value": " ",
                    "keyword": null,
                    "type": 3,
                    "flags": 0,
                    "position": 19
                },
                {
                    "token": null,
                    "value": null,
                    "keyword": null,
                    "type": 9,
                    "flags": 0,
                    "position": null
                }
            ],
            "count": 8,
            "idx": 8
        },
        "statements": [
            {
                "bodyParser": null,
                "statementAlias": "DESCRIBE",
                "connectionId": null,
                "explainedDatabase": null,
                "explainedTable": "Shop",
                "explainedColumn": "N%",
                "options": null,
                "first": 0,
                "last": 4
            }
        ],
        "brackets": 0,
        "strict": false,
        "errors": []
    },
    "errors": {
        "lexer": [],
        "parser": []
    }
}