{
    "query": "-- missing lock type\nLOCK TABLES table1",
    "lexer": {
        "KEYWORD_NAME_INDICATORS": [
            "FROM",
            "SET",
            "WHERE"
        ],
        "OPERATOR_NAME_INDICATORS": [
            ",",
            "."
        ],
        "str": "-- missing lock type\nLOCK TABLES table1",
        "len": 39,
        "last": 39,
        "list": {
            "tokens": [
                {
                    "token": "-- missing lock type",
                    "value": "-- missing lock type",
                    "keyword": null,
                    "type": 4,
                    "flags": 4,
                    "position": 0
                },
                {
                    "token": "\n",
                    "value": " ",
                    "keyword": null,
                    "type": 3,
                    "flags": 0,
                    "position": 20
                },
                {
                    "token": "LOCK",
                    "value": "LOCK",
                    "keyword": "LOCK",
                    "type": 1,
                    "flags": 3,
                    "position": 21
                },
                {
                    "token": " ",
                    "value": " ",
                    "keyword": null,
                    "type": 3,
                    "flags": 0,
                    "position": 25
                },
                {
                    "token": "TABLES",
                    "value": "TABLES",
                    "keyword": "TABLES",
                    "type": 1,
                    "flags": 1,
                    "position": 26
                },
                {
                    "token": " ",
                    "value": " ",
                    "keyword": null,
                    "type": 3,
                    "flags": 0,
                    "position": 32
                },
                {
                    "token": "table1",
                    "value": "table1",
                    "keyword": null,
                    "type": 0,
                    "flags": 0,
                    "position": 33
                },
                {
                    "token": null,
                    "value": null,
                    "keyword": null,
                    "type": 9,
                    "flags": 0,
                    "position": null
                }
            ],
            "count": 8,
            "idx": 8
        },
        "delimiter": ";",
        "delimiterLen": 1,
        "strict": false,
        "errors": []
    },
    "parser": {
        "list": {
            "tokens": [
                {
                    "token": "-- missing lock type",
                    "value": "-- missing lock type",
                    "keyword": null,
                    "type": 4,
                    "flags": 4,
                    "position": 0
                },
                {
                    "token": "\n",
                    "value": " ",
                    "keyword": null,
                    "type": 3,
                    "flags": 0,
                    "position": 20
                },
                {
                    "token": "LOCK",
                    "value": "LOCK",
                    "keyword": "LOCK",
                    "type": 1,
                    "flags": 3,
                    "position": 21
                },
                {
                    "token": " ",
                    "value": " ",
                    "keyword": null,
                    "type": 3,
                    "flags": 0,
                    "position": 25
                },
                {
                    "token": "TABLES",
                    "value": "TABLES",
                    "keyword": "TABLES",
                    "type": 1,
                    "flags": 1,
                    "position": 26
                },
                {
                    "token": " ",
                    "value": " ",
                    "keyword": null,
                    "type": 3,
                    "flags": 0,
                    "position": 32
                },
                {
                    "token": "table1",
                    "value": "table1",
                    "keyword": null,
                    "type": 0,
                    "flags": 0,
                    "position": 33
                },
                {
                    "token": null,
                    "value": null,
                    "keyword": null,
                    "type": 9,
                    "flags": 0,
                    "position": null
                }
            ],
            "count": 8,
            "idx": 8
        },
        "statements": [
            {
                "locked": [
                    {
                        "table": {
                            "database": null,
                            "table": "table1",
                            "column": null,
                            "expr": "table1",
                            "alias": null,
                            "function": null,
                            "subquery": null
                        },
                        "type": null
                    }
                ],
                "isLock": true,
                "options": null,
                "first": 0,
                "last": 7
            }
        ],
        "brackets": 0,
        "strict": false,
        "errors": []
    },
    "errors": {
        "lexer": [],
        "parser": [
            [
                "Unexpected end of LOCK expression.",
                {
                    "token": "table1",
                    "value": "table1",
                    "keyword": null,
                    "type": 0,
                    "flags": 0,
                    "position": 33
                },
                0
            ]
        ]
    }
}