{
    "query": "SELECT * FROM address FORCE INT (idx_fk_city_id);",
    "lexer": {
        "KEYWORD_NAME_INDICATORS": [
            "FROM",
            "SET",
            "WHERE"
        ],
        "OPERATOR_NAME_INDICATORS": [
            ",",
            "."
        ],
        "str": "SELECT * FROM address FORCE INT (idx_fk_city_id);",
        "len": 49,
        "last": 49,
        "list": {
            "tokens": [
                {
                    "token": "SELECT",
                    "value": "SELECT",
                    "keyword": "SELECT",
                    "type": 1,
                    "flags": 3,
                    "position": 0
                },
                {
                    "token": " ",
                    "value": " ",
                    "keyword": null,
                    "type": 3,
                    "flags": 0,
                    "position": 6
                },
                {
                    "token": "*",
                    "value": "*",
                    "keyword": null,
                    "type": 2,
                    "flags": 16,
                    "position": 7
                },
                {
                    "token": " ",
                    "value": " ",
                    "keyword": null,
                    "type": 3,
                    "flags": 0,
                    "position": 8
                },
                {
                    "token": "FROM",
                    "value": "FROM",
                    "keyword": "FROM",
                    "type": 1,
                    "flags": 3,
                    "position": 9
                },
                {
                    "token": " ",
                    "value": " ",
                    "keyword": null,
                    "type": 3,
                    "flags": 0,
                    "position": 13
                },
                {
                    "token": "address",
                    "value": "address",
                    "keyword": null,
                    "type": 0,
                    "flags": 0,
                    "position": 14
                },
                {
                    "token": " ",
                    "value": " ",
                    "keyword": null,
                    "type": 3,
                    "flags": 0,
                    "position": 21
                },
                {
                    "token": "FORCE",
                    "value": "FORCE",
                    "keyword": "FORCE",
                    "type": 1,
                    "flags": 3,
                    "position": 22
                },
                {
                    "token": " ",
                    "value": " ",
                    "keyword": null,
                    "type": 3,
                    "flags": 0,
                    "position": 27
                },
                {
                    "token": "INT",
                    "value": "INT",
                    "keyword": "INT",
                    "type": 1,
                    "flags": 11,
                    "position": 28
                },
                {
                    "token": " ",
                    "value": " ",
                    "keyword": null,
                    "type": 3,
                    "flags": 0,
                    "position": 31
                },
                {
                    "token": "(",
                    "value": "(",
                    "keyword": null,
                    "type": 2,
                    "flags": 16,
                    "position": 32
                },
                {
                    "token": "idx_fk_city_id",
                    "value": "idx_fk_city_id",
                    "keyword": null,
                    "type": 0,
                    "flags": 0,
                    "position": 33
                },
                {
                    "token": ")",
                    "value": ")",
                    "keyword": null,
                    "type": 2,
                    "flags": 16,
                    "position": 47
                },
                {
                    "token": ";",
                    "value": ";",
                    "keyword": null,
                    "type": 9,
                    "flags": 0,
                    "position": 48
                },
                {
                    "token": null,
                    "value": null,
                    "keyword": null,
                    "type": 9,
                    "flags": 0,
                    "position": null
                }
            ],
            "count": 17,
            "idx": 17
        },
        "delimiter": ";",
        "delimiterLen": 1,
        "strict": false,
        "errors": []
    },
    "parser": {
        "list": {
            "tokens": [
                {
                    "token": "SELECT",
                    "value": "SELECT",
                    "keyword": "SELECT",
                    "type": 1,
                    "flags": 3,
                    "position": 0
                },
                {
                    "token": " ",
                    "value": " ",
                    "keyword": null,
                    "type": 3,
                    "flags": 0,
                    "position": 6
                },
                {
                    "token": "*",
                    "value": "*",
                    "keyword": null,
                    "type": 2,
                    "flags": 16,
                    "position": 7
                },
                {
                    "token": " ",
                    "value": " ",
                    "keyword": null,
                    "type": 3,
                    "flags": 0,
                    "position": 8
                },
                {
                    "token": "FROM",
                    "value": "FROM",
                    "keyword": "FROM",
                    "type": 1,
                    "flags": 3,
                    "position": 9
                },
                {
                    "token": " ",
                    "value": " ",
                    "keyword": null,
                    "type": 3,
                    "flags": 0,
                    "position": 13
                },
                {
                    "token": "address",
                    "value": "address",
                    "keyword": null,
                    "type": 0,
                    "flags": 0,
                    "position": 14
                },
                {
                    "token": " ",
                    "value": " ",
                    "keyword": null,
                    "type": 3,
                    "flags": 0,
                    "position": 21
                },
                {
                    "token": "FORCE",
                    "value": "FORCE",
                    "keyword": "FORCE",
                    "type": 1,
                    "flags": 3,
                    "position": 22
                },
                {
                    "token": " ",
                    "value": " ",
                    "keyword": null,
                    "type": 3,
                    "flags": 0,
                    "position": 27
                },
                {
                    "token": "INT",
                    "value": "INT",
                    "keyword": "INT",
                    "type": 1,
                    "flags": 11,
                    "position": 28
                },
                {
                    "token": " ",
                    "value": " ",
                    "keyword": null,
                    "type": 3,
                    "flags": 0,
                    "position": 31
                },
                {
                    "token": "(",
                    "value": "(",
                    "keyword": null,
                    "type": 2,
                    "flags": 16,
                    "position": 32
                },
                {
                    "token": "idx_fk_city_id",
                    "value": "idx_fk_city_id",
                    "keyword": null,
                    "type": 0,
                    "flags": 0,
                    "position": 33
                },
                {
                    "token": ")",
                    "value": ")",
                    "keyword": null,
                    "type": 2,
                    "flags": 16,
                    "position": 47
                },
                {
                    "token": ";",
                    "value": ";",
                    "keyword": null,
                    "type": 9,
                    "flags": 0,
                    "position": 48
                },
                {
                    "token": null,
                    "value": null,
                    "keyword": null,
                    "type": 9,
                    "flags": 0,
                    "position": null
                }
            ],
            "count": 17,
            "idx": 17
        },
        "statements": [
            {
                "expr": [
                    {
                        "database": null,
                        "table": null,
                        "column": null,
                        "expr": "*",
                        "alias": null,
                        "function": null,
                        "subquery": null
                    }
                ],
                "from": [
                    {
                        "database": null,
                        "table": "address",
                        "column": null,
                        "expr": "address",
                        "alias": null,
                        "function": null,
                        "subquery": null
                    }
                ],
                "index_hints": [
                    {
                        "type": "FORCE",
                        "indexOrKey": null,
                        "for": null,
                        "indexes": [
                            {
                                "database": null,
                                "table": null,
                                "column": null,
                                "expr": "(idx_fk_city_id)",
                                "alias": null,
                                "function": null,
                                "subquery": null
                            }
                        ]
                    }
                ],
                "partition": null,
                "where": null,
                "group": null,
                "group_options": null,
                "having": null,
                "order": null,
                "limit": null,
                "procedure": null,
                "into": null,
                "join": null,
                "union": [],
                "end_options": null,
                "options": {
                    "options": []
                },
                "first": 0,
                "last": 14
            }
        ],
        "brackets": 0,
        "strict": false,
        "errors": []
    },
    "errors": {
        "lexer": [],
        "parser": [
            [
                "Unexpected keyword.",
                {
                    "token": "INT",
                    "value": "INT",
                    "keyword": "INT",
                    "type": 1,
                    "flags": 11,
                    "position": 28
                },
                0
            ]
        ]
    }
}