{
    "query": "ALTER TABLE testtable RENAME INDEX my_index TO my_index2, ALGORITHM=INPLACE, LOCK=NONE;",
    "lexer": {
        "KEYWORD_NAME_INDICATORS": [
            "FROM",
            "SET",
            "WHERE"
        ],
        "OPERATOR_NAME_INDICATORS": [
            ",",
            "."
        ],
        "str": "ALTER TABLE testtable RENAME INDEX my_index TO my_index2, ALGORITHM=INPLACE, LOCK=NONE;",
        "len": 87,
        "last": 87,
        "list": {
            "tokens": [
                {
                    "token": "ALTER",
                    "value": "ALTER",
                    "keyword": "ALTER",
                    "type": 1,
                    "flags": 3,
                    "position": 0
                },
                {
                    "token": " ",
                    "value": " ",
                    "keyword": null,
                    "type": 3,
                    "flags": 0,
                    "position": 5
                },
                {
                    "token": "TABLE",
                    "value": "TABLE",
                    "keyword": "TABLE",
                    "type": 1,
                    "flags": 3,
                    "position": 6
                },
                {
                    "token": " ",
                    "value": " ",
                    "keyword": null,
                    "type": 3,
                    "flags": 0,
                    "position": 11
                },
                {
                    "token": "testtable",
                    "value": "testtable",
                    "keyword": null,
                    "type": 0,
                    "flags": 0,
                    "position": 12
                },
                {
                    "token": " ",
                    "value": " ",
                    "keyword": null,
                    "type": 3,
                    "flags": 0,
                    "position": 21
                },
                {
                    "token": "RENAME",
                    "value": "RENAME",
                    "keyword": "RENAME",
                    "type": 1,
                    "flags": 3,
                    "position": 22
                },
                {
                    "token": " ",
                    "value": " ",
                    "keyword": null,
                    "type": 3,
                    "flags": 0,
                    "position": 28
                },
                {
                    "token": "INDEX",
                    "value": "INDEX",
                    "keyword": "INDEX",
                    "type": 1,
                    "flags": 19,
                    "position": 29
                },
                {
                    "token": " ",
                    "value": " ",
                    "keyword": null,
                    "type": 3,
                    "flags": 0,
                    "position": 34
                },
                {
                    "token": "my_index",
                    "value": "my_index",
                    "keyword": null,
                    "type": 0,
                    "flags": 0,
                    "position": 35
                },
                {
                    "token": " ",
                    "value": " ",
                    "keyword": null,
                    "type": 3,
                    "flags": 0,
                    "position": 43
                },
                {
                    "token": "TO",
                    "value": "TO",
                    "keyword": "TO",
                    "type": 1,
                    "flags": 3,
                    "position": 44
                },
                {
                    "token": " ",
                    "value": " ",
                    "keyword": null,
                    "type": 3,
                    "flags": 0,
                    "position": 46
                },
                {
                    "token": "my_index2",
                    "value": "my_index2",
                    "keyword": null,
                    "type": 0,
                    "flags": 0,
                    "position": 47
                },
                {
                    "token": ",",
                    "value": ",",
                    "keyword": null,
                    "type": 2,
                    "flags": 16,
                    "position": 56
                },
                {
                    "token": " ",
                    "value": " ",
                    "keyword": null,
                    "type": 3,
                    "flags": 0,
                    "position": 57
                },
                {
                    "token": "ALGORITHM",
                    "value": "ALGORITHM",
                    "keyword": "ALGORITHM",
                    "type": 1,
                    "flags": 1,
                    "position": 58
                },
                {
                    "token": "=",
                    "value": "=",
                    "keyword": null,
                    "type": 2,
                    "flags": 2,
                    "position": 67
                },
                {
                    "token": "INPLACE",
                    "value": "INPLACE",
                    "keyword": null,
                    "type": 0,
                    "flags": 0,
                    "position": 68
                },
                {
                    "token": ",",
                    "value": ",",
                    "keyword": null,
                    "type": 2,
                    "flags": 16,
                    "position": 75
                },
                {
                    "token": " ",
                    "value": " ",
                    "keyword": null,
                    "type": 3,
                    "flags": 0,
                    "position": 76
                },
                {
                    "token": "LOCK",
                    "value": "LOCK",
                    "keyword": "LOCK",
                    "type": 1,
                    "flags": 3,
                    "position": 77
                },
                {
                    "token": "=",
                    "value": "=",
                    "keyword": null,
                    "type": 2,
                    "flags": 2,
                    "position": 81
                },
                {
                    "token": "NONE",
                    "value": "NONE",
                    "keyword": "NONE",
                    "type": 1,
                    "flags": 1,
                    "position": 82
                },
                {
                    "token": ";",
                    "value": ";",
                    "keyword": null,
                    "type": 9,
                    "flags": 0,
                    "position": 86
                },
                {
                    "token": null,
                    "value": null,
                    "keyword": null,
                    "type": 9,
                    "flags": 0,
                    "position": null
                }
            ],
            "count": 27,
            "idx": 27
        },
        "delimiter": ";",
        "delimiterLen": 1,
        "strict": false,
        "errors": []
    },
    "parser": {
        "list": {
            "tokens": [
                {
                    "token": "ALTER",
                    "value": "ALTER",
                    "keyword": "ALTER",
                    "type": 1,
                    "flags": 3,
                    "position": 0
                },
                {
                    "token": " ",
                    "value": " ",
                    "keyword": null,
                    "type": 3,
                    "flags": 0,
                    "position": 5
                },
                {
                    "token": "TABLE",
                    "value": "TABLE",
                    "keyword": "TABLE",
                    "type": 1,
                    "flags": 3,
                    "position": 6
                },
                {
                    "token": " ",
                    "value": " ",
                    "keyword": null,
                    "type": 3,
                    "flags": 0,
                    "position": 11
                },
                {
                    "token": "testtable",
                    "value": "testtable",
                    "keyword": null,
                    "type": 0,
                    "flags": 0,
                    "position": 12
                },
                {
                    "token": " ",
                    "value": " ",
                    "keyword": null,
                    "type": 3,
                    "flags": 0,
                    "position": 21
                },
                {
                    "token": "RENAME",
                    "value": "RENAME",
                    "keyword": "RENAME",
                    "type": 1,
                    "flags": 3,
                    "position": 22
                },
                {
                    "token": " ",
                    "value": " ",
                    "keyword": null,
                    "type": 3,
                    "flags": 0,
                    "position": 28
                },
                {
                    "token": "INDEX",
                    "value": "INDEX",
                    "keyword": "INDEX",
                    "type": 1,
                    "flags": 19,
                    "position": 29
                },
                {
                    "token": " ",
                    "value": " ",
                    "keyword": null,
                    "type": 3,
                    "flags": 0,
                    "position": 34
                },
                {
                    "token": "my_index",
                    "value": "my_index",
                    "keyword": null,
                    "type": 0,
                    "flags": 0,
                    "position": 35
                },
                {
                    "token": " ",
                    "value": " ",
                    "keyword": null,
                    "type": 3,
                    "flags": 0,
                    "position": 43
                },
                {
                    "token": "TO",
                    "value": "TO",
                    "keyword": "TO",
                    "type": 1,
                    "flags": 3,
                    "position": 44
                },
                {
                    "token": " ",
                    "value": " ",
                    "keyword": null,
                    "type": 3,
                    "flags": 0,
                    "position": 46
                },
                {
                    "token": "my_index2",
                    "value": "my_index2",
                    "keyword": null,
                    "type": 0,
                    "flags": 0,
                    "position": 47
                },
                {
                    "token": ",",
                    "value": ",",
                    "keyword": null,
                    "type": 2,
                    "flags": 16,
                    "position": 56
                },
                {
                    "token": " ",
                    "value": " ",
                    "keyword": null,
                    "type": 3,
                    "flags": 0,
                    "position": 57
                },
                {
                    "token": "ALGORITHM",
                    "value": "ALGORITHM",
                    "keyword": "ALGORITHM",
                    "type": 1,
                    "flags": 1,
                    "position": 58
                },
                {
                    "token": "=",
                    "value": "=",
                    "keyword": null,
                    "type": 2,
                    "flags": 2,
                    "position": 67
                },
                {
                    "token": "INPLACE",
                    "value": "INPLACE",
                    "keyword": null,
                    "type": 0,
                    "flags": 0,
                    "position": 68
                },
                {
                    "token": ",",
                    "value": ",",
                    "keyword": null,
                    "type": 2,
                    "flags": 16,
                    "position": 75
                },
                {
                    "token": " ",
                    "value": " ",
                    "keyword": null,
                    "type": 3,
                    "flags": 0,
                    "position": 76
                },
                {
                    "token": "LOCK",
                    "value": "LOCK",
                    "keyword": "LOCK",
                    "type": 1,
                    "flags": 3,
                    "position": 77
                },
                {
                    "token": "=",
                    "value": "=",
                    "keyword": null,
                    "type": 2,
                    "flags": 2,
                    "position": 81
                },
                {
                    "token": "NONE",
                    "value": "NONE",
                    "keyword": "NONE",
                    "type": 1,
                    "flags": 1,
                    "position": 82
                },
                {
                    "token": ";",
                    "value": ";",
                    "keyword": null,
                    "type": 9,
                    "flags": 0,
                    "position": 86
                },
                {
                    "token": null,
                    "value": null,
                    "keyword": null,
                    "type": 9,
                    "flags": 0,
                    "position": null
                }
            ],
            "count": 27,
            "idx": 27
        },
        "statements": [
            {
                "table": {
                    "database": null,
                    "table": "testtable",
                    "column": null,
                    "expr": "testtable",
                    "alias": null,
                    "function": null,
                    "subquery": null
                },
                "altered": [
                    {
                        "options": {
                            "options": {
                                "1": "RENAME",
                                "2": {
                                    "name": "INDEX",
                                    "equals": false,
                                    "expr": "my_index",
                                    "value": "my_index"
                                },
                                "3": {
                                    "name": "TO",
                                    "equals": false,
                                    "expr": "my_index2",
                                    "value": "my_index2"
                                }
                            }
                        },
                        "field": null,
                        "partitions": null,
                        "unknown": []
                    },
                    {
                        "options": {
                            "options": {
                                "1": {
                                    "name": "ALGORITHM",
                                    "equals": true,
                                    "expr": "INPLACE",
                                    "value": "INPLACE"
                                }
                            }
                        },
                        "field": null,
                        "partitions": null,
                        "unknown": []
                    },
                    {
                        "options": {
                            "options": {
                                "1": {
                                    "name": "LOCK",
                                    "equals": true,
                                    "expr": "NONE",
                                    "value": "NONE"
                                }
                            }
                        },
                        "field": null,
                        "partitions": null,
                        "unknown": []
                    }
                ],
                "options": {
                    "options": {
                        "3": "TABLE"
                    }
                },
                "first": 0,
                "last": 25
            }
        ],
        "brackets": 0,
        "strict": false,
        "errors": []
    },
    "errors": {
        "lexer": [],
        "parser": []
    }
}