{
    "query": "CREATE TABLE IF NOT EXISTS users (\n    `id` INT NOT NULL AUTO_INCREMENT,\n    username VARCHAR(64) NULL,\n    `password` VARCHAR(256) DEFAULT '123456',\n    CONSTRAINT pk_id PRIMARY KEY (`id`),\n    UNIQUE (username)\n) ENGINE=InnoDB;",
    "lexer": {
        "KEYWORD_NAME_INDICATORS": [
            "FROM",
            "SET",
            "WHERE"
        ],
        "OPERATOR_NAME_INDICATORS": [
            ",",
            "."
        ],
        "str": "CREATE TABLE IF NOT EXISTS users (\n    `id` INT NOT NULL AUTO_INCREMENT,\n    username VARCHAR(64) NULL,\n    `password` VARCHAR(256) DEFAULT '123456',\n    CONSTRAINT pk_id PRIMARY KEY (`id`),\n    UNIQUE (username)\n) ENGINE=InnoDB;",
        "len": 229,
        "last": 229,
        "list": {
            "tokens": [
                {
                    "token": "CREATE",
                    "value": "CREATE",
                    "keyword": "CREATE",
                    "type": 1,
                    "flags": 3,
                    "position": 0
                },
                {
                    "token": " ",
                    "value": " ",
                    "keyword": null,
                    "type": 3,
                    "flags": 0,
                    "position": 6
                },
                {
                    "token": "TABLE",
                    "value": "TABLE",
                    "keyword": "TABLE",
                    "type": 1,
                    "flags": 3,
                    "position": 7
                },
                {
                    "token": " ",
                    "value": " ",
                    "keyword": null,
                    "type": 3,
                    "flags": 0,
                    "position": 12
                },
                {
                    "token": "IF NOT EXISTS",
                    "value": "IF NOT EXISTS",
                    "keyword": "IF NOT EXISTS",
                    "type": 1,
                    "flags": 7,
                    "position": 13
                },
                {
                    "token": " ",
                    "value": " ",
                    "keyword": null,
                    "type": 3,
                    "flags": 0,
                    "position": 26
                },
                {
                    "token": "users",
                    "value": "users",
                    "keyword": null,
                    "type": 0,
                    "flags": 0,
                    "position": 27
                },
                {
                    "token": " ",
                    "value": " ",
                    "keyword": null,
                    "type": 3,
                    "flags": 0,
                    "position": 32
                },
                {
                    "token": "(",
                    "value": "(",
                    "keyword": null,
                    "type": 2,
                    "flags": 16,
                    "position": 33
                },
                {
                    "token": "\n    ",
                    "value": " ",
                    "keyword": null,
                    "type": 3,
                    "flags": 0,
                    "position": 34
                },
                {
                    "token": "`id`",
                    "value": "id",
                    "keyword": null,
                    "type": 8,
                    "flags": 2,
                    "position": 39
                },
                {
                    "token": " ",
                    "value": " ",
                    "keyword": null,
                    "type": 3,
                    "flags": 0,
                    "position": 43
                },
                {
                    "token": "INT",
                    "value": "INT",
                    "keyword": "INT",
                    "type": 1,
                    "flags": 11,
                    "position": 44
                },
                {
                    "token": " ",
                    "value": " ",
                    "keyword": null,
                    "type": 3,
                    "flags": 0,
                    "position": 47
                },
                {
                    "token": "NOT NULL",
                    "value": "NOT NULL",
                    "keyword": "NOT NULL",
                    "type": 1,
                    "flags": 7,
                    "position": 48
                },
                {
                    "token": " ",
                    "value": " ",
                    "keyword": null,
                    "type": 3,
                    "flags": 0,
                    "position": 56
                },
                {
                    "token": "AUTO_INCREMENT",
                    "value": "AUTO_INCREMENT",
                    "keyword": "AUTO_INCREMENT",
                    "type": 1,
                    "flags": 1,
                    "position": 57
                },
                {
                    "token": ",",
                    "value": ",",
                    "keyword": null,
                    "type": 2,
                    "flags": 16,
                    "position": 71
                },
                {
                    "token": "\n    ",
                    "value": " ",
                    "keyword": null,
                    "type": 3,
                    "flags": 0,
                    "position": 72
                },
                {
                    "token": "username",
                    "value": "username",
                    "keyword": null,
                    "type": 0,
                    "flags": 0,
                    "position": 77
                },
                {
                    "token": " ",
                    "value": " ",
                    "keyword": null,
                    "type": 3,
                    "flags": 0,
                    "position": 85
                },
                {
                    "token": "VARCHAR",
                    "value": "VARCHAR",
                    "keyword": "VARCHAR",
                    "type": 1,
                    "flags": 11,
                    "position": 86
                },
                {
                    "token": "(",
                    "value": "(",
                    "keyword": null,
                    "type": 2,
                    "flags": 16,
                    "position": 93
                },
                {
                    "token": "64",
                    "value": 64,
                    "keyword": null,
                    "type": 6,
                    "flags": 0,
                    "position": 94
                },
                {
                    "token": ")",
                    "value": ")",
                    "keyword": null,
                    "type": 2,
                    "flags": 16,
                    "position": 96
                },
                {
                    "token": " ",
                    "value": " ",
                    "keyword": null,
                    "type": 3,
                    "flags": 0,
                    "position": 97
                },
                {
                    "token": "NULL",
                    "value": "NULL",
                    "keyword": "NULL",
                    "type": 1,
                    "flags": 3,
                    "position": 98
                },
                {
                    "token": ",",
                    "value": ",",
                    "keyword": null,
                    "type": 2,
                    "flags": 16,
                    "position": 102
                },
                {
                    "token": "\n    ",
                    "value": " ",
                    "keyword": null,
                    "type": 3,
                    "flags": 0,
                    "position": 103
                },
                {
                    "token": "`password`",
                    "value": "password",
                    "keyword": null,
                    "type": 8,
                    "flags": 2,
                    "position": 108
                },
                {
                    "token": " ",
                    "value": " ",
                    "keyword": null,
                    "type": 3,
                    "flags": 0,
                    "position": 118
                },
                {
                    "token": "VARCHAR",
                    "value": "VARCHAR",
                    "keyword": "VARCHAR",
                    "type": 1,
                    "flags": 11,
                    "position": 119
                },
                {
                    "token": "(",
                    "value": "(",
                    "keyword": null,
                    "type": 2,
                    "flags": 16,
                    "position": 126
                },
                {
                    "token": "256",
                    "value": 256,
                    "keyword": null,
                    "type": 6,
                    "flags": 0,
                    "position": 127
                },
                {
                    "token": ")",
                    "value": ")",
                    "keyword": null,
                    "type": 2,
                    "flags": 16,
                    "position": 130
                },
                {
                    "token": " ",
                    "value": " ",
                    "keyword": null,
                    "type": 3,
                    "flags": 0,
                    "position": 131
                },
                {
                    "token": "DEFAULT",
                    "value": "DEFAULT",
                    "keyword": "DEFAULT",
                    "type": 1,
                    "flags": 35,
                    "position": 132
                },
                {
                    "token": " ",
                    "value": " ",
                    "keyword": null,
                    "type": 3,
                    "flags": 0,
                    "position": 139
                },
                {
                    "token": "'123456'",
                    "value": "123456",
                    "keyword": null,
                    "type": 7,
                    "flags": 1,
                    "position": 140
                },
                {
                    "token": ",",
                    "value": ",",
                    "keyword": null,
                    "type": 2,
                    "flags": 16,
                    "position": 148
                },
                {
                    "token": "\n    ",
                    "value": " ",
                    "keyword": null,
                    "type": 3,
                    "flags": 0,
                    "position": 149
                },
                {
                    "token": "CONSTRAINT",
                    "value": "CONSTRAINT",
                    "keyword": "CONSTRAINT",
                    "type": 1,
                    "flags": 3,
                    "position": 154
                },
                {
                    "token": " ",
                    "value": " ",
                    "keyword": null,
                    "type": 3,
                    "flags": 0,
                    "position": 164
                },
                {
                    "token": "pk_id",
                    "value": "pk_id",
                    "keyword": null,
                    "type": 0,
                    "flags": 0,
                    "position": 165
                },
                {
                    "token": " ",
                    "value": " ",
                    "keyword": null,
                    "type": 3,
                    "flags": 0,
                    "position": 170
                },
                {
                    "token": "PRIMARY KEY",
                    "value": "PRIMARY KEY",
                    "keyword": "PRIMARY KEY",
                    "type": 1,
                    "flags": 23,
                    "position": 171
                },
                {
                    "token": " ",
                    "value": " ",
                    "keyword": null,
                    "type": 3,
                    "flags": 0,
                    "position": 182
                },
                {
                    "token": "(",
                    "value": "(",
                    "keyword": null,
                    "type": 2,
                    "flags": 16,
                    "position": 183
                },
                {
                    "token": "`id`",
                    "value": "id",
                    "keyword": null,
                    "type": 8,
                    "flags": 2,
                    "position": 184
                },
                {
                    "token": ")",
                    "value": ")",
                    "keyword": null,
                    "type": 2,
                    "flags": 16,
                    "position": 188
                },
                {
                    "token": ",",
                    "value": ",",
                    "keyword": null,
                    "type": 2,
                    "flags": 16,
                    "position": 189
                },
                {
                    "token": "\n    ",
                    "value": " ",
                    "keyword": null,
                    "type": 3,
                    "flags": 0,
                    "position": 190
                },
                {
                    "token": "UNIQUE",
                    "value": "UNIQUE",
                    "keyword": "UNIQUE",
                    "type": 1,
                    "flags": 19,
                    "position": 195
                },
                {
                    "token": " ",
                    "value": " ",
                    "keyword": null,
                    "type": 3,
                    "flags": 0,
                    "position": 201
                },
                {
                    "token": "(",
                    "value": "(",
                    "keyword": null,
                    "type": 2,
                    "flags": 16,
                    "position": 202
                },
                {
                    "token": "username",
                    "value": "username",
                    "keyword": null,
                    "type": 0,
                    "flags": 0,
                    "position": 203
                },
                {
                    "token": ")",
                    "value": ")",
                    "keyword": null,
                    "type": 2,
                    "flags": 16,
                    "position": 211
                },
                {
                    "token": "\n",
                    "value": " ",
                    "keyword": null,
                    "type": 3,
                    "flags": 0,
                    "position": 212
                },
                {
                    "token": ")",
                    "value": ")",
                    "keyword": null,
                    "type": 2,
                    "flags": 16,
                    "position": 213
                },
                {
                    "token": " ",
                    "value": " ",
                    "keyword": null,
                    "type": 3,
                    "flags": 0,
                    "position": 214
                },
                {
                    "token": "ENGINE",
                    "value": "ENGINE",
                    "keyword": "ENGINE",
                    "type": 1,
                    "flags": 1,
                    "position": 215
                },
                {
                    "token": "=",
                    "value": "=",
                    "keyword": null,
                    "type": 2,
                    "flags": 2,
                    "position": 221
                },
                {
                    "token": "InnoDB",
                    "value": "InnoDB",
                    "keyword": null,
                    "type": 0,
                    "flags": 0,
                    "position": 222
                },
                {
                    "token": ";",
                    "value": ";",
                    "keyword": null,
                    "type": 9,
                    "flags": 0,
                    "position": 228
                },
                {
                    "token": null,
                    "value": null,
                    "keyword": null,
                    "type": 9,
                    "flags": 0,
                    "position": null
                }
            ],
            "count": 65,
            "idx": 65
        },
        "delimiter": ";",
        "delimiterLen": 1,
        "strict": false,
        "errors": []
    },
    "parser": {
        "list": {
            "tokens": [
                {
                    "token": "CREATE",
                    "value": "CREATE",
                    "keyword": "CREATE",
                    "type": 1,
                    "flags": 3,
                    "position": 0
                },
                {
                    "token": " ",
                    "value": " ",
                    "keyword": null,
                    "type": 3,
                    "flags": 0,
                    "position": 6
                },
                {
                    "token": "TABLE",
                    "value": "TABLE",
                    "keyword": "TABLE",
                    "type": 1,
                    "flags": 3,
                    "position": 7
                },
                {
                    "token": " ",
                    "value": " ",
                    "keyword": null,
                    "type": 3,
                    "flags": 0,
                    "position": 12
                },
                {
                    "token": "IF NOT EXISTS",
                    "value": "IF NOT EXISTS",
                    "keyword": "IF NOT EXISTS",
                    "type": 1,
                    "flags": 7,
                    "position": 13
                },
                {
                    "token": " ",
                    "value": " ",
                    "keyword": null,
                    "type": 3,
                    "flags": 0,
                    "position": 26
                },
                {
                    "token": "users",
                    "value": "users",
                    "keyword": null,
                    "type": 0,
                    "flags": 0,
                    "position": 27
                },
                {
                    "token": " ",
                    "value": " ",
                    "keyword": null,
                    "type": 3,
                    "flags": 0,
                    "position": 32
                },
                {
                    "token": "(",
                    "value": "(",
                    "keyword": null,
                    "type": 2,
                    "flags": 16,
                    "position": 33
                },
                {
                    "token": "\n    ",
                    "value": " ",
                    "keyword": null,
                    "type": 3,
                    "flags": 0,
                    "position": 34
                },
                {
                    "token": "`id`",
                    "value": "id",
                    "keyword": null,
                    "type": 8,
                    "flags": 2,
                    "position": 39
                },
                {
                    "token": " ",
                    "value": " ",
                    "keyword": null,
                    "type": 3,
                    "flags": 0,
                    "position": 43
                },
                {
                    "token": "INT",
                    "value": "INT",
                    "keyword": "INT",
                    "type": 1,
                    "flags": 11,
                    "position": 44
                },
                {
                    "token": " ",
                    "value": " ",
                    "keyword": null,
                    "type": 3,
                    "flags": 0,
                    "position": 47
                },
                {
                    "token": "NOT NULL",
                    "value": "NOT NULL",
                    "keyword": "NOT NULL",
                    "type": 1,
                    "flags": 7,
                    "position": 48
                },
                {
                    "token": " ",
                    "value": " ",
                    "keyword": null,
                    "type": 3,
                    "flags": 0,
                    "position": 56
                },
                {
                    "token": "AUTO_INCREMENT",
                    "value": "AUTO_INCREMENT",
                    "keyword": "AUTO_INCREMENT",
                    "type": 1,
                    "flags": 1,
                    "position": 57
                },
                {
                    "token": ",",
                    "value": ",",
                    "keyword": null,
                    "type": 2,
                    "flags": 16,
                    "position": 71
                },
                {
                    "token": "\n    ",
                    "value": " ",
                    "keyword": null,
                    "type": 3,
                    "flags": 0,
                    "position": 72
                },
                {
                    "token": "username",
                    "value": "username",
                    "keyword": null,
                    "type": 0,
                    "flags": 0,
                    "position": 77
                },
                {
                    "token": " ",
                    "value": " ",
                    "keyword": null,
                    "type": 3,
                    "flags": 0,
                    "position": 85
                },
                {
                    "token": "VARCHAR",
                    "value": "VARCHAR",
                    "keyword": "VARCHAR",
                    "type": 1,
                    "flags": 11,
                    "position": 86
                },
                {
                    "token": "(",
                    "value": "(",
                    "keyword": null,
                    "type": 2,
                    "flags": 16,
                    "position": 93
                },
                {
                    "token": "64",
                    "value": 64,
                    "keyword": null,
                    "type": 6,
                    "flags": 0,
                    "position": 94
                },
                {
                    "token": ")",
                    "value": ")",
                    "keyword": null,
                    "type": 2,
                    "flags": 16,
                    "position": 96
                },
                {
                    "token": " ",
                    "value": " ",
                    "keyword": null,
                    "type": 3,
                    "flags": 0,
                    "position": 97
                },
                {
                    "token": "NULL",
                    "value": "NULL",
                    "keyword": "NULL",
                    "type": 1,
                    "flags": 3,
                    "position": 98
                },
                {
                    "token": ",",
                    "value": ",",
                    "keyword": null,
                    "type": 2,
                    "flags": 16,
                    "position": 102
                },
                {
                    "token": "\n    ",
                    "value": " ",
                    "keyword": null,
                    "type": 3,
                    "flags": 0,
                    "position": 103
                },
                {
                    "token": "`password`",
                    "value": "password",
                    "keyword": null,
                    "type": 8,
                    "flags": 2,
                    "position": 108
                },
                {
                    "token": " ",
                    "value": " ",
                    "keyword": null,
                    "type": 3,
                    "flags": 0,
                    "position": 118
                },
                {
                    "token": "VARCHAR",
                    "value": "VARCHAR",
                    "keyword": "VARCHAR",
                    "type": 1,
                    "flags": 11,
                    "position": 119
                },
                {
                    "token": "(",
                    "value": "(",
                    "keyword": null,
                    "type": 2,
                    "flags": 16,
                    "position": 126
                },
                {
                    "token": "256",
                    "value": 256,
                    "keyword": null,
                    "type": 6,
                    "flags": 0,
                    "position": 127
                },
                {
                    "token": ")",
                    "value": ")",
                    "keyword": null,
                    "type": 2,
                    "flags": 16,
                    "position": 130
                },
                {
                    "token": " ",
                    "value": " ",
                    "keyword": null,
                    "type": 3,
                    "flags": 0,
                    "position": 131
                },
                {
                    "token": "DEFAULT",
                    "value": "DEFAULT",
                    "keyword": "DEFAULT",
                    "type": 1,
                    "flags": 35,
                    "position": 132
                },
                {
                    "token": " ",
                    "value": " ",
                    "keyword": null,
                    "type": 3,
                    "flags": 0,
                    "position": 139
                },
                {
                    "token": "'123456'",
                    "value": "123456",
                    "keyword": null,
                    "type": 7,
                    "flags": 1,
                    "position": 140
                },
                {
                    "token": ",",
                    "value": ",",
                    "keyword": null,
                    "type": 2,
                    "flags": 16,
                    "position": 148
                },
                {
                    "token": "\n    ",
                    "value": " ",
                    "keyword": null,
                    "type": 3,
                    "flags": 0,
                    "position": 149
                },
                {
                    "token": "CONSTRAINT",
                    "value": "CONSTRAINT",
                    "keyword": "CONSTRAINT",
                    "type": 1,
                    "flags": 3,
                    "position": 154
                },
                {
                    "token": " ",
                    "value": " ",
                    "keyword": null,
                    "type": 3,
                    "flags": 0,
                    "position": 164
                },
                {
                    "token": "pk_id",
                    "value": "pk_id",
                    "keyword": null,
                    "type": 0,
                    "flags": 0,
                    "position": 165
                },
                {
                    "token": " ",
                    "value": " ",
                    "keyword": null,
                    "type": 3,
                    "flags": 0,
                    "position": 170
                },
                {
                    "token": "PRIMARY KEY",
                    "value": "PRIMARY KEY",
                    "keyword": "PRIMARY KEY",
                    "type": 1,
                    "flags": 23,
                    "position": 171
                },
                {
                    "token": " ",
                    "value": " ",
                    "keyword": null,
                    "type": 3,
                    "flags": 0,
                    "position": 182
                },
                {
                    "token": "(",
                    "value": "(",
                    "keyword": null,
                    "type": 2,
                    "flags": 16,
                    "position": 183
                },
                {
                    "token": "`id`",
                    "value": "id",
                    "keyword": null,
                    "type": 8,
                    "flags": 2,
                    "position": 184
                },
                {
                    "token": ")",
                    "value": ")",
                    "keyword": null,
                    "type": 2,
                    "flags": 16,
                    "position": 188
                },
                {
                    "token": ",",
                    "value": ",",
                    "keyword": null,
                    "type": 2,
                    "flags": 16,
                    "position": 189
                },
                {
                    "token": "\n    ",
                    "value": " ",
                    "keyword": null,
                    "type": 3,
                    "flags": 0,
                    "position": 190
                },
                {
                    "token": "UNIQUE",
                    "value": "UNIQUE",
                    "keyword": "UNIQUE",
                    "type": 1,
                    "flags": 19,
                    "position": 195
                },
                {
                    "token": " ",
                    "value": " ",
                    "keyword": null,
                    "type": 3,
                    "flags": 0,
                    "position": 201
                },
                {
                    "token": "(",
                    "value": "(",
                    "keyword": null,
                    "type": 2,
                    "flags": 16,
                    "position": 202
                },
                {
                    "token": "username",
                    "value": "username",
                    "keyword": null,
                    "type": 0,
                    "flags": 0,
                    "position": 203
                },
                {
                    "token": ")",
                    "value": ")",
                    "keyword": null,
                    "type": 2,
                    "flags": 16,
                    "position": 211
                },
                {
                    "token": "\n",
                    "value": " ",
                    "keyword": null,
                    "type": 3,
                    "flags": 0,
                    "position": 212
                },
                {
                    "token": ")",
                    "value": ")",
                    "keyword": null,
                    "type": 2,
                    "flags": 16,
                    "position": 213
                },
                {
                    "token": " ",
                    "value": " ",
                    "keyword": null,
                    "type": 3,
                    "flags": 0,
                    "position": 214
                },
                {
                    "token": "ENGINE",
                    "value": "ENGINE",
                    "keyword": "ENGINE",
                    "type": 1,
                    "flags": 1,
                    "position": 215
                },
                {
                    "token": "=",
                    "value": "=",
                    "keyword": null,
                    "type": 2,
                    "flags": 2,
                    "position": 221
                },
                {
                    "token": "InnoDB",
                    "value": "InnoDB",
                    "keyword": null,
                    "type": 0,
                    "flags": 0,
                    "position": 222
                },
                {
                    "token": ";",
                    "value": ";",
                    "keyword": null,
                    "type": 9,
                    "flags": 0,
                    "position": 228
                },
                {
                    "token": null,
                    "value": null,
                    "keyword": null,
                    "type": 9,
                    "flags": 0,
                    "position": null
                }
            ],
            "count": 65,
            "idx": 65
        },
        "statements": [
            {
                "name": {
                    "database": null,
                    "table": "users",
                    "column": null,
                    "expr": "users",
                    "alias": null,
                    "function": null,
                    "subquery": null
                },
                "entityOptions": {
                    "options": {
                        "1": {
                            "name": "ENGINE",
                            "equals": true,
                            "expr": "InnoDB",
                            "value": "InnoDB"
                        }
                    }
                },
                "fields": [
                    {
                        "name": "id",
                        "isConstraint": null,
                        "type": {
                            "name": "INT",
                            "parameters": [],
                            "options": {
                                "options": []
                            }
                        },
                        "key": null,
                        "references": null,
                        "options": {
                            "options": {
                                "1": "NOT NULL",
                                "3": "AUTO_INCREMENT"
                            }
                        }
                    },
                    {
                        "name": "username",
                        "isConstraint": null,
                        "type": {
                            "name": "VARCHAR",
                            "parameters": [
                                "64"
                            ],
                            "options": {
                                "options": []
                            }
                        },
                        "key": null,
                        "references": null,
                        "options": {
                            "options": {
                                "1": "NULL"
                            }
                        }
                    },
                    {
                        "name": "password",
                        "isConstraint": null,
                        "type": {
                            "name": "VARCHAR",
                            "parameters": [
                                "256"
                            ],
                            "options": {
                                "options": []
                            }
                        },
                        "key": null,
                        "references": null,
                        "options": {
                            "options": {
                                "2": {
                                    "name": "DEFAULT",
                                    "equals": false,
                                    "expr": {
                                        "database": null,
                                        "table": null,
                                        "column": "123456",
                                        "expr": "'123456'",
                                        "alias": null,
                                        "function": null,
                                        "subquery": null
                                    },
                                    "value": "'123456'"
                                }
                            }
                        }
                    },
                    {
                        "name": "pk_id",
                        "isConstraint": true,
                        "type": null,
                        "key": {
                            "name": null,
                            "columns": [
                                {
                                    "name": "id"
                                }
                            ],
                            "type": "PRIMARY KEY",
                            "expr": null,
                            "options": {
                                "options": []
                            }
                        },
                        "references": null,
                        "options": null
                    },
                    {
                        "name": null,
                        "isConstraint": null,
                        "type": null,
                        "key": {
                            "name": null,
                            "columns": [
                                {
                                    "name": "username"
                                }
                            ],
                            "type": "UNIQUE",
                            "expr": null,
                            "options": {
                                "options": []
                            }
                        },
                        "references": null,
                        "options": null
                    }
                ],
                "with": null,
                "select": null,
                "like": null,
                "partitionBy": null,
                "partitionsNum": null,
                "subpartitionBy": null,
                "subpartitionsNum": null,
                "partitions": null,
                "table": null,
                "return": null,
                "parameters": null,
                "body": [],
                "options": {
                    "options": {
                        "6": "TABLE",
                        "7": "IF NOT EXISTS"
                    }
                },
                "first": 0,
                "last": 63
            }
        ],
        "brackets": 0,
        "strict": false,
        "errors": []
    },
    "errors": {
        "lexer": [],
        "parser": []
    }
}