a:4:{s:5:"query";s:23:"PURGE BINARY LOGS INTO;";s:5:"lexer";O:26:"PhpMyAdmin\SqlParser\Lexer":8:{s:3:"str";s:23:"PURGE BINARY LOGS INTO;";s:3:"len";i:23;s:4:"last";i:23;s:4:"list";O:31:"PhpMyAdmin\SqlParser\TokensList":3:{s:6:"tokens";a:9:{i:0;O:26:"PhpMyAdmin\SqlParser\Token":6:{s:5:"token";s:5:"PURGE";s:5:"value";s:5:"PURGE";s:7:"keyword";s:5:"PURGE";s:4:"type";i:1;s:5:"flags";i:3;s:8:"position";i:0;}i:1;O:26:"PhpMyAdmin\SqlParser\Token":6:{s:5:"token";s:1:" ";s:5:"value";s:1:" ";s:7:"keyword";N;s:4:"type";i:3;s:5:"flags";i:0;s:8:"position";i:5;}i:2;O:26:"PhpMyAdmin\SqlParser\Token":6:{s:5:"token";s:6:"BINARY";s:5:"value";s:6:"BINARY";s:7:"keyword";s:6:"BINARY";s:4:"type";i:1;s:5:"flags";i:43;s:8:"position";i:6;}i:3;O:26:"PhpMyAdmin\SqlParser\Token":6:{s:5:"token";s:1:" ";s:5:"value";s:1:" ";s:7:"keyword";N;s:4:"type";i:3;s:5:"flags";i:0;s:8:"position";i:12;}i:4;O:26:"PhpMyAdmin\SqlParser\Token":6:{s:5:"token";s:4:"LOGS";s:5:"value";s:4:"LOGS";s:7:"keyword";s:4:"LOGS";s:4:"type";i:1;s:5:"flags";i:1;s:8:"position";i:13;}i:5;O:26:"PhpMyAdmin\SqlParser\Token":6:{s:5:"token";s:1:" ";s:5:"value";s:1:" ";s:7:"keyword";N;s:4:"type";i:3;s:5:"flags";i:0;s:8:"position";i:17;}i:6;O:26:"PhpMyAdmin\SqlParser\Token":6:{s:5:"token";s:4:"INTO";s:5:"value";s:4:"INTO";s:7:"keyword";s:4:"INTO";s:4:"type";i:1;s:5:"flags";i:3;s:8:"position";i:18;}i:7;O:26:"PhpMyAdmin\SqlParser\Token":6:{s:5:"token";s:1:";";s:5:"value";s:1:";";s:7:"keyword";N;s:4:"type";i:9;s:5:"flags";i:0;s:8:"position";i:22;}i:8;O:26:"PhpMyAdmin\SqlParser\Token":6:{s:5:"token";N;s:5:"value";N;s:7:"keyword";N;s:4:"type";i:9;s:5:"flags";i:0;s:8:"position";N;}}s:5:"count";i:9;s:3:"idx";i:9;}s:9:"delimiter";s:1:";";s:12:"delimiterLen";i:1;s:6:"strict";b:0;s:6:"errors";a:0:{}}s:6:"parser";O:27:"PhpMyAdmin\SqlParser\Parser":5:{s:4:"list";r:7;s:10:"statements";a:1:{i:0;O:46:"PhpMyAdmin\SqlParser\Statements\PurgeStatement":6:{s:8:"log_type";s:6:"BINARY";s:10:"end_option";N;s:8:"end_expr";N;s:7:"options";N;s:5:"first";i:0;s:4:"last";i:7;}}s:8:"brackets";i:0;s:6:"strict";b:0;s:6:"errors";a:0:{}}s:6:"errors";a:2:{s:5:"lexer";a:0:{}s:6:"parser";a:2:{i:0;a:3:{i:0;s:18:"Unexpected keyword";i:1;r:51;i:2;i:0;}i:1;a:3:{i:0;s:17:"Unexpected token.";i:1;r:51;i:2;i:0;}}}}