{
    "query": "ALTER EVENT my_event RENAME TO my_new_event;\n",
    "lexer": {
        "KEYWORD_NAME_INDICATORS": [
            "FROM",
            "SET",
            "WHERE"
        ],
        "OPERATOR_NAME_INDICATORS": [
            ",",
            "."
        ],
        "str": "ALTER EVENT my_event RENAME TO my_new_event;\n",
        "len": 45,
        "last": 45,
        "list": {
            "tokens": [
                {
                    "token": "ALTER",
                    "value": "ALTER",
                    "keyword": "ALTER",
                    "type": 1,
                    "flags": 3,
                    "position": 0
                },
                {
                    "token": " ",
                    "value": " ",
                    "keyword": null,
                    "type": 3,
                    "flags": 0,
                    "position": 5
                },
                {
                    "token": "EVENT",
                    "value": "EVENT",
                    "keyword": "EVENT",
                    "type": 1,
                    "flags": 1,
                    "position": 6
                },
                {
                    "token": " ",
                    "value": " ",
                    "keyword": null,
                    "type": 3,
                    "flags": 0,
                    "position": 11
                },
                {
                    "token": "my_event",
                    "value": "my_event",
                    "keyword": null,
                    "type": 0,
                    "flags": 0,
                    "position": 12
                },
                {
                    "token": " ",
                    "value": " ",
                    "keyword": null,
                    "type": 3,
                    "flags": 0,
                    "position": 20
                },
                {
                    "token": "RENAME",
                    "value": "RENAME",
                    "keyword": "RENAME",
                    "type": 1,
                    "flags": 3,
                    "position": 21
                },
                {
                    "token": " ",
                    "value": " ",
                    "keyword": null,
                    "type": 3,
                    "flags": 0,
                    "position": 27
                },
                {
                    "token": "TO",
                    "value": "TO",
                    "keyword": "TO",
                    "type": 1,
                    "flags": 3,
                    "position": 28
                },
                {
                    "token": " ",
                    "value": " ",
                    "keyword": null,
                    "type": 3,
                    "flags": 0,
                    "position": 30
                },
                {
                    "token": "my_new_event",
                    "value": "my_new_event",
                    "keyword": null,
                    "type": 0,
                    "flags": 0,
                    "position": 31
                },
                {
                    "token": ";",
                    "value": ";",
                    "keyword": null,
                    "type": 9,
                    "flags": 0,
                    "position": 43
                },
                {
                    "token": "\n",
                    "value": " ",
                    "keyword": null,
                    "type": 3,
                    "flags": 0,
                    "position": 44
                },
                {
                    "token": null,
                    "value": null,
                    "keyword": null,
                    "type": 9,
                    "flags": 0,
                    "position": null
                }
            ],
            "count": 14,
            "idx": 14
        },
        "delimiter": ";",
        "delimiterLen": 1,
        "strict": false,
        "errors": []
    },
    "parser": {
        "list": {
            "tokens": [
                {
                    "token": "ALTER",
                    "value": "ALTER",
                    "keyword": "ALTER",
                    "type": 1,
                    "flags": 3,
                    "position": 0
                },
                {
                    "token": " ",
                    "value": " ",
                    "keyword": null,
                    "type": 3,
                    "flags": 0,
                    "position": 5
                },
                {
                    "token": "EVENT",
                    "value": "EVENT",
                    "keyword": "EVENT",
                    "type": 1,
                    "flags": 1,
                    "position": 6
                },
                {
                    "token": " ",
                    "value": " ",
                    "keyword": null,
                    "type": 3,
                    "flags": 0,
                    "position": 11
                },
                {
                    "token": "my_event",
                    "value": "my_event",
                    "keyword": null,
                    "type": 0,
                    "flags": 0,
                    "position": 12
                },
                {
                    "token": " ",
                    "value": " ",
                    "keyword": null,
                    "type": 3,
                    "flags": 0,
                    "position": 20
                },
                {
                    "token": "RENAME",
                    "value": "RENAME",
                    "keyword": "RENAME",
                    "type": 1,
                    "flags": 3,
                    "position": 21
                },
                {
                    "token": " ",
                    "value": " ",
                    "keyword": null,
                    "type": 3,
                    "flags": 0,
                    "position": 27
                },
                {
                    "token": "TO",
                    "value": "TO",
                    "keyword": "TO",
                    "type": 1,
                    "flags": 3,
                    "position": 28
                },
                {
                    "token": " ",
                    "value": " ",
                    "keyword": null,
                    "type": 3,
                    "flags": 0,
                    "position": 30
                },
                {
                    "token": "my_new_event",
                    "value": "my_new_event",
                    "keyword": null,
                    "type": 0,
                    "flags": 0,
                    "position": 31
                },
                {
                    "token": ";",
                    "value": ";",
                    "keyword": null,
                    "type": 9,
                    "flags": 0,
                    "position": 43
                },
                {
                    "token": "\n",
                    "value": " ",
                    "keyword": null,
                    "type": 3,
                    "flags": 0,
                    "position": 44
                },
                {
                    "token": null,
                    "value": null,
                    "keyword": null,
                    "type": 9,
                    "flags": 0,
                    "position": null
                }
            ],
            "count": 14,
            "idx": 14
        },
        "statements": [
            {
                "table": {
                    "database": null,
                    "table": "my_event",
                    "column": null,
                    "expr": "my_event",
                    "alias": null,
                    "function": null,
                    "subquery": null
                },
                "altered": [
                    {
                        "options": {
                            "options": {
                                "6": "RENAME",
                                "7": {
                                    "name": "TO",
                                    "equals": false,
                                    "expr": {
                                        "database": null,
                                        "table": "my_new_event",
                                        "column": null,
                                        "expr": "my_new_event",
                                        "alias": null,
                                        "function": null,
                                        "subquery": null
                                    },
                                    "value": "my_new_event"
                                }
                            }
                        },
                        "field": null,
                        "partitions": null,
                        "unknown": []
                    }
                ],
                "options": {
                    "options": {
                        "3": "EVENT"
                    }
                },
                "first": 0,
                "last": 11
            }
        ],
        "brackets": 0,
        "strict": false,
        "errors": []
    },
    "errors": {
        "lexer": [],
        "parser": []
    }
}