{
    "query": "DELETE QUICK USING table1, table2.*",
    "lexer": {
        "KEYWORD_NAME_INDICATORS": [
            "FROM",
            "SET",
            "WHERE"
        ],
        "OPERATOR_NAME_INDICATORS": [
            ",",
            "."
        ],
        "str": "DELETE QUICK USING table1, table2.*",
        "len": 35,
        "last": 35,
        "list": {
            "tokens": [
                {
                    "token": "DELETE",
                    "value": "DELETE",
                    "keyword": "DELETE",
                    "type": 1,
                    "flags": 3,
                    "position": 0
                },
                {
                    "token": " ",
                    "value": " ",
                    "keyword": null,
                    "type": 3,
                    "flags": 0,
                    "position": 6
                },
                {
                    "token": "QUICK",
                    "value": "QUICK",
                    "keyword": "QUICK",
                    "type": 1,
                    "flags": 1,
                    "position": 7
                },
                {
                    "token": " ",
                    "value": " ",
                    "keyword": null,
                    "type": 3,
                    "flags": 0,
                    "position": 12
                },
                {
                    "token": "USING",
                    "value": "USING",
                    "keyword": "USING",
                    "type": 1,
                    "flags": 3,
                    "position": 13
                },
                {
                    "token": " ",
                    "value": " ",
                    "keyword": null,
                    "type": 3,
                    "flags": 0,
                    "position": 18
                },
                {
                    "token": "table1",
                    "value": "table1",
                    "keyword": null,
                    "type": 0,
                    "flags": 0,
                    "position": 19
                },
                {
                    "token": ",",
                    "value": ",",
                    "keyword": null,
                    "type": 2,
                    "flags": 16,
                    "position": 25
                },
                {
                    "token": " ",
                    "value": " ",
                    "keyword": null,
                    "type": 3,
                    "flags": 0,
                    "position": 26
                },
                {
                    "token": "table2",
                    "value": "table2",
                    "keyword": null,
                    "type": 0,
                    "flags": 0,
                    "position": 27
                },
                {
                    "token": ".",
                    "value": ".",
                    "keyword": null,
                    "type": 2,
                    "flags": 16,
                    "position": 33
                },
                {
                    "token": "*",
                    "value": "*",
                    "keyword": null,
                    "type": 2,
                    "flags": 1,
                    "position": 34
                },
                {
                    "token": null,
                    "value": null,
                    "keyword": null,
                    "type": 9,
                    "flags": 0,
                    "position": null
                }
            ],
            "count": 13,
            "idx": 14
        },
        "delimiter": ";",
        "delimiterLen": 1,
        "strict": false,
        "errors": []
    },
    "parser": {
        "list": {
            "tokens": [
                {
                    "token": "DELETE",
                    "value": "DELETE",
                    "keyword": "DELETE",
                    "type": 1,
                    "flags": 3,
                    "position": 0
                },
                {
                    "token": " ",
                    "value": " ",
                    "keyword": null,
                    "type": 3,
                    "flags": 0,
                    "position": 6
                },
                {
                    "token": "QUICK",
                    "value": "QUICK",
                    "keyword": "QUICK",
                    "type": 1,
                    "flags": 1,
                    "position": 7
                },
                {
                    "token": " ",
                    "value": " ",
                    "keyword": null,
                    "type": 3,
                    "flags": 0,
                    "position": 12
                },
                {
                    "token": "USING",
                    "value": "USING",
                    "keyword": "USING",
                    "type": 1,
                    "flags": 3,
                    "position": 13
                },
                {
                    "token": " ",
                    "value": " ",
                    "keyword": null,
                    "type": 3,
                    "flags": 0,
                    "position": 18
                },
                {
                    "token": "table1",
                    "value": "table1",
                    "keyword": null,
                    "type": 0,
                    "flags": 0,
                    "position": 19
                },
                {
                    "token": ",",
                    "value": ",",
                    "keyword": null,
                    "type": 2,
                    "flags": 16,
                    "position": 25
                },
                {
                    "token": " ",
                    "value": " ",
                    "keyword": null,
                    "type": 3,
                    "flags": 0,
                    "position": 26
                },
                {
                    "token": "table2",
                    "value": "table2",
                    "keyword": null,
                    "type": 0,
                    "flags": 0,
                    "position": 27
                },
                {
                    "token": ".",
                    "value": ".",
                    "keyword": null,
                    "type": 2,
                    "flags": 16,
                    "position": 33
                },
                {
                    "token": "*",
                    "value": "*",
                    "keyword": null,
                    "type": 2,
                    "flags": 1,
                    "position": 34
                },
                {
                    "token": null,
                    "value": null,
                    "keyword": null,
                    "type": 9,
                    "flags": 0,
                    "position": null
                }
            ],
            "count": 13,
            "idx": 14
        },
        "statements": [
            {
                "from": null,
                "join": null,
                "using": null,
                "columns": null,
                "partition": null,
                "where": null,
                "order": null,
                "limit": null,
                "options": {
                    "options": {
                        "2": "QUICK"
                    }
                },
                "first": 0,
                "last": 3
            }
        ],
        "brackets": 0,
        "strict": false,
        "errors": []
    },
    "errors": {
        "lexer": [],
        "parser": [
            [
                "Unexpected keyword.",
                {
                    "token": "USING",
                    "value": "USING",
                    "keyword": "USING",
                    "type": 1,
                    "flags": 3,
                    "position": 13
                },
                0
            ],
            [
                "Unrecognized statement type.",
                {
                    "token": "USING",
                    "value": "USING",
                    "keyword": "USING",
                    "type": 1,
                    "flags": 3,
                    "position": 13
                },
                0
            ]
        ]
    }
}