{
    "query": "LOAD DATA CONCURRENT INFILE 'employee1.txt' INTO TABLE employee;",
    "lexer": {
        "KEYWORD_NAME_INDICATORS": [
            "FROM",
            "SET",
            "WHERE"
        ],
        "OPERATOR_NAME_INDICATORS": [
            ",",
            "."
        ],
        "str": "LOAD DATA CONCURRENT INFILE 'employee1.txt' INTO TABLE employee;",
        "len": 64,
        "last": 64,
        "list": {
            "tokens": [
                {
                    "token": "LOAD DATA",
                    "value": "LOAD DATA",
                    "keyword": "LOAD DATA",
                    "type": 1,
                    "flags": 7,
                    "position": 0
                },
                {
                    "token": " ",
                    "value": " ",
                    "keyword": null,
                    "type": 3,
                    "flags": 0,
                    "position": 9
                },
                {
                    "token": "CONCURRENT",
                    "value": "CONCURRENT",
                    "keyword": "CONCURRENT",
                    "type": 1,
                    "flags": 1,
                    "position": 10
                },
                {
                    "token": " ",
                    "value": " ",
                    "keyword": null,
                    "type": 3,
                    "flags": 0,
                    "position": 20
                },
                {
                    "token": "INFILE",
                    "value": "INFILE",
                    "keyword": "INFILE",
                    "type": 1,
                    "flags": 3,
                    "position": 21
                },
                {
                    "token": " ",
                    "value": " ",
                    "keyword": null,
                    "type": 3,
                    "flags": 0,
                    "position": 27
                },
                {
                    "token": "'employee1.txt'",
                    "value": "employee1.txt",
                    "keyword": null,
                    "type": 7,
                    "flags": 1,
                    "position": 28
                },
                {
                    "token": " ",
                    "value": " ",
                    "keyword": null,
                    "type": 3,
                    "flags": 0,
                    "position": 43
                },
                {
                    "token": "INTO",
                    "value": "INTO",
                    "keyword": "INTO",
                    "type": 1,
                    "flags": 3,
                    "position": 44
                },
                {
                    "token": " ",
                    "value": " ",
                    "keyword": null,
                    "type": 3,
                    "flags": 0,
                    "position": 48
                },
                {
                    "token": "TABLE",
                    "value": "TABLE",
                    "keyword": "TABLE",
                    "type": 1,
                    "flags": 3,
                    "position": 49
                },
                {
                    "token": " ",
                    "value": " ",
                    "keyword": null,
                    "type": 3,
                    "flags": 0,
                    "position": 54
                },
                {
                    "token": "employee",
                    "value": "employee",
                    "keyword": null,
                    "type": 0,
                    "flags": 0,
                    "position": 55
                },
                {
                    "token": ";",
                    "value": ";",
                    "keyword": null,
                    "type": 9,
                    "flags": 0,
                    "position": 63
                },
                {
                    "token": null,
                    "value": null,
                    "keyword": null,
                    "type": 9,
                    "flags": 0,
                    "position": null
                }
            ],
            "count": 15,
            "idx": 15
        },
        "delimiter": ";",
        "delimiterLen": 1,
        "strict": false,
        "errors": []
    },
    "parser": {
        "list": {
            "tokens": [
                {
                    "token": "LOAD DATA",
                    "value": "LOAD DATA",
                    "keyword": "LOAD DATA",
                    "type": 1,
                    "flags": 7,
                    "position": 0
                },
                {
                    "token": " ",
                    "value": " ",
                    "keyword": null,
                    "type": 3,
                    "flags": 0,
                    "position": 9
                },
                {
                    "token": "CONCURRENT",
                    "value": "CONCURRENT",
                    "keyword": "CONCURRENT",
                    "type": 1,
                    "flags": 1,
                    "position": 10
                },
                {
                    "token": " ",
                    "value": " ",
                    "keyword": null,
                    "type": 3,
                    "flags": 0,
                    "position": 20
                },
                {
                    "token": "INFILE",
                    "value": "INFILE",
                    "keyword": "INFILE",
                    "type": 1,
                    "flags": 3,
                    "position": 21
                },
                {
                    "token": " ",
                    "value": " ",
                    "keyword": null,
                    "type": 3,
                    "flags": 0,
                    "position": 27
                },
                {
                    "token": "'employee1.txt'",
                    "value": "employee1.txt",
                    "keyword": null,
                    "type": 7,
                    "flags": 1,
                    "position": 28
                },
                {
                    "token": " ",
                    "value": " ",
                    "keyword": null,
                    "type": 3,
                    "flags": 0,
                    "position": 43
                },
                {
                    "token": "INTO",
                    "value": "INTO",
                    "keyword": "INTO",
                    "type": 1,
                    "flags": 3,
                    "position": 44
                },
                {
                    "token": " ",
                    "value": " ",
                    "keyword": null,
                    "type": 3,
                    "flags": 0,
                    "position": 48
                },
                {
                    "token": "TABLE",
                    "value": "TABLE",
                    "keyword": "TABLE",
                    "type": 1,
                    "flags": 3,
                    "position": 49
                },
                {
                    "token": " ",
                    "value": " ",
                    "keyword": null,
                    "type": 3,
                    "flags": 0,
                    "position": 54
                },
                {
                    "token": "employee",
                    "value": "employee",
                    "keyword": null,
                    "type": 0,
                    "flags": 0,
                    "position": 55
                },
                {
                    "token": ";",
                    "value": ";",
                    "keyword": null,
                    "type": 9,
                    "flags": 0,
                    "position": 63
                },
                {
                    "token": null,
                    "value": null,
                    "keyword": null,
                    "type": 9,
                    "flags": 0,
                    "position": null
                }
            ],
            "count": 15,
            "idx": 15
        },
        "statements": [
            {
                "file_name": {
                    "database": null,
                    "table": null,
                    "column": null,
                    "expr": "'employee1.txt'",
                    "alias": null,
                    "function": null,
                    "subquery": null,
                    "file": "employee1.txt"
                },
                "table": {
                    "database": null,
                    "table": "employee",
                    "column": null,
                    "expr": "employee",
                    "alias": null,
                    "function": null,
                    "subquery": null
                },
                "partition": null,
                "charset_name": null,
                "fields_options": null,
                "fields_keyword": null,
                "lines_options": null,
                "col_name_or_user_var": null,
                "set": null,
                "ignore_number": null,
                "replace_ignore": null,
                "lines_rows": null,
                "options": {
                    "options": {
                        "1": "CONCURRENT"
                    }
                },
                "first": 0,
                "last": 12
            }
        ],
        "brackets": 0,
        "strict": false,
        "errors": []
    },
    "errors": {
        "lexer": [],
        "parser": []
    }
}