{
    "query": "ANALYZE",
    "lexer": {
        "KEYWORD_NAME_INDICATORS": [
            "FROM",
            "SET",
            "WHERE"
        ],
        "OPERATOR_NAME_INDICATORS": [
            ",",
            "."
        ],
        "str": "ANALYZE",
        "len": 7,
        "last": 7,
        "list": {
            "tokens": [
                {
                    "token": "ANALYZE",
                    "value": "ANALYZE",
                    "keyword": "ANALYZE",
                    "type": 1,
                    "flags": 3,
                    "position": 0
                },
                {
                    "token": null,
                    "value": null,
                    "keyword": null,
                    "type": 9,
                    "flags": 0,
                    "position": null
                }
            ],
            "count": 2,
            "idx": 2
        },
        "delimiter": ";",
        "delimiterLen": 1,
        "strict": false,
        "errors": []
    },
    "parser": {
        "list": {
            "tokens": [
                {
                    "token": "ANALYZE",
                    "value": "ANALYZE",
                    "keyword": "ANALYZE",
                    "type": 1,
                    "flags": 3,
                    "position": 0
                },
                {
                    "token": null,
                    "value": null,
                    "keyword": null,
                    "type": 9,
                    "flags": 0,
                    "position": null
                }
            ],
            "count": 2,
            "idx": 2
        },
        "statements": [
            {
                "bodyParser": null,
                "statementAlias": "ANALYZE",
                "connectionId": null,
                "explainedDatabase": null,
                "explainedTable": null,
                "explainedColumn": null,
                "options": null,
                "first": 0,
                "last": 0
            }
        ],
        "brackets": 0,
        "strict": false,
        "errors": []
    },
    "errors": {
        "lexer": [],
        "parser": []
    }
}