{
    "query": "LOAD DATA INFILE '/tmp/test.txt' IGNORE\nINTO TABLE test\nCHARACTER SET 'utf8'\nCOLUMNS TERMINATED BY ','\nLINES TERMINATED BY ';'\nIGNORE 1 LINES\n(col1, col2)\nSET @a = 1;",
    "lexer": {
        "KEYWORD_NAME_INDICATORS": [
            "FROM",
            "SET",
            "WHERE"
        ],
        "OPERATOR_NAME_INDICATORS": [
            ",",
            "."
        ],
        "str": "LOAD DATA INFILE '/tmp/test.txt' IGNORE\nINTO TABLE test\nCHARACTER SET 'utf8'\nCOLUMNS TERMINATED BY ','\nLINES TERMINATED BY ';'\nIGNORE 1 LINES\n(col1, col2)\nSET @a = 1;",
        "len": 166,
        "last": 166,
        "list": {
            "tokens": [
                {
                    "token": "LOAD DATA",
                    "value": "LOAD DATA",
                    "keyword": "LOAD DATA",
                    "type": 1,
                    "flags": 7,
                    "position": 0
                },
                {
                    "token": " ",
                    "value": " ",
                    "keyword": null,
                    "type": 3,
                    "flags": 0,
                    "position": 9
                },
                {
                    "token": "INFILE",
                    "value": "INFILE",
                    "keyword": "INFILE",
                    "type": 1,
                    "flags": 3,
                    "position": 10
                },
                {
                    "token": " ",
                    "value": " ",
                    "keyword": null,
                    "type": 3,
                    "flags": 0,
                    "position": 16
                },
                {
                    "token": "'/tmp/test.txt'",
                    "value": "/tmp/test.txt",
                    "keyword": null,
                    "type": 7,
                    "flags": 1,
                    "position": 17
                },
                {
                    "token": " ",
                    "value": " ",
                    "keyword": null,
                    "type": 3,
                    "flags": 0,
                    "position": 32
                },
                {
                    "token": "IGNORE",
                    "value": "IGNORE",
                    "keyword": "IGNORE",
                    "type": 1,
                    "flags": 3,
                    "position": 33
                },
                {
                    "token": "\n",
                    "value": " ",
                    "keyword": null,
                    "type": 3,
                    "flags": 0,
                    "position": 39
                },
                {
                    "token": "INTO",
                    "value": "INTO",
                    "keyword": "INTO",
                    "type": 1,
                    "flags": 3,
                    "position": 40
                },
                {
                    "token": " ",
                    "value": " ",
                    "keyword": null,
                    "type": 3,
                    "flags": 0,
                    "position": 44
                },
                {
                    "token": "TABLE",
                    "value": "TABLE",
                    "keyword": "TABLE",
                    "type": 1,
                    "flags": 3,
                    "position": 45
                },
                {
                    "token": " ",
                    "value": " ",
                    "keyword": null,
                    "type": 3,
                    "flags": 0,
                    "position": 50
                },
                {
                    "token": "test",
                    "value": "test",
                    "keyword": null,
                    "type": 0,
                    "flags": 0,
                    "position": 51
                },
                {
                    "token": "\n",
                    "value": " ",
                    "keyword": null,
                    "type": 3,
                    "flags": 0,
                    "position": 55
                },
                {
                    "token": "CHARACTER SET",
                    "value": "CHARACTER SET",
                    "keyword": "CHARACTER SET",
                    "type": 1,
                    "flags": 7,
                    "position": 56
                },
                {
                    "token": " ",
                    "value": " ",
                    "keyword": null,
                    "type": 3,
                    "flags": 0,
                    "position": 69
                },
                {
                    "token": "'utf8'",
                    "value": "utf8",
                    "keyword": null,
                    "type": 7,
                    "flags": 1,
                    "position": 70
                },
                {
                    "token": "\n",
                    "value": " ",
                    "keyword": null,
                    "type": 3,
                    "flags": 0,
                    "position": 76
                },
                {
                    "token": "COLUMNS",
                    "value": "COLUMNS",
                    "keyword": "COLUMNS",
                    "type": 1,
                    "flags": 1,
                    "position": 77
                },
                {
                    "token": " ",
                    "value": " ",
                    "keyword": null,
                    "type": 3,
                    "flags": 0,
                    "position": 84
                },
                {
                    "token": "TERMINATED BY",
                    "value": "TERMINATED BY",
                    "keyword": "TERMINATED BY",
                    "type": 1,
                    "flags": 7,
                    "position": 85
                },
                {
                    "token": " ",
                    "value": " ",
                    "keyword": null,
                    "type": 3,
                    "flags": 0,
                    "position": 98
                },
                {
                    "token": "','",
                    "value": ",",
                    "keyword": null,
                    "type": 7,
                    "flags": 1,
                    "position": 99
                },
                {
                    "token": "\n",
                    "value": " ",
                    "keyword": null,
                    "type": 3,
                    "flags": 0,
                    "position": 102
                },
                {
                    "token": "LINES",
                    "value": "LINES",
                    "keyword": "LINES",
                    "type": 1,
                    "flags": 3,
                    "position": 103
                },
                {
                    "token": " ",
                    "value": " ",
                    "keyword": null,
                    "type": 3,
                    "flags": 0,
                    "position": 108
                },
                {
                    "token": "TERMINATED BY",
                    "value": "TERMINATED BY",
                    "keyword": "TERMINATED BY",
                    "type": 1,
                    "flags": 7,
                    "position": 109
                },
                {
                    "token": " ",
                    "value": " ",
                    "keyword": null,
                    "type": 3,
                    "flags": 0,
                    "position": 122
                },
                {
                    "token": "';'",
                    "value": ";",
                    "keyword": null,
                    "type": 7,
                    "flags": 1,
                    "position": 123
                },
                {
                    "token": "\n",
                    "value": " ",
                    "keyword": null,
                    "type": 3,
                    "flags": 0,
                    "position": 126
                },
                {
                    "token": "IGNORE",
                    "value": "IGNORE",
                    "keyword": "IGNORE",
                    "type": 1,
                    "flags": 3,
                    "position": 127
                },
                {
                    "token": " ",
                    "value": " ",
                    "keyword": null,
                    "type": 3,
                    "flags": 0,
                    "position": 133
                },
                {
                    "token": "1",
                    "value": 1,
                    "keyword": null,
                    "type": 6,
                    "flags": 0,
                    "position": 134
                },
                {
                    "token": " ",
                    "value": " ",
                    "keyword": null,
                    "type": 3,
                    "flags": 0,
                    "position": 135
                },
                {
                    "token": "LINES",
                    "value": "LINES",
                    "keyword": "LINES",
                    "type": 1,
                    "flags": 3,
                    "position": 136
                },
                {
                    "token": "\n",
                    "value": " ",
                    "keyword": null,
                    "type": 3,
                    "flags": 0,
                    "position": 141
                },
                {
                    "token": "(",
                    "value": "(",
                    "keyword": null,
                    "type": 2,
                    "flags": 16,
                    "position": 142
                },
                {
                    "token": "col1",
                    "value": "col1",
                    "keyword": null,
                    "type": 0,
                    "flags": 0,
                    "position": 143
                },
                {
                    "token": ",",
                    "value": ",",
                    "keyword": null,
                    "type": 2,
                    "flags": 16,
                    "position": 147
                },
                {
                    "token": " ",
                    "value": " ",
                    "keyword": null,
                    "type": 3,
                    "flags": 0,
                    "position": 148
                },
                {
                    "token": "col2",
                    "value": "col2",
                    "keyword": null,
                    "type": 0,
                    "flags": 0,
                    "position": 149
                },
                {
                    "token": ")",
                    "value": ")",
                    "keyword": null,
                    "type": 2,
                    "flags": 16,
                    "position": 153
                },
                {
                    "token": "\n",
                    "value": " ",
                    "keyword": null,
                    "type": 3,
                    "flags": 0,
                    "position": 154
                },
                {
                    "token": "SET",
                    "value": "SET",
                    "keyword": "SET",
                    "type": 1,
                    "flags": 11,
                    "position": 155
                },
                {
                    "token": " ",
                    "value": " ",
                    "keyword": null,
                    "type": 3,
                    "flags": 0,
                    "position": 158
                },
                {
                    "token": "@a",
                    "value": "a",
                    "keyword": null,
                    "type": 8,
                    "flags": 1,
                    "position": 159
                },
                {
                    "token": " ",
                    "value": " ",
                    "keyword": null,
                    "type": 3,
                    "flags": 0,
                    "position": 161
                },
                {
                    "token": "=",
                    "value": "=",
                    "keyword": null,
                    "type": 2,
                    "flags": 2,
                    "position": 162
                },
                {
                    "token": " ",
                    "value": " ",
                    "keyword": null,
                    "type": 3,
                    "flags": 0,
                    "position": 163
                },
                {
                    "token": "1",
                    "value": 1,
                    "keyword": null,
                    "type": 6,
                    "flags": 0,
                    "position": 164
                },
                {
                    "token": ";",
                    "value": ";",
                    "keyword": null,
                    "type": 9,
                    "flags": 0,
                    "position": 165
                },
                {
                    "token": null,
                    "value": null,
                    "keyword": null,
                    "type": 9,
                    "flags": 0,
                    "position": null
                }
            ],
            "count": 52,
            "idx": 52
        },
        "delimiter": ";",
        "delimiterLen": 1,
        "strict": false,
        "errors": []
    },
    "parser": {
        "list": {
            "tokens": [
                {
                    "token": "LOAD DATA",
                    "value": "LOAD DATA",
                    "keyword": "LOAD DATA",
                    "type": 1,
                    "flags": 7,
                    "position": 0
                },
                {
                    "token": " ",
                    "value": " ",
                    "keyword": null,
                    "type": 3,
                    "flags": 0,
                    "position": 9
                },
                {
                    "token": "INFILE",
                    "value": "INFILE",
                    "keyword": "INFILE",
                    "type": 1,
                    "flags": 3,
                    "position": 10
                },
                {
                    "token": " ",
                    "value": " ",
                    "keyword": null,
                    "type": 3,
                    "flags": 0,
                    "position": 16
                },
                {
                    "token": "'/tmp/test.txt'",
                    "value": "/tmp/test.txt",
                    "keyword": null,
                    "type": 7,
                    "flags": 1,
                    "position": 17
                },
                {
                    "token": " ",
                    "value": " ",
                    "keyword": null,
                    "type": 3,
                    "flags": 0,
                    "position": 32
                },
                {
                    "token": "IGNORE",
                    "value": "IGNORE",
                    "keyword": "IGNORE",
                    "type": 1,
                    "flags": 3,
                    "position": 33
                },
                {
                    "token": "\n",
                    "value": " ",
                    "keyword": null,
                    "type": 3,
                    "flags": 0,
                    "position": 39
                },
                {
                    "token": "INTO",
                    "value": "INTO",
                    "keyword": "INTO",
                    "type": 1,
                    "flags": 3,
                    "position": 40
                },
                {
                    "token": " ",
                    "value": " ",
                    "keyword": null,
                    "type": 3,
                    "flags": 0,
                    "position": 44
                },
                {
                    "token": "TABLE",
                    "value": "TABLE",
                    "keyword": "TABLE",
                    "type": 1,
                    "flags": 3,
                    "position": 45
                },
                {
                    "token": " ",
                    "value": " ",
                    "keyword": null,
                    "type": 3,
                    "flags": 0,
                    "position": 50
                },
                {
                    "token": "test",
                    "value": "test",
                    "keyword": null,
                    "type": 0,
                    "flags": 0,
                    "position": 51
                },
                {
                    "token": "\n",
                    "value": " ",
                    "keyword": null,
                    "type": 3,
                    "flags": 0,
                    "position": 55
                },
                {
                    "token": "CHARACTER SET",
                    "value": "CHARACTER SET",
                    "keyword": "CHARACTER SET",
                    "type": 1,
                    "flags": 7,
                    "position": 56
                },
                {
                    "token": " ",
                    "value": " ",
                    "keyword": null,
                    "type": 3,
                    "flags": 0,
                    "position": 69
                },
                {
                    "token": "'utf8'",
                    "value": "utf8",
                    "keyword": null,
                    "type": 7,
                    "flags": 1,
                    "position": 70
                },
                {
                    "token": "\n",
                    "value": " ",
                    "keyword": null,
                    "type": 3,
                    "flags": 0,
                    "position": 76
                },
                {
                    "token": "COLUMNS",
                    "value": "COLUMNS",
                    "keyword": "COLUMNS",
                    "type": 1,
                    "flags": 1,
                    "position": 77
                },
                {
                    "token": " ",
                    "value": " ",
                    "keyword": null,
                    "type": 3,
                    "flags": 0,
                    "position": 84
                },
                {
                    "token": "TERMINATED BY",
                    "value": "TERMINATED BY",
                    "keyword": "TERMINATED BY",
                    "type": 1,
                    "flags": 7,
                    "position": 85
                },
                {
                    "token": " ",
                    "value": " ",
                    "keyword": null,
                    "type": 3,
                    "flags": 0,
                    "position": 98
                },
                {
                    "token": "','",
                    "value": ",",
                    "keyword": null,
                    "type": 7,
                    "flags": 1,
                    "position": 99
                },
                {
                    "token": "\n",
                    "value": " ",
                    "keyword": null,
                    "type": 3,
                    "flags": 0,
                    "position": 102
                },
                {
                    "token": "LINES",
                    "value": "LINES",
                    "keyword": "LINES",
                    "type": 1,
                    "flags": 3,
                    "position": 103
                },
                {
                    "token": " ",
                    "value": " ",
                    "keyword": null,
                    "type": 3,
                    "flags": 0,
                    "position": 108
                },
                {
                    "token": "TERMINATED BY",
                    "value": "TERMINATED BY",
                    "keyword": "TERMINATED BY",
                    "type": 1,
                    "flags": 7,
                    "position": 109
                },
                {
                    "token": " ",
                    "value": " ",
                    "keyword": null,
                    "type": 3,
                    "flags": 0,
                    "position": 122
                },
                {
                    "token": "';'",
                    "value": ";",
                    "keyword": null,
                    "type": 7,
                    "flags": 1,
                    "position": 123
                },
                {
                    "token": "\n",
                    "value": " ",
                    "keyword": null,
                    "type": 3,
                    "flags": 0,
                    "position": 126
                },
                {
                    "token": "IGNORE",
                    "value": "IGNORE",
                    "keyword": "IGNORE",
                    "type": 1,
                    "flags": 3,
                    "position": 127
                },
                {
                    "token": " ",
                    "value": " ",
                    "keyword": null,
                    "type": 3,
                    "flags": 0,
                    "position": 133
                },
                {
                    "token": "1",
                    "value": 1,
                    "keyword": null,
                    "type": 6,
                    "flags": 0,
                    "position": 134
                },
                {
                    "token": " ",
                    "value": " ",
                    "keyword": null,
                    "type": 3,
                    "flags": 0,
                    "position": 135
                },
                {
                    "token": "LINES",
                    "value": "LINES",
                    "keyword": "LINES",
                    "type": 1,
                    "flags": 3,
                    "position": 136
                },
                {
                    "token": "\n",
                    "value": " ",
                    "keyword": null,
                    "type": 3,
                    "flags": 0,
                    "position": 141
                },
                {
                    "token": "(",
                    "value": "(",
                    "keyword": null,
                    "type": 2,
                    "flags": 16,
                    "position": 142
                },
                {
                    "token": "col1",
                    "value": "col1",
                    "keyword": null,
                    "type": 0,
                    "flags": 0,
                    "position": 143
                },
                {
                    "token": ",",
                    "value": ",",
                    "keyword": null,
                    "type": 2,
                    "flags": 16,
                    "position": 147
                },
                {
                    "token": " ",
                    "value": " ",
                    "keyword": null,
                    "type": 3,
                    "flags": 0,
                    "position": 148
                },
                {
                    "token": "col2",
                    "value": "col2",
                    "keyword": null,
                    "type": 0,
                    "flags": 0,
                    "position": 149
                },
                {
                    "token": ")",
                    "value": ")",
                    "keyword": null,
                    "type": 2,
                    "flags": 16,
                    "position": 153
                },
                {
                    "token": "\n",
                    "value": " ",
                    "keyword": null,
                    "type": 3,
                    "flags": 0,
                    "position": 154
                },
                {
                    "token": "SET",
                    "value": "SET",
                    "keyword": "SET",
                    "type": 1,
                    "flags": 11,
                    "position": 155
                },
                {
                    "token": " ",
                    "value": " ",
                    "keyword": null,
                    "type": 3,
                    "flags": 0,
                    "position": 158
                },
                {
                    "token": "@a",
                    "value": "a",
                    "keyword": null,
                    "type": 8,
                    "flags": 1,
                    "position": 159
                },
                {
                    "token": " ",
                    "value": " ",
                    "keyword": null,
                    "type": 3,
                    "flags": 0,
                    "position": 161
                },
                {
                    "token": "=",
                    "value": "=",
                    "keyword": null,
                    "type": 2,
                    "flags": 2,
                    "position": 162
                },
                {
                    "token": " ",
                    "value": " ",
                    "keyword": null,
                    "type": 3,
                    "flags": 0,
                    "position": 163
                },
                {
                    "token": "1",
                    "value": 1,
                    "keyword": null,
                    "type": 6,
                    "flags": 0,
                    "position": 164
                },
                {
                    "token": ";",
                    "value": ";",
                    "keyword": null,
                    "type": 9,
                    "flags": 0,
                    "position": 165
                },
                {
                    "token": null,
                    "value": null,
                    "keyword": null,
                    "type": 9,
                    "flags": 0,
                    "position": null
                }
            ],
            "count": 52,
            "idx": 52
        },
        "statements": [
            {
                "file_name": {
                    "database": null,
                    "table": null,
                    "column": null,
                    "expr": "'/tmp/test.txt'",
                    "alias": null,
                    "function": null,
                    "subquery": null,
                    "file": "/tmp/test.txt"
                },
                "table": {
                    "database": null,
                    "table": "test",
                    "column": null,
                    "expr": "test",
                    "alias": null,
                    "function": null,
                    "subquery": null
                },
                "partition": null,
                "charset_name": {
                    "database": null,
                    "table": null,
                    "column": "utf8",
                    "expr": "'utf8'",
                    "alias": null,
                    "function": null,
                    "subquery": null
                },
                "fields_options": {
                    "options": {
                        "1": {
                            "name": "TERMINATED BY",
                            "equals": false,
                            "expr": {
                                "database": null,
                                "table": null,
                                "column": ",",
                                "expr": "','",
                                "alias": null,
                                "function": null,
                                "subquery": null
                            },
                            "value": "','"
                        }
                    }
                },
                "fields_keyword": "COLUMNS",
                "lines_options": {
                    "options": {
                        "2": {
                            "name": "TERMINATED BY",
                            "equals": false,
                            "expr": {
                                "database": null,
                                "table": null,
                                "column": ";",
                                "expr": "';'",
                                "alias": null,
                                "function": null,
                                "subquery": null
                            },
                            "value": "';'"
                        }
                    }
                },
                "col_name_or_user_var": [
                    {
                        "database": null,
                        "table": null,
                        "column": null,
                        "expr": "(col1, col2)",
                        "alias": null,
                        "function": null,
                        "subquery": null
                    }
                ],
                "set": [
                    {
                        "column": "@a",
                        "value": "1"
                    }
                ],
                "ignore_number": {
                    "database": null,
                    "table": null,
                    "column": null,
                    "expr": "1",
                    "alias": null,
                    "function": null,
                    "subquery": null
                },
                "replace_ignore": "IGNORE",
                "lines_rows": "LINES",
                "options": {
                    "options": []
                },
                "first": 0,
                "last": 49
            }
        ],
        "brackets": 0,
        "strict": false,
        "errors": []
    },
    "errors": {
        "lexer": [],
        "parser": []
    }
}