{
    "query": "UNLOCK TABLES abc;",
    "lexer": {
        "KEYWORD_NAME_INDICATORS": [
            "FROM",
            "SET",
            "WHERE"
        ],
        "OPERATOR_NAME_INDICATORS": [
            ",",
            "."
        ],
        "str": "UNLOCK TABLES abc;",
        "len": 18,
        "last": 18,
        "list": {
            "tokens": [
                {
                    "token": "UNLOCK",
                    "value": "UNLOCK",
                    "keyword": "UNLOCK",
                    "type": 1,
                    "flags": 3,
                    "position": 0
                },
                {
                    "token": " ",
                    "value": " ",
                    "keyword": null,
                    "type": 3,
                    "flags": 0,
                    "position": 6
                },
                {
                    "token": "TABLES",
                    "value": "TABLES",
                    "keyword": "TABLES",
                    "type": 1,
                    "flags": 1,
                    "position": 7
                },
                {
                    "token": " ",
                    "value": " ",
                    "keyword": null,
                    "type": 3,
                    "flags": 0,
                    "position": 13
                },
                {
                    "token": "abc",
                    "value": "abc",
                    "keyword": null,
                    "type": 0,
                    "flags": 0,
                    "position": 14
                },
                {
                    "token": ";",
                    "value": ";",
                    "keyword": null,
                    "type": 9,
                    "flags": 0,
                    "position": 17
                },
                {
                    "token": null,
                    "value": null,
                    "keyword": null,
                    "type": 9,
                    "flags": 0,
                    "position": null
                }
            ],
            "count": 7,
            "idx": 7
        },
        "delimiter": ";",
        "delimiterLen": 1,
        "strict": false,
        "errors": []
    },
    "parser": {
        "list": {
            "tokens": [
                {
                    "token": "UNLOCK",
                    "value": "UNLOCK",
                    "keyword": "UNLOCK",
                    "type": 1,
                    "flags": 3,
                    "position": 0
                },
                {
                    "token": " ",
                    "value": " ",
                    "keyword": null,
                    "type": 3,
                    "flags": 0,
                    "position": 6
                },
                {
                    "token": "TABLES",
                    "value": "TABLES",
                    "keyword": "TABLES",
                    "type": 1,
                    "flags": 1,
                    "position": 7
                },
                {
                    "token": " ",
                    "value": " ",
                    "keyword": null,
                    "type": 3,
                    "flags": 0,
                    "position": 13
                },
                {
                    "token": "abc",
                    "value": "abc",
                    "keyword": null,
                    "type": 0,
                    "flags": 0,
                    "position": 14
                },
                {
                    "token": ";",
                    "value": ";",
                    "keyword": null,
                    "type": 9,
                    "flags": 0,
                    "position": 17
                },
                {
                    "token": null,
                    "value": null,
                    "keyword": null,
                    "type": 9,
                    "flags": 0,
                    "position": null
                }
            ],
            "count": 7,
            "idx": 7
        },
        "statements": [
            {
                "locked": [],
                "isLock": false,
                "options": null,
                "first": 0,
                "last": 4
            }
        ],
        "brackets": 0,
        "strict": false,
        "errors": []
    },
    "errors": {
        "lexer": [],
        "parser": [
            [
                "Unexpected token.",
                {
                    "token": "abc",
                    "value": "abc",
                    "keyword": null,
                    "type": 0,
                    "flags": 0,
                    "position": 14
                },
                0
            ]
        ]
    }
}