{
    "query": "CREATE SCHEMA IF NOT EXISTS pma ENGINE='InnoDB' DEFAULT CHARSET 'utf8'",
    "lexer": {
        "KEYWORD_NAME_INDICATORS": [
            "FROM",
            "SET",
            "WHERE"
        ],
        "OPERATOR_NAME_INDICATORS": [
            ",",
            "."
        ],
        "str": "CREATE SCHEMA IF NOT EXISTS pma ENGINE='InnoDB' DEFAULT CHARSET 'utf8'",
        "len": 70,
        "last": 70,
        "list": {
            "tokens": [
                {
                    "token": "CREATE",
                    "value": "CREATE",
                    "keyword": "CREATE",
                    "type": 1,
                    "flags": 3,
                    "position": 0
                },
                {
                    "token": " ",
                    "value": " ",
                    "keyword": null,
                    "type": 3,
                    "flags": 0,
                    "position": 6
                },
                {
                    "token": "SCHEMA",
                    "value": "SCHEMA",
                    "keyword": "SCHEMA",
                    "type": 1,
                    "flags": 35,
                    "position": 7
                },
                {
                    "token": " ",
                    "value": " ",
                    "keyword": null,
                    "type": 3,
                    "flags": 0,
                    "position": 13
                },
                {
                    "token": "IF NOT EXISTS",
                    "value": "IF NOT EXISTS",
                    "keyword": "IF NOT EXISTS",
                    "type": 1,
                    "flags": 7,
                    "position": 14
                },
                {
                    "token": " ",
                    "value": " ",
                    "keyword": null,
                    "type": 3,
                    "flags": 0,
                    "position": 27
                },
                {
                    "token": "pma",
                    "value": "pma",
                    "keyword": null,
                    "type": 0,
                    "flags": 0,
                    "position": 28
                },
                {
                    "token": " ",
                    "value": " ",
                    "keyword": null,
                    "type": 3,
                    "flags": 0,
                    "position": 31
                },
                {
                    "token": "ENGINE",
                    "value": "ENGINE",
                    "keyword": "ENGINE",
                    "type": 1,
                    "flags": 1,
                    "position": 32
                },
                {
                    "token": "=",
                    "value": "=",
                    "keyword": null,
                    "type": 2,
                    "flags": 2,
                    "position": 38
                },
                {
                    "token": "'InnoDB'",
                    "value": "InnoDB",
                    "keyword": null,
                    "type": 7,
                    "flags": 1,
                    "position": 39
                },
                {
                    "token": " ",
                    "value": " ",
                    "keyword": null,
                    "type": 3,
                    "flags": 0,
                    "position": 47
                },
                {
                    "token": "DEFAULT CHARSET",
                    "value": "DEFAULT CHARSET",
                    "keyword": "DEFAULT CHARSET",
                    "type": 1,
                    "flags": 7,
                    "position": 48
                },
                {
                    "token": " ",
                    "value": " ",
                    "keyword": null,
                    "type": 3,
                    "flags": 0,
                    "position": 63
                },
                {
                    "token": "'utf8'",
                    "value": "utf8",
                    "keyword": null,
                    "type": 7,
                    "flags": 1,
                    "position": 64
                },
                {
                    "token": null,
                    "value": null,
                    "keyword": null,
                    "type": 9,
                    "flags": 0,
                    "position": null
                }
            ],
            "count": 16,
            "idx": 17
        },
        "delimiter": ";",
        "delimiterLen": 1,
        "strict": false,
        "errors": []
    },
    "parser": {
        "list": {
            "tokens": [
                {
                    "token": "CREATE",
                    "value": "CREATE",
                    "keyword": "CREATE",
                    "type": 1,
                    "flags": 3,
                    "position": 0
                },
                {
                    "token": " ",
                    "value": " ",
                    "keyword": null,
                    "type": 3,
                    "flags": 0,
                    "position": 6
                },
                {
                    "token": "SCHEMA",
                    "value": "SCHEMA",
                    "keyword": "SCHEMA",
                    "type": 1,
                    "flags": 35,
                    "position": 7
                },
                {
                    "token": " ",
                    "value": " ",
                    "keyword": null,
                    "type": 3,
                    "flags": 0,
                    "position": 13
                },
                {
                    "token": "IF NOT EXISTS",
                    "value": "IF NOT EXISTS",
                    "keyword": "IF NOT EXISTS",
                    "type": 1,
                    "flags": 7,
                    "position": 14
                },
                {
                    "token": " ",
                    "value": " ",
                    "keyword": null,
                    "type": 3,
                    "flags": 0,
                    "position": 27
                },
                {
                    "token": "pma",
                    "value": "pma",
                    "keyword": null,
                    "type": 0,
                    "flags": 0,
                    "position": 28
                },
                {
                    "token": " ",
                    "value": " ",
                    "keyword": null,
                    "type": 3,
                    "flags": 0,
                    "position": 31
                },
                {
                    "token": "ENGINE",
                    "value": "ENGINE",
                    "keyword": "ENGINE",
                    "type": 1,
                    "flags": 1,
                    "position": 32
                },
                {
                    "token": "=",
                    "value": "=",
                    "keyword": null,
                    "type": 2,
                    "flags": 2,
                    "position": 38
                },
                {
                    "token": "'InnoDB'",
                    "value": "InnoDB",
                    "keyword": null,
                    "type": 7,
                    "flags": 1,
                    "position": 39
                },
                {
                    "token": " ",
                    "value": " ",
                    "keyword": null,
                    "type": 3,
                    "flags": 0,
                    "position": 47
                },
                {
                    "token": "DEFAULT CHARSET",
                    "value": "DEFAULT CHARSET",
                    "keyword": "DEFAULT CHARSET",
                    "type": 1,
                    "flags": 7,
                    "position": 48
                },
                {
                    "token": " ",
                    "value": " ",
                    "keyword": null,
                    "type": 3,
                    "flags": 0,
                    "position": 63
                },
                {
                    "token": "'utf8'",
                    "value": "utf8",
                    "keyword": null,
                    "type": 7,
                    "flags": 1,
                    "position": 64
                },
                {
                    "token": null,
                    "value": null,
                    "keyword": null,
                    "type": 9,
                    "flags": 0,
                    "position": null
                }
            ],
            "count": 16,
            "idx": 17
        },
        "statements": [
            {
                "name": {
                    "database": "pma",
                    "table": null,
                    "column": null,
                    "expr": "pma",
                    "alias": null,
                    "function": null,
                    "subquery": null
                },
                "entityOptions": {
                    "options": []
                },
                "fields": null,
                "with": null,
                "select": null,
                "like": null,
                "partitionBy": null,
                "partitionsNum": null,
                "subpartitionBy": null,
                "subpartitionsNum": null,
                "partitions": null,
                "table": null,
                "return": null,
                "parameters": null,
                "body": [],
                "options": {
                    "options": {
                        "6": "SCHEMA",
                        "7": "IF NOT EXISTS"
                    }
                },
                "first": 0,
                "last": 7
            }
        ],
        "brackets": 0,
        "strict": false,
        "errors": []
    },
    "errors": {
        "lexer": [],
        "parser": [
            [
                "Unrecognized statement type.",
                {
                    "token": "ENGINE",
                    "value": "ENGINE",
                    "keyword": "ENGINE",
                    "type": 1,
                    "flags": 1,
                    "position": 32
                },
                0
            ]
        ]
    }
}