{
    "query": "DELIMITER $$\nCREATE PROCEDURE P_TEST(uid INT)\nBEGIN\n    SELECT username FROM users WHERE ID = uid;\nEND",
    "lexer": {
        "KEYWORD_NAME_INDICATORS": [
            "FROM",
            "SET",
            "WHERE"
        ],
        "OPERATOR_NAME_INDICATORS": [
            ",",
            "."
        ],
        "str": "DELIMITER $$\nCREATE PROCEDURE P_TEST(uid INT)\nBEGIN\n    SELECT username FROM users WHERE ID = uid;\nEND",
        "len": 102,
        "last": 102,
        "list": {
            "tokens": [
                {
                    "token": "DELIMITER",
                    "value": "DELIMITER",
                    "keyword": null,
                    "type": 0,
                    "flags": 0,
                    "position": 0
                },
                {
                    "token": " ",
                    "value": " ",
                    "keyword": null,
                    "type": 3,
                    "flags": 0,
                    "position": 9
                },
                {
                    "token": "$$",
                    "value": "$$",
                    "keyword": null,
                    "type": 9,
                    "flags": 0,
                    "position": 10
                },
                {
                    "token": "\n",
                    "value": " ",
                    "keyword": null,
                    "type": 3,
                    "flags": 0,
                    "position": 12
                },
                {
                    "token": "CREATE",
                    "value": "CREATE",
                    "keyword": "CREATE",
                    "type": 1,
                    "flags": 3,
                    "position": 13
                },
                {
                    "token": " ",
                    "value": " ",
                    "keyword": null,
                    "type": 3,
                    "flags": 0,
                    "position": 19
                },
                {
                    "token": "PROCEDURE",
                    "value": "PROCEDURE",
                    "keyword": "PROCEDURE",
                    "type": 1,
                    "flags": 3,
                    "position": 20
                },
                {
                    "token": " ",
                    "value": " ",
                    "keyword": null,
                    "type": 3,
                    "flags": 0,
                    "position": 29
                },
                {
                    "token": "P_TEST",
                    "value": "P_TEST",
                    "keyword": null,
                    "type": 0,
                    "flags": 0,
                    "position": 30
                },
                {
                    "token": "(",
                    "value": "(",
                    "keyword": null,
                    "type": 2,
                    "flags": 16,
                    "position": 36
                },
                {
                    "token": "uid",
                    "value": "uid",
                    "keyword": null,
                    "type": 0,
                    "flags": 0,
                    "position": 37
                },
                {
                    "token": " ",
                    "value": " ",
                    "keyword": null,
                    "type": 3,
                    "flags": 0,
                    "position": 40
                },
                {
                    "token": "INT",
                    "value": "INT",
                    "keyword": "INT",
                    "type": 1,
                    "flags": 11,
                    "position": 41
                },
                {
                    "token": ")",
                    "value": ")",
                    "keyword": null,
                    "type": 2,
                    "flags": 16,
                    "position": 44
                },
                {
                    "token": "\n",
                    "value": " ",
                    "keyword": null,
                    "type": 3,
                    "flags": 0,
                    "position": 45
                },
                {
                    "token": "BEGIN",
                    "value": "BEGIN",
                    "keyword": "BEGIN",
                    "type": 1,
                    "flags": 1,
                    "position": 46
                },
                {
                    "token": "\n    ",
                    "value": " ",
                    "keyword": null,
                    "type": 3,
                    "flags": 0,
                    "position": 51
                },
                {
                    "token": "SELECT",
                    "value": "SELECT",
                    "keyword": "SELECT",
                    "type": 1,
                    "flags": 3,
                    "position": 56
                },
                {
                    "token": " ",
                    "value": " ",
                    "keyword": null,
                    "type": 3,
                    "flags": 0,
                    "position": 62
                },
                {
                    "token": "username",
                    "value": "username",
                    "keyword": null,
                    "type": 0,
                    "flags": 0,
                    "position": 63
                },
                {
                    "token": " ",
                    "value": " ",
                    "keyword": null,
                    "type": 3,
                    "flags": 0,
                    "position": 71
                },
                {
                    "token": "FROM",
                    "value": "FROM",
                    "keyword": "FROM",
                    "type": 1,
                    "flags": 3,
                    "position": 72
                },
                {
                    "token": " ",
                    "value": " ",
                    "keyword": null,
                    "type": 3,
                    "flags": 0,
                    "position": 76
                },
                {
                    "token": "users",
                    "value": "users",
                    "keyword": null,
                    "type": 0,
                    "flags": 0,
                    "position": 77
                },
                {
                    "token": " ",
                    "value": " ",
                    "keyword": null,
                    "type": 3,
                    "flags": 0,
                    "position": 82
                },
                {
                    "token": "WHERE",
                    "value": "WHERE",
                    "keyword": "WHERE",
                    "type": 1,
                    "flags": 3,
                    "position": 83
                },
                {
                    "token": " ",
                    "value": " ",
                    "keyword": null,
                    "type": 3,
                    "flags": 0,
                    "position": 88
                },
                {
                    "token": "ID",
                    "value": "ID",
                    "keyword": null,
                    "type": 0,
                    "flags": 0,
                    "position": 89
                },
                {
                    "token": " ",
                    "value": " ",
                    "keyword": null,
                    "type": 3,
                    "flags": 0,
                    "position": 91
                },
                {
                    "token": "=",
                    "value": "=",
                    "keyword": null,
                    "type": 2,
                    "flags": 2,
                    "position": 92
                },
                {
                    "token": " ",
                    "value": " ",
                    "keyword": null,
                    "type": 3,
                    "flags": 0,
                    "position": 93
                },
                {
                    "token": "uid",
                    "value": "uid",
                    "keyword": null,
                    "type": 0,
                    "flags": 0,
                    "position": 94
                },
                {
                    "token": ";",
                    "value": ";",
                    "keyword": null,
                    "type": 2,
                    "flags": 16,
                    "position": 97
                },
                {
                    "token": "\n",
                    "value": " ",
                    "keyword": null,
                    "type": 3,
                    "flags": 0,
                    "position": 98
                },
                {
                    "token": "END",
                    "value": "END",
                    "keyword": "END",
                    "type": 1,
                    "flags": 1,
                    "position": 99
                },
                {
                    "token": null,
                    "value": null,
                    "keyword": null,
                    "type": 9,
                    "flags": 0,
                    "position": null
                }
            ],
            "count": 36,
            "idx": 36
        },
        "delimiter": "$$",
        "delimiterLen": 2,
        "strict": false,
        "errors": []
    },
    "parser": {
        "list": {
            "tokens": [
                {
                    "token": "DELIMITER",
                    "value": "DELIMITER",
                    "keyword": null,
                    "type": 0,
                    "flags": 0,
                    "position": 0
                },
                {
                    "token": " ",
                    "value": " ",
                    "keyword": null,
                    "type": 3,
                    "flags": 0,
                    "position": 9
                },
                {
                    "token": "$$",
                    "value": "$$",
                    "keyword": null,
                    "type": 9,
                    "flags": 0,
                    "position": 10
                },
                {
                    "token": "\n",
                    "value": " ",
                    "keyword": null,
                    "type": 3,
                    "flags": 0,
                    "position": 12
                },
                {
                    "token": "CREATE",
                    "value": "CREATE",
                    "keyword": "CREATE",
                    "type": 1,
                    "flags": 3,
                    "position": 13
                },
                {
                    "token": " ",
                    "value": " ",
                    "keyword": null,
                    "type": 3,
                    "flags": 0,
                    "position": 19
                },
                {
                    "token": "PROCEDURE",
                    "value": "PROCEDURE",
                    "keyword": "PROCEDURE",
                    "type": 1,
                    "flags": 3,
                    "position": 20
                },
                {
                    "token": " ",
                    "value": " ",
                    "keyword": null,
                    "type": 3,
                    "flags": 0,
                    "position": 29
                },
                {
                    "token": "P_TEST",
                    "value": "P_TEST",
                    "keyword": null,
                    "type": 0,
                    "flags": 0,
                    "position": 30
                },
                {
                    "token": "(",
                    "value": "(",
                    "keyword": null,
                    "type": 2,
                    "flags": 16,
                    "position": 36
                },
                {
                    "token": "uid",
                    "value": "uid",
                    "keyword": null,
                    "type": 0,
                    "flags": 0,
                    "position": 37
                },
                {
                    "token": " ",
                    "value": " ",
                    "keyword": null,
                    "type": 3,
                    "flags": 0,
                    "position": 40
                },
                {
                    "token": "INT",
                    "value": "INT",
                    "keyword": "INT",
                    "type": 1,
                    "flags": 11,
                    "position": 41
                },
                {
                    "token": ")",
                    "value": ")",
                    "keyword": null,
                    "type": 2,
                    "flags": 16,
                    "position": 44
                },
                {
                    "token": "\n",
                    "value": " ",
                    "keyword": null,
                    "type": 3,
                    "flags": 0,
                    "position": 45
                },
                {
                    "token": "BEGIN",
                    "value": "BEGIN",
                    "keyword": "BEGIN",
                    "type": 1,
                    "flags": 1,
                    "position": 46
                },
                {
                    "token": "\n    ",
                    "value": " ",
                    "keyword": null,
                    "type": 3,
                    "flags": 0,
                    "position": 51
                },
                {
                    "token": "SELECT",
                    "value": "SELECT",
                    "keyword": "SELECT",
                    "type": 1,
                    "flags": 3,
                    "position": 56
                },
                {
                    "token": " ",
                    "value": " ",
                    "keyword": null,
                    "type": 3,
                    "flags": 0,
                    "position": 62
                },
                {
                    "token": "username",
                    "value": "username",
                    "keyword": null,
                    "type": 0,
                    "flags": 0,
                    "position": 63
                },
                {
                    "token": " ",
                    "value": " ",
                    "keyword": null,
                    "type": 3,
                    "flags": 0,
                    "position": 71
                },
                {
                    "token": "FROM",
                    "value": "FROM",
                    "keyword": "FROM",
                    "type": 1,
                    "flags": 3,
                    "position": 72
                },
                {
                    "token": " ",
                    "value": " ",
                    "keyword": null,
                    "type": 3,
                    "flags": 0,
                    "position": 76
                },
                {
                    "token": "users",
                    "value": "users",
                    "keyword": null,
                    "type": 0,
                    "flags": 0,
                    "position": 77
                },
                {
                    "token": " ",
                    "value": " ",
                    "keyword": null,
                    "type": 3,
                    "flags": 0,
                    "position": 82
                },
                {
                    "token": "WHERE",
                    "value": "WHERE",
                    "keyword": "WHERE",
                    "type": 1,
                    "flags": 3,
                    "position": 83
                },
                {
                    "token": " ",
                    "value": " ",
                    "keyword": null,
                    "type": 3,
                    "flags": 0,
                    "position": 88
                },
                {
                    "token": "ID",
                    "value": "ID",
                    "keyword": null,
                    "type": 0,
                    "flags": 0,
                    "position": 89
                },
                {
                    "token": " ",
                    "value": " ",
                    "keyword": null,
                    "type": 3,
                    "flags": 0,
                    "position": 91
                },
                {
                    "token": "=",
                    "value": "=",
                    "keyword": null,
                    "type": 2,
                    "flags": 2,
                    "position": 92
                },
                {
                    "token": " ",
                    "value": " ",
                    "keyword": null,
                    "type": 3,
                    "flags": 0,
                    "position": 93
                },
                {
                    "token": "uid",
                    "value": "uid",
                    "keyword": null,
                    "type": 0,
                    "flags": 0,
                    "position": 94
                },
                {
                    "token": ";",
                    "value": ";",
                    "keyword": null,
                    "type": 2,
                    "flags": 16,
                    "position": 97
                },
                {
                    "token": "\n",
                    "value": " ",
                    "keyword": null,
                    "type": 3,
                    "flags": 0,
                    "position": 98
                },
                {
                    "token": "END",
                    "value": "END",
                    "keyword": "END",
                    "type": 1,
                    "flags": 1,
                    "position": 99
                },
                {
                    "token": null,
                    "value": null,
                    "keyword": null,
                    "type": 9,
                    "flags": 0,
                    "position": null
                }
            ],
            "count": 36,
            "idx": 36
        },
        "statements": [
            {
                "name": {
                    "database": null,
                    "table": "P_TEST",
                    "column": null,
                    "expr": "P_TEST",
                    "alias": null,
                    "function": null,
                    "subquery": null
                },
                "entityOptions": {
                    "options": []
                },
                "fields": null,
                "with": null,
                "select": null,
                "like": null,
                "partitionBy": null,
                "partitionsNum": null,
                "subpartitionBy": null,
                "subpartitionsNum": null,
                "partitions": null,
                "table": null,
                "return": null,
                "parameters": [
                    {
                        "name": "uid",
                        "inOut": null,
                        "type": {
                            "name": "INT",
                            "parameters": [],
                            "options": {
                                "options": []
                            }
                        }
                    }
                ],
                "body": [
                    {
                        "token": "BEGIN",
                        "value": "BEGIN",
                        "keyword": "BEGIN",
                        "type": 1,
                        "flags": 1,
                        "position": 46
                    },
                    {
                        "token": "\n    ",
                        "value": " ",
                        "keyword": null,
                        "type": 3,
                        "flags": 0,
                        "position": 51
                    },
                    {
                        "token": "SELECT",
                        "value": "SELECT",
                        "keyword": "SELECT",
                        "type": 1,
                        "flags": 3,
                        "position": 56
                    },
                    {
                        "token": " ",
                        "value": " ",
                        "keyword": null,
                        "type": 3,
                        "flags": 0,
                        "position": 62
                    },
                    {
                        "token": "username",
                        "value": "username",
                        "keyword": null,
                        "type": 0,
                        "flags": 0,
                        "position": 63
                    },
                    {
                        "token": " ",
                        "value": " ",
                        "keyword": null,
                        "type": 3,
                        "flags": 0,
                        "position": 71
                    },
                    {
                        "token": "FROM",
                        "value": "FROM",
                        "keyword": "FROM",
                        "type": 1,
                        "flags": 3,
                        "position": 72
                    },
                    {
                        "token": " ",
                        "value": " ",
                        "keyword": null,
                        "type": 3,
                        "flags": 0,
                        "position": 76
                    },
                    {
                        "token": "users",
                        "value": "users",
                        "keyword": null,
                        "type": 0,
                        "flags": 0,
                        "position": 77
                    },
                    {
                        "token": " ",
                        "value": " ",
                        "keyword": null,
                        "type": 3,
                        "flags": 0,
                        "position": 82
                    },
                    {
                        "token": "WHERE",
                        "value": "WHERE",
                        "keyword": "WHERE",
                        "type": 1,
                        "flags": 3,
                        "position": 83
                    },
                    {
                        "token": " ",
                        "value": " ",
                        "keyword": null,
                        "type": 3,
                        "flags": 0,
                        "position": 88
                    },
                    {
                        "token": "ID",
                        "value": "ID",
                        "keyword": null,
                        "type": 0,
                        "flags": 0,
                        "position": 89
                    },
                    {
                        "token": " ",
                        "value": " ",
                        "keyword": null,
                        "type": 3,
                        "flags": 0,
                        "position": 91
                    },
                    {
                        "token": "=",
                        "value": "=",
                        "keyword": null,
                        "type": 2,
                        "flags": 2,
                        "position": 92
                    },
                    {
                        "token": " ",
                        "value": " ",
                        "keyword": null,
                        "type": 3,
                        "flags": 0,
                        "position": 93
                    },
                    {
                        "token": "uid",
                        "value": "uid",
                        "keyword": null,
                        "type": 0,
                        "flags": 0,
                        "position": 94
                    },
                    {
                        "token": ";",
                        "value": ";",
                        "keyword": null,
                        "type": 2,
                        "flags": 16,
                        "position": 97
                    },
                    {
                        "token": "\n",
                        "value": " ",
                        "keyword": null,
                        "type": 3,
                        "flags": 0,
                        "position": 98
                    },
                    {
                        "token": "END",
                        "value": "END",
                        "keyword": "END",
                        "type": 1,
                        "flags": 1,
                        "position": 99
                    }
                ],
                "options": {
                    "options": {
                        "6": "PROCEDURE"
                    }
                },
                "first": 4,
                "last": 35
            }
        ],
        "brackets": 0,
        "strict": false,
        "errors": []
    },
    "errors": {
        "lexer": [],
        "parser": []
    }
}