{
    "query": "LOAD DATA INFILE '/tmp/test.txt' INTO TABLE test FIELDS TERMINATED BY ',' IGNORE 1 LINES;",
    "lexer": {
        "KEYWORD_NAME_INDICATORS": [
            "FROM",
            "SET",
            "WHERE"
        ],
        "OPERATOR_NAME_INDICATORS": [
            ",",
            "."
        ],
        "str": "LOAD DATA INFILE '/tmp/test.txt' INTO TABLE test FIELDS TERMINATED BY ',' IGNORE 1 LINES;",
        "len": 89,
        "last": 89,
        "list": {
            "tokens": [
                {
                    "token": "LOAD DATA",
                    "value": "LOAD DATA",
                    "keyword": "LOAD DATA",
                    "type": 1,
                    "flags": 7,
                    "position": 0
                },
                {
                    "token": " ",
                    "value": " ",
                    "keyword": null,
                    "type": 3,
                    "flags": 0,
                    "position": 9
                },
                {
                    "token": "INFILE",
                    "value": "INFILE",
                    "keyword": "INFILE",
                    "type": 1,
                    "flags": 3,
                    "position": 10
                },
                {
                    "token": " ",
                    "value": " ",
                    "keyword": null,
                    "type": 3,
                    "flags": 0,
                    "position": 16
                },
                {
                    "token": "'/tmp/test.txt'",
                    "value": "/tmp/test.txt",
                    "keyword": null,
                    "type": 7,
                    "flags": 1,
                    "position": 17
                },
                {
                    "token": " ",
                    "value": " ",
                    "keyword": null,
                    "type": 3,
                    "flags": 0,
                    "position": 32
                },
                {
                    "token": "INTO",
                    "value": "INTO",
                    "keyword": "INTO",
                    "type": 1,
                    "flags": 3,
                    "position": 33
                },
                {
                    "token": " ",
                    "value": " ",
                    "keyword": null,
                    "type": 3,
                    "flags": 0,
                    "position": 37
                },
                {
                    "token": "TABLE",
                    "value": "TABLE",
                    "keyword": "TABLE",
                    "type": 1,
                    "flags": 3,
                    "position": 38
                },
                {
                    "token": " ",
                    "value": " ",
                    "keyword": null,
                    "type": 3,
                    "flags": 0,
                    "position": 43
                },
                {
                    "token": "test",
                    "value": "test",
                    "keyword": null,
                    "type": 0,
                    "flags": 0,
                    "position": 44
                },
                {
                    "token": " ",
                    "value": " ",
                    "keyword": null,
                    "type": 3,
                    "flags": 0,
                    "position": 48
                },
                {
                    "token": "FIELDS",
                    "value": "FIELDS",
                    "keyword": "FIELDS",
                    "type": 1,
                    "flags": 1,
                    "position": 49
                },
                {
                    "token": " ",
                    "value": " ",
                    "keyword": null,
                    "type": 3,
                    "flags": 0,
                    "position": 55
                },
                {
                    "token": "TERMINATED BY",
                    "value": "TERMINATED BY",
                    "keyword": "TERMINATED BY",
                    "type": 1,
                    "flags": 7,
                    "position": 56
                },
                {
                    "token": " ",
                    "value": " ",
                    "keyword": null,
                    "type": 3,
                    "flags": 0,
                    "position": 69
                },
                {
                    "token": "','",
                    "value": ",",
                    "keyword": null,
                    "type": 7,
                    "flags": 1,
                    "position": 70
                },
                {
                    "token": " ",
                    "value": " ",
                    "keyword": null,
                    "type": 3,
                    "flags": 0,
                    "position": 73
                },
                {
                    "token": "IGNORE",
                    "value": "IGNORE",
                    "keyword": "IGNORE",
                    "type": 1,
                    "flags": 3,
                    "position": 74
                },
                {
                    "token": " ",
                    "value": " ",
                    "keyword": null,
                    "type": 3,
                    "flags": 0,
                    "position": 80
                },
                {
                    "token": "1",
                    "value": 1,
                    "keyword": null,
                    "type": 6,
                    "flags": 0,
                    "position": 81
                },
                {
                    "token": " ",
                    "value": " ",
                    "keyword": null,
                    "type": 3,
                    "flags": 0,
                    "position": 82
                },
                {
                    "token": "LINES",
                    "value": "LINES",
                    "keyword": "LINES",
                    "type": 1,
                    "flags": 3,
                    "position": 83
                },
                {
                    "token": ";",
                    "value": ";",
                    "keyword": null,
                    "type": 9,
                    "flags": 0,
                    "position": 88
                },
                {
                    "token": null,
                    "value": null,
                    "keyword": null,
                    "type": 9,
                    "flags": 0,
                    "position": null
                }
            ],
            "count": 25,
            "idx": 25
        },
        "delimiter": ";",
        "delimiterLen": 1,
        "strict": false,
        "errors": []
    },
    "parser": {
        "list": {
            "tokens": [
                {
                    "token": "LOAD DATA",
                    "value": "LOAD DATA",
                    "keyword": "LOAD DATA",
                    "type": 1,
                    "flags": 7,
                    "position": 0
                },
                {
                    "token": " ",
                    "value": " ",
                    "keyword": null,
                    "type": 3,
                    "flags": 0,
                    "position": 9
                },
                {
                    "token": "INFILE",
                    "value": "INFILE",
                    "keyword": "INFILE",
                    "type": 1,
                    "flags": 3,
                    "position": 10
                },
                {
                    "token": " ",
                    "value": " ",
                    "keyword": null,
                    "type": 3,
                    "flags": 0,
                    "position": 16
                },
                {
                    "token": "'/tmp/test.txt'",
                    "value": "/tmp/test.txt",
                    "keyword": null,
                    "type": 7,
                    "flags": 1,
                    "position": 17
                },
                {
                    "token": " ",
                    "value": " ",
                    "keyword": null,
                    "type": 3,
                    "flags": 0,
                    "position": 32
                },
                {
                    "token": "INTO",
                    "value": "INTO",
                    "keyword": "INTO",
                    "type": 1,
                    "flags": 3,
                    "position": 33
                },
                {
                    "token": " ",
                    "value": " ",
                    "keyword": null,
                    "type": 3,
                    "flags": 0,
                    "position": 37
                },
                {
                    "token": "TABLE",
                    "value": "TABLE",
                    "keyword": "TABLE",
                    "type": 1,
                    "flags": 3,
                    "position": 38
                },
                {
                    "token": " ",
                    "value": " ",
                    "keyword": null,
                    "type": 3,
                    "flags": 0,
                    "position": 43
                },
                {
                    "token": "test",
                    "value": "test",
                    "keyword": null,
                    "type": 0,
                    "flags": 0,
                    "position": 44
                },
                {
                    "token": " ",
                    "value": " ",
                    "keyword": null,
                    "type": 3,
                    "flags": 0,
                    "position": 48
                },
                {
                    "token": "FIELDS",
                    "value": "FIELDS",
                    "keyword": "FIELDS",
                    "type": 1,
                    "flags": 1,
                    "position": 49
                },
                {
                    "token": " ",
                    "value": " ",
                    "keyword": null,
                    "type": 3,
                    "flags": 0,
                    "position": 55
                },
                {
                    "token": "TERMINATED BY",
                    "value": "TERMINATED BY",
                    "keyword": "TERMINATED BY",
                    "type": 1,
                    "flags": 7,
                    "position": 56
                },
                {
                    "token": " ",
                    "value": " ",
                    "keyword": null,
                    "type": 3,
                    "flags": 0,
                    "position": 69
                },
                {
                    "token": "','",
                    "value": ",",
                    "keyword": null,
                    "type": 7,
                    "flags": 1,
                    "position": 70
                },
                {
                    "token": " ",
                    "value": " ",
                    "keyword": null,
                    "type": 3,
                    "flags": 0,
                    "position": 73
                },
                {
                    "token": "IGNORE",
                    "value": "IGNORE",
                    "keyword": "IGNORE",
                    "type": 1,
                    "flags": 3,
                    "position": 74
                },
                {
                    "token": " ",
                    "value": " ",
                    "keyword": null,
                    "type": 3,
                    "flags": 0,
                    "position": 80
                },
                {
                    "token": "1",
                    "value": 1,
                    "keyword": null,
                    "type": 6,
                    "flags": 0,
                    "position": 81
                },
                {
                    "token": " ",
                    "value": " ",
                    "keyword": null,
                    "type": 3,
                    "flags": 0,
                    "position": 82
                },
                {
                    "token": "LINES",
                    "value": "LINES",
                    "keyword": "LINES",
                    "type": 1,
                    "flags": 3,
                    "position": 83
                },
                {
                    "token": ";",
                    "value": ";",
                    "keyword": null,
                    "type": 9,
                    "flags": 0,
                    "position": 88
                },
                {
                    "token": null,
                    "value": null,
                    "keyword": null,
                    "type": 9,
                    "flags": 0,
                    "position": null
                }
            ],
            "count": 25,
            "idx": 25
        },
        "statements": [
            {
                "file_name": {
                    "database": null,
                    "table": null,
                    "column": null,
                    "expr": "'/tmp/test.txt'",
                    "alias": null,
                    "function": null,
                    "subquery": null,
                    "file": "/tmp/test.txt"
                },
                "table": {
                    "database": null,
                    "table": "test",
                    "column": null,
                    "expr": "test",
                    "alias": null,
                    "function": null,
                    "subquery": null
                },
                "partition": null,
                "charset_name": null,
                "fields_options": {
                    "options": {
                        "1": {
                            "name": "TERMINATED BY",
                            "equals": false,
                            "expr": {
                                "database": null,
                                "table": null,
                                "column": ",",
                                "expr": "','",
                                "alias": null,
                                "function": null,
                                "subquery": null
                            },
                            "value": "','"
                        }
                    }
                },
                "fields_keyword": "FIELDS",
                "lines_options": null,
                "col_name_or_user_var": null,
                "set": null,
                "ignore_number": {
                    "database": null,
                    "table": null,
                    "column": null,
                    "expr": "1",
                    "alias": null,
                    "function": null,
                    "subquery": null
                },
                "replace_ignore": null,
                "lines_rows": "LINES",
                "options": {
                    "options": []
                },
                "first": 0,
                "last": 23
            }
        ],
        "brackets": 0,
        "strict": false,
        "errors": []
    },
    "errors": {
        "lexer": [],
        "parser": []
    }
}