{
    "query": "ALTER FUNCTION func_name COMMENT \"test\";\n",
    "lexer": {
        "KEYWORD_NAME_INDICATORS": [
            "FROM",
            "SET",
            "WHERE"
        ],
        "OPERATOR_NAME_INDICATORS": [
            ",",
            "."
        ],
        "str": "ALTER FUNCTION func_name COMMENT \"test\";\n",
        "len": 41,
        "last": 41,
        "list": {
            "tokens": [
                {
                    "token": "ALTER",
                    "value": "ALTER",
                    "keyword": "ALTER",
                    "type": 1,
                    "flags": 3,
                    "position": 0
                },
                {
                    "token": " ",
                    "value": " ",
                    "keyword": null,
                    "type": 3,
                    "flags": 0,
                    "position": 5
                },
                {
                    "token": "FUNCTION",
                    "value": "FUNCTION",
                    "keyword": "FUNCTION",
                    "type": 1,
                    "flags": 1,
                    "position": 6
                },
                {
                    "token": " ",
                    "value": " ",
                    "keyword": null,
                    "type": 3,
                    "flags": 0,
                    "position": 14
                },
                {
                    "token": "func_name",
                    "value": "func_name",
                    "keyword": null,
                    "type": 0,
                    "flags": 0,
                    "position": 15
                },
                {
                    "token": " ",
                    "value": " ",
                    "keyword": null,
                    "type": 3,
                    "flags": 0,
                    "position": 24
                },
                {
                    "token": "COMMENT",
                    "value": "COMMENT",
                    "keyword": "COMMENT",
                    "type": 1,
                    "flags": 1,
                    "position": 25
                },
                {
                    "token": " ",
                    "value": " ",
                    "keyword": null,
                    "type": 3,
                    "flags": 0,
                    "position": 32
                },
                {
                    "token": "\"test\"",
                    "value": "test",
                    "keyword": null,
                    "type": 7,
                    "flags": 2,
                    "position": 33
                },
                {
                    "token": ";",
                    "value": ";",
                    "keyword": null,
                    "type": 9,
                    "flags": 0,
                    "position": 39
                },
                {
                    "token": "\n",
                    "value": " ",
                    "keyword": null,
                    "type": 3,
                    "flags": 0,
                    "position": 40
                },
                {
                    "token": null,
                    "value": null,
                    "keyword": null,
                    "type": 9,
                    "flags": 0,
                    "position": null
                }
            ],
            "count": 12,
            "idx": 12
        },
        "delimiter": ";",
        "delimiterLen": 1,
        "strict": false,
        "errors": []
    },
    "parser": {
        "list": {
            "tokens": [
                {
                    "token": "ALTER",
                    "value": "ALTER",
                    "keyword": "ALTER",
                    "type": 1,
                    "flags": 3,
                    "position": 0
                },
                {
                    "token": " ",
                    "value": " ",
                    "keyword": null,
                    "type": 3,
                    "flags": 0,
                    "position": 5
                },
                {
                    "token": "FUNCTION",
                    "value": "FUNCTION",
                    "keyword": "FUNCTION",
                    "type": 1,
                    "flags": 1,
                    "position": 6
                },
                {
                    "token": " ",
                    "value": " ",
                    "keyword": null,
                    "type": 3,
                    "flags": 0,
                    "position": 14
                },
                {
                    "token": "func_name",
                    "value": "func_name",
                    "keyword": null,
                    "type": 0,
                    "flags": 0,
                    "position": 15
                },
                {
                    "token": " ",
                    "value": " ",
                    "keyword": null,
                    "type": 3,
                    "flags": 0,
                    "position": 24
                },
                {
                    "token": "COMMENT",
                    "value": "COMMENT",
                    "keyword": "COMMENT",
                    "type": 1,
                    "flags": 1,
                    "position": 25
                },
                {
                    "token": " ",
                    "value": " ",
                    "keyword": null,
                    "type": 3,
                    "flags": 0,
                    "position": 32
                },
                {
                    "token": "\"test\"",
                    "value": "test",
                    "keyword": null,
                    "type": 7,
                    "flags": 2,
                    "position": 33
                },
                {
                    "token": ";",
                    "value": ";",
                    "keyword": null,
                    "type": 9,
                    "flags": 0,
                    "position": 39
                },
                {
                    "token": "\n",
                    "value": " ",
                    "keyword": null,
                    "type": 3,
                    "flags": 0,
                    "position": 40
                },
                {
                    "token": null,
                    "value": null,
                    "keyword": null,
                    "type": 9,
                    "flags": 0,
                    "position": null
                }
            ],
            "count": 12,
            "idx": 12
        },
        "statements": [
            {
                "table": {
                    "database": null,
                    "table": "func_name",
                    "column": null,
                    "expr": "func_name",
                    "alias": null,
                    "function": null,
                    "subquery": null
                },
                "altered": [
                    {
                        "options": {
                            "options": {
                                "1": {
                                    "name": "COMMENT",
                                    "equals": false,
                                    "expr": "\"test\"",
                                    "value": "test"
                                }
                            }
                        },
                        "field": null,
                        "partitions": null,
                        "unknown": []
                    }
                ],
                "options": {
                    "options": {
                        "3": "FUNCTION"
                    }
                },
                "first": 0,
                "last": 9
            }
        ],
        "brackets": 0,
        "strict": false,
        "errors": []
    },
    "errors": {
        "lexer": [],
        "parser": []
    }
}