{
    "query": "BEGIN;\n    INSERT INTO t2 VALUES (3);\n    SAVEPOINT my_savepoint;\n    INSERT INTO t2 VALUES (4);\n    ROLLBACK TO SAVEPOINT my_savepoint;\nCOMMIT;",
    "lexer": {
        "KEYWORD_NAME_INDICATORS": [
            "FROM",
            "SET",
            "WHERE"
        ],
        "OPERATOR_NAME_INDICATORS": [
            ",",
            "."
        ],
        "str": "BEGIN;\n    INSERT INTO t2 VALUES (3);\n    SAVEPOINT my_savepoint;\n    INSERT INTO t2 VALUES (4);\n    ROLLBACK TO SAVEPOINT my_savepoint;\nCOMMIT;",
        "len": 144,
        "last": 144,
        "list": {
            "tokens": [
                {
                    "token": "BEGIN",
                    "value": "BEGIN",
                    "keyword": "BEGIN",
                    "type": 1,
                    "flags": 1,
                    "position": 0
                },
                {
                    "token": ";",
                    "value": ";",
                    "keyword": null,
                    "type": 9,
                    "flags": 0,
                    "position": 5
                },
                {
                    "token": "\n    ",
                    "value": " ",
                    "keyword": null,
                    "type": 3,
                    "flags": 0,
                    "position": 6
                },
                {
                    "token": "INSERT",
                    "value": "INSERT",
                    "keyword": "INSERT",
                    "type": 1,
                    "flags": 35,
                    "position": 11
                },
                {
                    "token": " ",
                    "value": " ",
                    "keyword": null,
                    "type": 3,
                    "flags": 0,
                    "position": 17
                },
                {
                    "token": "INTO",
                    "value": "INTO",
                    "keyword": "INTO",
                    "type": 1,
                    "flags": 3,
                    "position": 18
                },
                {
                    "token": " ",
                    "value": " ",
                    "keyword": null,
                    "type": 3,
                    "flags": 0,
                    "position": 22
                },
                {
                    "token": "t2",
                    "value": "t2",
                    "keyword": null,
                    "type": 0,
                    "flags": 0,
                    "position": 23
                },
                {
                    "token": " ",
                    "value": " ",
                    "keyword": null,
                    "type": 3,
                    "flags": 0,
                    "position": 25
                },
                {
                    "token": "VALUES",
                    "value": "VALUES",
                    "keyword": "VALUES",
                    "type": 1,
                    "flags": 35,
                    "position": 26
                },
                {
                    "token": " ",
                    "value": " ",
                    "keyword": null,
                    "type": 3,
                    "flags": 0,
                    "position": 32
                },
                {
                    "token": "(",
                    "value": "(",
                    "keyword": null,
                    "type": 2,
                    "flags": 16,
                    "position": 33
                },
                {
                    "token": "3",
                    "value": 3,
                    "keyword": null,
                    "type": 6,
                    "flags": 0,
                    "position": 34
                },
                {
                    "token": ")",
                    "value": ")",
                    "keyword": null,
                    "type": 2,
                    "flags": 16,
                    "position": 35
                },
                {
                    "token": ";",
                    "value": ";",
                    "keyword": null,
                    "type": 9,
                    "flags": 0,
                    "position": 36
                },
                {
                    "token": "\n    ",
                    "value": " ",
                    "keyword": null,
                    "type": 3,
                    "flags": 0,
                    "position": 37
                },
                {
                    "token": "SAVEPOINT",
                    "value": "SAVEPOINT",
                    "keyword": "SAVEPOINT",
                    "type": 1,
                    "flags": 1,
                    "position": 42
                },
                {
                    "token": " ",
                    "value": " ",
                    "keyword": null,
                    "type": 3,
                    "flags": 0,
                    "position": 51
                },
                {
                    "token": "my_savepoint",
                    "value": "my_savepoint",
                    "keyword": null,
                    "type": 0,
                    "flags": 0,
                    "position": 52
                },
                {
                    "token": ";",
                    "value": ";",
                    "keyword": null,
                    "type": 9,
                    "flags": 0,
                    "position": 64
                },
                {
                    "token": "\n    ",
                    "value": " ",
                    "keyword": null,
                    "type": 3,
                    "flags": 0,
                    "position": 65
                },
                {
                    "token": "INSERT",
                    "value": "INSERT",
                    "keyword": "INSERT",
                    "type": 1,
                    "flags": 35,
                    "position": 70
                },
                {
                    "token": " ",
                    "value": " ",
                    "keyword": null,
                    "type": 3,
                    "flags": 0,
                    "position": 76
                },
                {
                    "token": "INTO",
                    "value": "INTO",
                    "keyword": "INTO",
                    "type": 1,
                    "flags": 3,
                    "position": 77
                },
                {
                    "token": " ",
                    "value": " ",
                    "keyword": null,
                    "type": 3,
                    "flags": 0,
                    "position": 81
                },
                {
                    "token": "t2",
                    "value": "t2",
                    "keyword": null,
                    "type": 0,
                    "flags": 0,
                    "position": 82
                },
                {
                    "token": " ",
                    "value": " ",
                    "keyword": null,
                    "type": 3,
                    "flags": 0,
                    "position": 84
                },
                {
                    "token": "VALUES",
                    "value": "VALUES",
                    "keyword": "VALUES",
                    "type": 1,
                    "flags": 35,
                    "position": 85
                },
                {
                    "token": " ",
                    "value": " ",
                    "keyword": null,
                    "type": 3,
                    "flags": 0,
                    "position": 91
                },
                {
                    "token": "(",
                    "value": "(",
                    "keyword": null,
                    "type": 2,
                    "flags": 16,
                    "position": 92
                },
                {
                    "token": "4",
                    "value": 4,
                    "keyword": null,
                    "type": 6,
                    "flags": 0,
                    "position": 93
                },
                {
                    "token": ")",
                    "value": ")",
                    "keyword": null,
                    "type": 2,
                    "flags": 16,
                    "position": 94
                },
                {
                    "token": ";",
                    "value": ";",
                    "keyword": null,
                    "type": 9,
                    "flags": 0,
                    "position": 95
                },
                {
                    "token": "\n    ",
                    "value": " ",
                    "keyword": null,
                    "type": 3,
                    "flags": 0,
                    "position": 96
                },
                {
                    "token": "ROLLBACK",
                    "value": "ROLLBACK",
                    "keyword": "ROLLBACK",
                    "type": 1,
                    "flags": 1,
                    "position": 101
                },
                {
                    "token": " ",
                    "value": " ",
                    "keyword": null,
                    "type": 3,
                    "flags": 0,
                    "position": 109
                },
                {
                    "token": "TO",
                    "value": "TO",
                    "keyword": "TO",
                    "type": 1,
                    "flags": 3,
                    "position": 110
                },
                {
                    "token": " ",
                    "value": " ",
                    "keyword": null,
                    "type": 3,
                    "flags": 0,
                    "position": 112
                },
                {
                    "token": "SAVEPOINT",
                    "value": "SAVEPOINT",
                    "keyword": "SAVEPOINT",
                    "type": 1,
                    "flags": 1,
                    "position": 113
                },
                {
                    "token": " ",
                    "value": " ",
                    "keyword": null,
                    "type": 3,
                    "flags": 0,
                    "position": 122
                },
                {
                    "token": "my_savepoint",
                    "value": "my_savepoint",
                    "keyword": null,
                    "type": 0,
                    "flags": 0,
                    "position": 123
                },
                {
                    "token": ";",
                    "value": ";",
                    "keyword": null,
                    "type": 9,
                    "flags": 0,
                    "position": 135
                },
                {
                    "token": "\n",
                    "value": " ",
                    "keyword": null,
                    "type": 3,
                    "flags": 0,
                    "position": 136
                },
                {
                    "token": "COMMIT",
                    "value": "COMMIT",
                    "keyword": "COMMIT",
                    "type": 1,
                    "flags": 1,
                    "position": 137
                },
                {
                    "token": ";",
                    "value": ";",
                    "keyword": null,
                    "type": 9,
                    "flags": 0,
                    "position": 143
                },
                {
                    "token": null,
                    "value": null,
                    "keyword": null,
                    "type": 9,
                    "flags": 0,
                    "position": null
                }
            ],
            "count": 46,
            "idx": 46
        },
        "delimiter": ";",
        "delimiterLen": 1,
        "strict": false,
        "errors": []
    },
    "parser": {
        "list": {
            "tokens": [
                {
                    "token": "BEGIN",
                    "value": "BEGIN",
                    "keyword": "BEGIN",
                    "type": 1,
                    "flags": 1,
                    "position": 0
                },
                {
                    "token": ";",
                    "value": ";",
                    "keyword": null,
                    "type": 9,
                    "flags": 0,
                    "position": 5
                },
                {
                    "token": "\n    ",
                    "value": " ",
                    "keyword": null,
                    "type": 3,
                    "flags": 0,
                    "position": 6
                },
                {
                    "token": "INSERT",
                    "value": "INSERT",
                    "keyword": "INSERT",
                    "type": 1,
                    "flags": 35,
                    "position": 11
                },
                {
                    "token": " ",
                    "value": " ",
                    "keyword": null,
                    "type": 3,
                    "flags": 0,
                    "position": 17
                },
                {
                    "token": "INTO",
                    "value": "INTO",
                    "keyword": "INTO",
                    "type": 1,
                    "flags": 3,
                    "position": 18
                },
                {
                    "token": " ",
                    "value": " ",
                    "keyword": null,
                    "type": 3,
                    "flags": 0,
                    "position": 22
                },
                {
                    "token": "t2",
                    "value": "t2",
                    "keyword": null,
                    "type": 0,
                    "flags": 0,
                    "position": 23
                },
                {
                    "token": " ",
                    "value": " ",
                    "keyword": null,
                    "type": 3,
                    "flags": 0,
                    "position": 25
                },
                {
                    "token": "VALUES",
                    "value": "VALUES",
                    "keyword": "VALUES",
                    "type": 1,
                    "flags": 35,
                    "position": 26
                },
                {
                    "token": " ",
                    "value": " ",
                    "keyword": null,
                    "type": 3,
                    "flags": 0,
                    "position": 32
                },
                {
                    "token": "(",
                    "value": "(",
                    "keyword": null,
                    "type": 2,
                    "flags": 16,
                    "position": 33
                },
                {
                    "token": "3",
                    "value": 3,
                    "keyword": null,
                    "type": 6,
                    "flags": 0,
                    "position": 34
                },
                {
                    "token": ")",
                    "value": ")",
                    "keyword": null,
                    "type": 2,
                    "flags": 16,
                    "position": 35
                },
                {
                    "token": ";",
                    "value": ";",
                    "keyword": null,
                    "type": 9,
                    "flags": 0,
                    "position": 36
                },
                {
                    "token": "\n    ",
                    "value": " ",
                    "keyword": null,
                    "type": 3,
                    "flags": 0,
                    "position": 37
                },
                {
                    "token": "SAVEPOINT",
                    "value": "SAVEPOINT",
                    "keyword": "SAVEPOINT",
                    "type": 1,
                    "flags": 1,
                    "position": 42
                },
                {
                    "token": " ",
                    "value": " ",
                    "keyword": null,
                    "type": 3,
                    "flags": 0,
                    "position": 51
                },
                {
                    "token": "my_savepoint",
                    "value": "my_savepoint",
                    "keyword": null,
                    "type": 0,
                    "flags": 0,
                    "position": 52
                },
                {
                    "token": ";",
                    "value": ";",
                    "keyword": null,
                    "type": 9,
                    "flags": 0,
                    "position": 64
                },
                {
                    "token": "\n    ",
                    "value": " ",
                    "keyword": null,
                    "type": 3,
                    "flags": 0,
                    "position": 65
                },
                {
                    "token": "INSERT",
                    "value": "INSERT",
                    "keyword": "INSERT",
                    "type": 1,
                    "flags": 35,
                    "position": 70
                },
                {
                    "token": " ",
                    "value": " ",
                    "keyword": null,
                    "type": 3,
                    "flags": 0,
                    "position": 76
                },
                {
                    "token": "INTO",
                    "value": "INTO",
                    "keyword": "INTO",
                    "type": 1,
                    "flags": 3,
                    "position": 77
                },
                {
                    "token": " ",
                    "value": " ",
                    "keyword": null,
                    "type": 3,
                    "flags": 0,
                    "position": 81
                },
                {
                    "token": "t2",
                    "value": "t2",
                    "keyword": null,
                    "type": 0,
                    "flags": 0,
                    "position": 82
                },
                {
                    "token": " ",
                    "value": " ",
                    "keyword": null,
                    "type": 3,
                    "flags": 0,
                    "position": 84
                },
                {
                    "token": "VALUES",
                    "value": "VALUES",
                    "keyword": "VALUES",
                    "type": 1,
                    "flags": 35,
                    "position": 85
                },
                {
                    "token": " ",
                    "value": " ",
                    "keyword": null,
                    "type": 3,
                    "flags": 0,
                    "position": 91
                },
                {
                    "token": "(",
                    "value": "(",
                    "keyword": null,
                    "type": 2,
                    "flags": 16,
                    "position": 92
                },
                {
                    "token": "4",
                    "value": 4,
                    "keyword": null,
                    "type": 6,
                    "flags": 0,
                    "position": 93
                },
                {
                    "token": ")",
                    "value": ")",
                    "keyword": null,
                    "type": 2,
                    "flags": 16,
                    "position": 94
                },
                {
                    "token": ";",
                    "value": ";",
                    "keyword": null,
                    "type": 9,
                    "flags": 0,
                    "position": 95
                },
                {
                    "token": "\n    ",
                    "value": " ",
                    "keyword": null,
                    "type": 3,
                    "flags": 0,
                    "position": 96
                },
                {
                    "token": "ROLLBACK",
                    "value": "ROLLBACK",
                    "keyword": "ROLLBACK",
                    "type": 1,
                    "flags": 1,
                    "position": 101
                },
                {
                    "token": " ",
                    "value": " ",
                    "keyword": null,
                    "type": 3,
                    "flags": 0,
                    "position": 109
                },
                {
                    "token": "TO",
                    "value": "TO",
                    "keyword": "TO",
                    "type": 1,
                    "flags": 3,
                    "position": 110
                },
                {
                    "token": " ",
                    "value": " ",
                    "keyword": null,
                    "type": 3,
                    "flags": 0,
                    "position": 112
                },
                {
                    "token": "SAVEPOINT",
                    "value": "SAVEPOINT",
                    "keyword": "SAVEPOINT",
                    "type": 1,
                    "flags": 1,
                    "position": 113
                },
                {
                    "token": " ",
                    "value": " ",
                    "keyword": null,
                    "type": 3,
                    "flags": 0,
                    "position": 122
                },
                {
                    "token": "my_savepoint",
                    "value": "my_savepoint",
                    "keyword": null,
                    "type": 0,
                    "flags": 0,
                    "position": 123
                },
                {
                    "token": ";",
                    "value": ";",
                    "keyword": null,
                    "type": 9,
                    "flags": 0,
                    "position": 135
                },
                {
                    "token": "\n",
                    "value": " ",
                    "keyword": null,
                    "type": 3,
                    "flags": 0,
                    "position": 136
                },
                {
                    "token": "COMMIT",
                    "value": "COMMIT",
                    "keyword": "COMMIT",
                    "type": 1,
                    "flags": 1,
                    "position": 137
                },
                {
                    "token": ";",
                    "value": ";",
                    "keyword": null,
                    "type": 9,
                    "flags": 0,
                    "position": 143
                },
                {
                    "token": null,
                    "value": null,
                    "keyword": null,
                    "type": 9,
                    "flags": 0,
                    "position": null
                }
            ],
            "count": 46,
            "idx": 46
        },
        "statements": [
            {
                "type": 1,
                "statements": [
                    {
                        "into": {
                            "type": null,
                            "dest": {
                                "database": null,
                                "table": "t2",
                                "column": null,
                                "expr": "t2",
                                "alias": null,
                                "function": null,
                                "subquery": null
                            },
                            "columns": null,
                            "values": null,
                            "fields_options": null,
                            "fields_keyword": null,
                            "lines_options": null
                        },
                        "values": [
                            {
                                "raw": [
                                    "3"
                                ],
                                "values": [
                                    "3"
                                ]
                            }
                        ],
                        "set": null,
                        "select": null,
                        "with": null,
                        "onDuplicateSet": null,
                        "options": {
                            "options": []
                        },
                        "first": 1,
                        "last": 13
                    },
                    {
                        "into": {
                            "type": null,
                            "dest": {
                                "database": null,
                                "table": "t2",
                                "column": null,
                                "expr": "t2",
                                "alias": null,
                                "function": null,
                                "subquery": null
                            },
                            "columns": null,
                            "values": null,
                            "fields_options": null,
                            "fields_keyword": null,
                            "lines_options": null
                        },
                        "values": [
                            {
                                "raw": [
                                    "4"
                                ],
                                "values": [
                                    "4"
                                ]
                            }
                        ],
                        "set": null,
                        "select": null,
                        "with": null,
                        "onDuplicateSet": null,
                        "options": {
                            "options": []
                        },
                        "first": 21,
                        "last": 31
                    }
                ],
                "end": {
                    "type": 2,
                    "statements": null,
                    "end": null,
                    "options": {
                        "options": {
                            "1": "ROLLBACK"
                        }
                    },
                    "first": 32,
                    "last": 40
                },
                "options": {
                    "options": {
                        "1": "BEGIN"
                    }
                },
                "first": 0,
                "last": 0
            },
            {
                "type": 2,
                "statements": null,
                "end": null,
                "options": {
                    "options": {
                        "1": "COMMIT"
                    }
                },
                "first": 41,
                "last": 43
            }
        ],
        "brackets": 0,
        "strict": false,
        "errors": []
    },
    "errors": {
        "lexer": [],
        "parser": [
            [
                "Unrecognized statement type.",
                {
                    "token": "SAVEPOINT",
                    "value": "SAVEPOINT",
                    "keyword": "SAVEPOINT",
                    "type": 1,
                    "flags": 1,
                    "position": 42
                },
                0
            ],
            [
                "Unrecognized keyword.",
                {
                    "token": "TO",
                    "value": "TO",
                    "keyword": "TO",
                    "type": 1,
                    "flags": 3,
                    "position": 110
                },
                0
            ],
            [
                "Unrecognized keyword.",
                {
                    "token": "SAVEPOINT",
                    "value": "SAVEPOINT",
                    "keyword": "SAVEPOINT",
                    "type": 1,
                    "flags": 1,
                    "position": 113
                },
                0
            ],
            [
                "Unexpected token.",
                {
                    "token": "my_savepoint",
                    "value": "my_savepoint",
                    "keyword": null,
                    "type": 0,
                    "flags": 0,
                    "position": 123
                },
                0
            ],
            [
                "No transaction was previously started.",
                {
                    "token": "COMMIT",
                    "value": "COMMIT",
                    "keyword": "COMMIT",
                    "type": 1,
                    "flags": 1,
                    "position": 137
                },
                0
            ]
        ]
    }
}