{
    "query": "SELECT left_tbl.*\nFROM left_tbl LEFT JOIN right_tbl ON left_tbl.id = right_tbl.id\nWHERE right_tbl.id IS NULL;",
    "lexer": {
        "KEYWORD_NAME_INDICATORS": [
            "FROM",
            "SET",
            "WHERE"
        ],
        "OPERATOR_NAME_INDICATORS": [
            ",",
            "."
        ],
        "str": "SELECT left_tbl.*\nFROM left_tbl LEFT JOIN right_tbl ON left_tbl.id = right_tbl.id\nWHERE right_tbl.id IS NULL;",
        "len": 109,
        "last": 109,
        "list": {
            "tokens": [
                {
                    "token": "SELECT",
                    "value": "SELECT",
                    "keyword": "SELECT",
                    "type": 1,
                    "flags": 3,
                    "position": 0
                },
                {
                    "token": " ",
                    "value": " ",
                    "keyword": null,
                    "type": 3,
                    "flags": 0,
                    "position": 6
                },
                {
                    "token": "left_tbl",
                    "value": "left_tbl",
                    "keyword": null,
                    "type": 0,
                    "flags": 0,
                    "position": 7
                },
                {
                    "token": ".",
                    "value": ".",
                    "keyword": null,
                    "type": 2,
                    "flags": 16,
                    "position": 15
                },
                {
                    "token": "*",
                    "value": "*",
                    "keyword": null,
                    "type": 2,
                    "flags": 16,
                    "position": 16
                },
                {
                    "token": "\n",
                    "value": " ",
                    "keyword": null,
                    "type": 3,
                    "flags": 0,
                    "position": 17
                },
                {
                    "token": "FROM",
                    "value": "FROM",
                    "keyword": "FROM",
                    "type": 1,
                    "flags": 3,
                    "position": 18
                },
                {
                    "token": " ",
                    "value": " ",
                    "keyword": null,
                    "type": 3,
                    "flags": 0,
                    "position": 22
                },
                {
                    "token": "left_tbl",
                    "value": "left_tbl",
                    "keyword": null,
                    "type": 0,
                    "flags": 0,
                    "position": 23
                },
                {
                    "token": " ",
                    "value": " ",
                    "keyword": null,
                    "type": 3,
                    "flags": 0,
                    "position": 31
                },
                {
                    "token": "LEFT JOIN",
                    "value": "LEFT JOIN",
                    "keyword": "LEFT JOIN",
                    "type": 1,
                    "flags": 7,
                    "position": 32
                },
                {
                    "token": " ",
                    "value": " ",
                    "keyword": null,
                    "type": 3,
                    "flags": 0,
                    "position": 41
                },
                {
                    "token": "right_tbl",
                    "value": "right_tbl",
                    "keyword": null,
                    "type": 0,
                    "flags": 0,
                    "position": 42
                },
                {
                    "token": " ",
                    "value": " ",
                    "keyword": null,
                    "type": 3,
                    "flags": 0,
                    "position": 51
                },
                {
                    "token": "ON",
                    "value": "ON",
                    "keyword": "ON",
                    "type": 1,
                    "flags": 3,
                    "position": 52
                },
                {
                    "token": " ",
                    "value": " ",
                    "keyword": null,
                    "type": 3,
                    "flags": 0,
                    "position": 54
                },
                {
                    "token": "left_tbl",
                    "value": "left_tbl",
                    "keyword": null,
                    "type": 0,
                    "flags": 0,
                    "position": 55
                },
                {
                    "token": ".",
                    "value": ".",
                    "keyword": null,
                    "type": 2,
                    "flags": 16,
                    "position": 63
                },
                {
                    "token": "id",
                    "value": "id",
                    "keyword": null,
                    "type": 0,
                    "flags": 0,
                    "position": 64
                },
                {
                    "token": " ",
                    "value": " ",
                    "keyword": null,
                    "type": 3,
                    "flags": 0,
                    "position": 66
                },
                {
                    "token": "=",
                    "value": "=",
                    "keyword": null,
                    "type": 2,
                    "flags": 2,
                    "position": 67
                },
                {
                    "token": " ",
                    "value": " ",
                    "keyword": null,
                    "type": 3,
                    "flags": 0,
                    "position": 68
                },
                {
                    "token": "right_tbl",
                    "value": "right_tbl",
                    "keyword": null,
                    "type": 0,
                    "flags": 0,
                    "position": 69
                },
                {
                    "token": ".",
                    "value": ".",
                    "keyword": null,
                    "type": 2,
                    "flags": 16,
                    "position": 78
                },
                {
                    "token": "id",
                    "value": "id",
                    "keyword": null,
                    "type": 0,
                    "flags": 0,
                    "position": 79
                },
                {
                    "token": "\n",
                    "value": " ",
                    "keyword": null,
                    "type": 3,
                    "flags": 0,
                    "position": 81
                },
                {
                    "token": "WHERE",
                    "value": "WHERE",
                    "keyword": "WHERE",
                    "type": 1,
                    "flags": 3,
                    "position": 82
                },
                {
                    "token": " ",
                    "value": " ",
                    "keyword": null,
                    "type": 3,
                    "flags": 0,
                    "position": 87
                },
                {
                    "token": "right_tbl",
                    "value": "right_tbl",
                    "keyword": null,
                    "type": 0,
                    "flags": 0,
                    "position": 88
                },
                {
                    "token": ".",
                    "value": ".",
                    "keyword": null,
                    "type": 2,
                    "flags": 16,
                    "position": 97
                },
                {
                    "token": "id",
                    "value": "id",
                    "keyword": null,
                    "type": 0,
                    "flags": 0,
                    "position": 98
                },
                {
                    "token": " ",
                    "value": " ",
                    "keyword": null,
                    "type": 3,
                    "flags": 0,
                    "position": 100
                },
                {
                    "token": "IS",
                    "value": "IS",
                    "keyword": "IS",
                    "type": 1,
                    "flags": 3,
                    "position": 101
                },
                {
                    "token": " ",
                    "value": " ",
                    "keyword": null,
                    "type": 3,
                    "flags": 0,
                    "position": 103
                },
                {
                    "token": "NULL",
                    "value": "NULL",
                    "keyword": "NULL",
                    "type": 1,
                    "flags": 3,
                    "position": 104
                },
                {
                    "token": ";",
                    "value": ";",
                    "keyword": null,
                    "type": 9,
                    "flags": 0,
                    "position": 108
                },
                {
                    "token": null,
                    "value": null,
                    "keyword": null,
                    "type": 9,
                    "flags": 0,
                    "position": null
                }
            ],
            "count": 37,
            "idx": 37
        },
        "delimiter": ";",
        "delimiterLen": 1,
        "strict": false,
        "errors": []
    },
    "parser": {
        "list": {
            "tokens": [
                {
                    "token": "SELECT",
                    "value": "SELECT",
                    "keyword": "SELECT",
                    "type": 1,
                    "flags": 3,
                    "position": 0
                },
                {
                    "token": " ",
                    "value": " ",
                    "keyword": null,
                    "type": 3,
                    "flags": 0,
                    "position": 6
                },
                {
                    "token": "left_tbl",
                    "value": "left_tbl",
                    "keyword": null,
                    "type": 0,
                    "flags": 0,
                    "position": 7
                },
                {
                    "token": ".",
                    "value": ".",
                    "keyword": null,
                    "type": 2,
                    "flags": 16,
                    "position": 15
                },
                {
                    "token": "*",
                    "value": "*",
                    "keyword": null,
                    "type": 2,
                    "flags": 16,
                    "position": 16
                },
                {
                    "token": "\n",
                    "value": " ",
                    "keyword": null,
                    "type": 3,
                    "flags": 0,
                    "position": 17
                },
                {
                    "token": "FROM",
                    "value": "FROM",
                    "keyword": "FROM",
                    "type": 1,
                    "flags": 3,
                    "position": 18
                },
                {
                    "token": " ",
                    "value": " ",
                    "keyword": null,
                    "type": 3,
                    "flags": 0,
                    "position": 22
                },
                {
                    "token": "left_tbl",
                    "value": "left_tbl",
                    "keyword": null,
                    "type": 0,
                    "flags": 0,
                    "position": 23
                },
                {
                    "token": " ",
                    "value": " ",
                    "keyword": null,
                    "type": 3,
                    "flags": 0,
                    "position": 31
                },
                {
                    "token": "LEFT JOIN",
                    "value": "LEFT JOIN",
                    "keyword": "LEFT JOIN",
                    "type": 1,
                    "flags": 7,
                    "position": 32
                },
                {
                    "token": " ",
                    "value": " ",
                    "keyword": null,
                    "type": 3,
                    "flags": 0,
                    "position": 41
                },
                {
                    "token": "right_tbl",
                    "value": "right_tbl",
                    "keyword": null,
                    "type": 0,
                    "flags": 0,
                    "position": 42
                },
                {
                    "token": " ",
                    "value": " ",
                    "keyword": null,
                    "type": 3,
                    "flags": 0,
                    "position": 51
                },
                {
                    "token": "ON",
                    "value": "ON",
                    "keyword": "ON",
                    "type": 1,
                    "flags": 3,
                    "position": 52
                },
                {
                    "token": " ",
                    "value": " ",
                    "keyword": null,
                    "type": 3,
                    "flags": 0,
                    "position": 54
                },
                {
                    "token": "left_tbl",
                    "value": "left_tbl",
                    "keyword": null,
                    "type": 0,
                    "flags": 0,
                    "position": 55
                },
                {
                    "token": ".",
                    "value": ".",
                    "keyword": null,
                    "type": 2,
                    "flags": 16,
                    "position": 63
                },
                {
                    "token": "id",
                    "value": "id",
                    "keyword": null,
                    "type": 0,
                    "flags": 0,
                    "position": 64
                },
                {
                    "token": " ",
                    "value": " ",
                    "keyword": null,
                    "type": 3,
                    "flags": 0,
                    "position": 66
                },
                {
                    "token": "=",
                    "value": "=",
                    "keyword": null,
                    "type": 2,
                    "flags": 2,
                    "position": 67
                },
                {
                    "token": " ",
                    "value": " ",
                    "keyword": null,
                    "type": 3,
                    "flags": 0,
                    "position": 68
                },
                {
                    "token": "right_tbl",
                    "value": "right_tbl",
                    "keyword": null,
                    "type": 0,
                    "flags": 0,
                    "position": 69
                },
                {
                    "token": ".",
                    "value": ".",
                    "keyword": null,
                    "type": 2,
                    "flags": 16,
                    "position": 78
                },
                {
                    "token": "id",
                    "value": "id",
                    "keyword": null,
                    "type": 0,
                    "flags": 0,
                    "position": 79
                },
                {
                    "token": "\n",
                    "value": " ",
                    "keyword": null,
                    "type": 3,
                    "flags": 0,
                    "position": 81
                },
                {
                    "token": "WHERE",
                    "value": "WHERE",
                    "keyword": "WHERE",
                    "type": 1,
                    "flags": 3,
                    "position": 82
                },
                {
                    "token": " ",
                    "value": " ",
                    "keyword": null,
                    "type": 3,
                    "flags": 0,
                    "position": 87
                },
                {
                    "token": "right_tbl",
                    "value": "right_tbl",
                    "keyword": null,
                    "type": 0,
                    "flags": 0,
                    "position": 88
                },
                {
                    "token": ".",
                    "value": ".",
                    "keyword": null,
                    "type": 2,
                    "flags": 16,
                    "position": 97
                },
                {
                    "token": "id",
                    "value": "id",
                    "keyword": null,
                    "type": 0,
                    "flags": 0,
                    "position": 98
                },
                {
                    "token": " ",
                    "value": " ",
                    "keyword": null,
                    "type": 3,
                    "flags": 0,
                    "position": 100
                },
                {
                    "token": "IS",
                    "value": "IS",
                    "keyword": "IS",
                    "type": 1,
                    "flags": 3,
                    "position": 101
                },
                {
                    "token": " ",
                    "value": " ",
                    "keyword": null,
                    "type": 3,
                    "flags": 0,
                    "position": 103
                },
                {
                    "token": "NULL",
                    "value": "NULL",
                    "keyword": "NULL",
                    "type": 1,
                    "flags": 3,
                    "position": 104
                },
                {
                    "token": ";",
                    "value": ";",
                    "keyword": null,
                    "type": 9,
                    "flags": 0,
                    "position": 108
                },
                {
                    "token": null,
                    "value": null,
                    "keyword": null,
                    "type": 9,
                    "flags": 0,
                    "position": null
                }
            ],
            "count": 37,
            "idx": 37
        },
        "statements": [
            {
                "expr": [
                    {
                        "database": null,
                        "table": "left_tbl",
                        "column": null,
                        "expr": "left_tbl.*",
                        "alias": null,
                        "function": null,
                        "subquery": null
                    }
                ],
                "from": [
                    {
                        "database": null,
                        "table": "left_tbl",
                        "column": null,
                        "expr": "left_tbl",
                        "alias": null,
                        "function": null,
                        "subquery": null
                    }
                ],
                "index_hints": null,
                "partition": null,
                "where": [
                    {
                        "identifiers": [
                            "right_tbl",
                            "id"
                        ],
                        "isOperator": false,
                        "expr": "right_tbl.id IS NULL"
                    }
                ],
                "group": null,
                "group_options": null,
                "having": null,
                "order": null,
                "limit": null,
                "procedure": null,
                "into": null,
                "join": [
                    {
                        "type": "LEFT",
                        "expr": {
                            "database": null,
                            "table": "right_tbl",
                            "column": null,
                            "expr": "right_tbl",
                            "alias": null,
                            "function": null,
                            "subquery": null
                        },
                        "on": [
                            {
                                "identifiers": [
                                    "left_tbl",
                                    "id",
                                    "right_tbl"
                                ],
                                "isOperator": false,
                                "expr": "left_tbl.id = right_tbl.id"
                            }
                        ],
                        "using": null
                    }
                ],
                "union": [],
                "end_options": null,
                "options": {
                    "options": []
                },
                "first": 0,
                "last": 34
            }
        ],
        "brackets": 0,
        "strict": false,
        "errors": []
    },
    "errors": {
        "lexer": [],
        "parser": []
    }
}