{
    "query": "\nSTART TRANSACTION;\nSET time_zone = \"+00:00\";\n",
    "lexer": {
        "KEYWORD_NAME_INDICATORS": [
            "FROM",
            "SET",
            "WHERE"
        ],
        "OPERATOR_NAME_INDICATORS": [
            ",",
            "."
        ],
        "str": "\nSTART TRANSACTION;\nSET time_zone = \"+00:00\";\n",
        "len": 46,
        "last": 46,
        "list": {
            "tokens": [
                {
                    "token": "\n",
                    "value": " ",
                    "keyword": null,
                    "type": 3,
                    "flags": 0,
                    "position": 0
                },
                {
                    "token": "START TRANSACTION",
                    "value": "START TRANSACTION",
                    "keyword": "START TRANSACTION",
                    "type": 1,
                    "flags": 7,
                    "position": 1
                },
                {
                    "token": ";",
                    "value": ";",
                    "keyword": null,
                    "type": 9,
                    "flags": 0,
                    "position": 18
                },
                {
                    "token": "\n",
                    "value": " ",
                    "keyword": null,
                    "type": 3,
                    "flags": 0,
                    "position": 19
                },
                {
                    "token": "SET",
                    "value": "SET",
                    "keyword": "SET",
                    "type": 1,
                    "flags": 11,
                    "position": 20
                },
                {
                    "token": " ",
                    "value": " ",
                    "keyword": null,
                    "type": 3,
                    "flags": 0,
                    "position": 23
                },
                {
                    "token": "time_zone",
                    "value": "time_zone",
                    "keyword": null,
                    "type": 0,
                    "flags": 0,
                    "position": 24
                },
                {
                    "token": " ",
                    "value": " ",
                    "keyword": null,
                    "type": 3,
                    "flags": 0,
                    "position": 33
                },
                {
                    "token": "=",
                    "value": "=",
                    "keyword": null,
                    "type": 2,
                    "flags": 2,
                    "position": 34
                },
                {
                    "token": " ",
                    "value": " ",
                    "keyword": null,
                    "type": 3,
                    "flags": 0,
                    "position": 35
                },
                {
                    "token": "\"+00:00\"",
                    "value": "+00:00",
                    "keyword": null,
                    "type": 7,
                    "flags": 2,
                    "position": 36
                },
                {
                    "token": ";",
                    "value": ";",
                    "keyword": null,
                    "type": 9,
                    "flags": 0,
                    "position": 44
                },
                {
                    "token": "\n",
                    "value": " ",
                    "keyword": null,
                    "type": 3,
                    "flags": 0,
                    "position": 45
                },
                {
                    "token": null,
                    "value": null,
                    "keyword": null,
                    "type": 9,
                    "flags": 0,
                    "position": null
                }
            ],
            "count": 14,
            "idx": 14
        },
        "delimiter": ";",
        "delimiterLen": 1,
        "strict": false,
        "errors": []
    },
    "parser": {
        "list": {
            "tokens": [
                {
                    "token": "\n",
                    "value": " ",
                    "keyword": null,
                    "type": 3,
                    "flags": 0,
                    "position": 0
                },
                {
                    "token": "START TRANSACTION",
                    "value": "START TRANSACTION",
                    "keyword": "START TRANSACTION",
                    "type": 1,
                    "flags": 7,
                    "position": 1
                },
                {
                    "token": ";",
                    "value": ";",
                    "keyword": null,
                    "type": 9,
                    "flags": 0,
                    "position": 18
                },
                {
                    "token": "\n",
                    "value": " ",
                    "keyword": null,
                    "type": 3,
                    "flags": 0,
                    "position": 19
                },
                {
                    "token": "SET",
                    "value": "SET",
                    "keyword": "SET",
                    "type": 1,
                    "flags": 11,
                    "position": 20
                },
                {
                    "token": " ",
                    "value": " ",
                    "keyword": null,
                    "type": 3,
                    "flags": 0,
                    "position": 23
                },
                {
                    "token": "time_zone",
                    "value": "time_zone",
                    "keyword": null,
                    "type": 0,
                    "flags": 0,
                    "position": 24
                },
                {
                    "token": " ",
                    "value": " ",
                    "keyword": null,
                    "type": 3,
                    "flags": 0,
                    "position": 33
                },
                {
                    "token": "=",
                    "value": "=",
                    "keyword": null,
                    "type": 2,
                    "flags": 2,
                    "position": 34
                },
                {
                    "token": " ",
                    "value": " ",
                    "keyword": null,
                    "type": 3,
                    "flags": 0,
                    "position": 35
                },
                {
                    "token": "\"+00:00\"",
                    "value": "+00:00",
                    "keyword": null,
                    "type": 7,
                    "flags": 2,
                    "position": 36
                },
                {
                    "token": ";",
                    "value": ";",
                    "keyword": null,
                    "type": 9,
                    "flags": 0,
                    "position": 44
                },
                {
                    "token": "\n",
                    "value": " ",
                    "keyword": null,
                    "type": 3,
                    "flags": 0,
                    "position": 45
                },
                {
                    "token": null,
                    "value": null,
                    "keyword": null,
                    "type": 9,
                    "flags": 0,
                    "position": null
                }
            ],
            "count": 14,
            "idx": 14
        },
        "statements": [
            {
                "type": 1,
                "statements": [
                    {
                        "options": {
                            "options": []
                        },
                        "end_options": null,
                        "set": [
                            {
                                "column": "time_zone",
                                "value": "\"+00:00\""
                            }
                        ],
                        "first": 2,
                        "last": 10
                    }
                ],
                "end": null,
                "options": {
                    "options": {
                        "1": "START TRANSACTION"
                    }
                },
                "first": 0,
                "last": 1
            }
        ],
        "brackets": 0,
        "strict": false,
        "errors": []
    },
    "errors": {
        "lexer": [],
        "parser": []
    }
}