{
    "query": "DESC phpmyadmin.pma__users;",
    "lexer": {
        "KEYWORD_NAME_INDICATORS": [
            "FROM",
            "SET",
            "WHERE"
        ],
        "OPERATOR_NAME_INDICATORS": [
            ",",
            "."
        ],
        "str": "DESC phpmyadmin.pma__users;",
        "len": 27,
        "last": 27,
        "list": {
            "tokens": [
                {
                    "token": "DESC",
                    "value": "DESC",
                    "keyword": "DESC",
                    "type": 1,
                    "flags": 3,
                    "position": 0
                },
                {
                    "token": " ",
                    "value": " ",
                    "keyword": null,
                    "type": 3,
                    "flags": 0,
                    "position": 4
                },
                {
                    "token": "phpmyadmin",
                    "value": "phpmyadmin",
                    "keyword": null,
                    "type": 0,
                    "flags": 0,
                    "position": 5
                },
                {
                    "token": ".",
                    "value": ".",
                    "keyword": null,
                    "type": 2,
                    "flags": 16,
                    "position": 15
                },
                {
                    "token": "pma__users",
                    "value": "pma__users",
                    "keyword": null,
                    "type": 0,
                    "flags": 0,
                    "position": 16
                },
                {
                    "token": ";",
                    "value": ";",
                    "keyword": null,
                    "type": 9,
                    "flags": 0,
                    "position": 26
                },
                {
                    "token": null,
                    "value": null,
                    "keyword": null,
                    "type": 9,
                    "flags": 0,
                    "position": null
                }
            ],
            "count": 7,
            "idx": 7
        },
        "delimiter": ";",
        "delimiterLen": 1,
        "strict": false,
        "errors": []
    },
    "parser": {
        "list": {
            "tokens": [
                {
                    "token": "DESC",
                    "value": "DESC",
                    "keyword": "DESC",
                    "type": 1,
                    "flags": 3,
                    "position": 0
                },
                {
                    "token": " ",
                    "value": " ",
                    "keyword": null,
                    "type": 3,
                    "flags": 0,
                    "position": 4
                },
                {
                    "token": "phpmyadmin",
                    "value": "phpmyadmin",
                    "keyword": null,
                    "type": 0,
                    "flags": 0,
                    "position": 5
                },
                {
                    "token": ".",
                    "value": ".",
                    "keyword": null,
                    "type": 2,
                    "flags": 16,
                    "position": 15
                },
                {
                    "token": "pma__users",
                    "value": "pma__users",
                    "keyword": null,
                    "type": 0,
                    "flags": 0,
                    "position": 16
                },
                {
                    "token": ";",
                    "value": ";",
                    "keyword": null,
                    "type": 9,
                    "flags": 0,
                    "position": 26
                },
                {
                    "token": null,
                    "value": null,
                    "keyword": null,
                    "type": 9,
                    "flags": 0,
                    "position": null
                }
            ],
            "count": 7,
            "idx": 7
        },
        "statements": [
            {
                "bodyParser": null,
                "statementAlias": "DESC",
                "connectionId": null,
                "explainedDatabase": "phpmyadmin",
                "explainedTable": "pma__users",
                "explainedColumn": null,
                "options": null,
                "first": 0,
                "last": 4
            }
        ],
        "brackets": 0,
        "strict": false,
        "errors": []
    },
    "errors": {
        "lexer": [],
        "parser": []
    }
}