{
    "query": "RENAME TABLE foo TO bar, baz TO qux;",
    "lexer": {
        "KEYWORD_NAME_INDICATORS": [
            "FROM",
            "SET",
            "WHERE"
        ],
        "OPERATOR_NAME_INDICATORS": [
            ",",
            "."
        ],
        "str": "RENAME TABLE foo TO bar, baz TO qux;",
        "len": 36,
        "last": 36,
        "list": {
            "tokens": [
                {
                    "token": "RENAME",
                    "value": "RENAME",
                    "keyword": "RENAME",
                    "type": 1,
                    "flags": 3,
                    "position": 0
                },
                {
                    "token": " ",
                    "value": " ",
                    "keyword": null,
                    "type": 3,
                    "flags": 0,
                    "position": 6
                },
                {
                    "token": "TABLE",
                    "value": "TABLE",
                    "keyword": "TABLE",
                    "type": 1,
                    "flags": 3,
                    "position": 7
                },
                {
                    "token": " ",
                    "value": " ",
                    "keyword": null,
                    "type": 3,
                    "flags": 0,
                    "position": 12
                },
                {
                    "token": "foo",
                    "value": "foo",
                    "keyword": null,
                    "type": 0,
                    "flags": 0,
                    "position": 13
                },
                {
                    "token": " ",
                    "value": " ",
                    "keyword": null,
                    "type": 3,
                    "flags": 0,
                    "position": 16
                },
                {
                    "token": "TO",
                    "value": "TO",
                    "keyword": "TO",
                    "type": 1,
                    "flags": 3,
                    "position": 17
                },
                {
                    "token": " ",
                    "value": " ",
                    "keyword": null,
                    "type": 3,
                    "flags": 0,
                    "position": 19
                },
                {
                    "token": "bar",
                    "value": "bar",
                    "keyword": null,
                    "type": 0,
                    "flags": 0,
                    "position": 20
                },
                {
                    "token": ",",
                    "value": ",",
                    "keyword": null,
                    "type": 2,
                    "flags": 16,
                    "position": 23
                },
                {
                    "token": " ",
                    "value": " ",
                    "keyword": null,
                    "type": 3,
                    "flags": 0,
                    "position": 24
                },
                {
                    "token": "baz",
                    "value": "baz",
                    "keyword": null,
                    "type": 0,
                    "flags": 0,
                    "position": 25
                },
                {
                    "token": " ",
                    "value": " ",
                    "keyword": null,
                    "type": 3,
                    "flags": 0,
                    "position": 28
                },
                {
                    "token": "TO",
                    "value": "TO",
                    "keyword": "TO",
                    "type": 1,
                    "flags": 3,
                    "position": 29
                },
                {
                    "token": " ",
                    "value": " ",
                    "keyword": null,
                    "type": 3,
                    "flags": 0,
                    "position": 31
                },
                {
                    "token": "qux",
                    "value": "qux",
                    "keyword": null,
                    "type": 0,
                    "flags": 0,
                    "position": 32
                },
                {
                    "token": ";",
                    "value": ";",
                    "keyword": null,
                    "type": 9,
                    "flags": 0,
                    "position": 35
                },
                {
                    "token": null,
                    "value": null,
                    "keyword": null,
                    "type": 9,
                    "flags": 0,
                    "position": null
                }
            ],
            "count": 18,
            "idx": 18
        },
        "delimiter": ";",
        "delimiterLen": 1,
        "strict": false,
        "errors": []
    },
    "parser": {
        "list": {
            "tokens": [
                {
                    "token": "RENAME",
                    "value": "RENAME",
                    "keyword": "RENAME",
                    "type": 1,
                    "flags": 3,
                    "position": 0
                },
                {
                    "token": " ",
                    "value": " ",
                    "keyword": null,
                    "type": 3,
                    "flags": 0,
                    "position": 6
                },
                {
                    "token": "TABLE",
                    "value": "TABLE",
                    "keyword": "TABLE",
                    "type": 1,
                    "flags": 3,
                    "position": 7
                },
                {
                    "token": " ",
                    "value": " ",
                    "keyword": null,
                    "type": 3,
                    "flags": 0,
                    "position": 12
                },
                {
                    "token": "foo",
                    "value": "foo",
                    "keyword": null,
                    "type": 0,
                    "flags": 0,
                    "position": 13
                },
                {
                    "token": " ",
                    "value": " ",
                    "keyword": null,
                    "type": 3,
                    "flags": 0,
                    "position": 16
                },
                {
                    "token": "TO",
                    "value": "TO",
                    "keyword": "TO",
                    "type": 1,
                    "flags": 3,
                    "position": 17
                },
                {
                    "token": " ",
                    "value": " ",
                    "keyword": null,
                    "type": 3,
                    "flags": 0,
                    "position": 19
                },
                {
                    "token": "bar",
                    "value": "bar",
                    "keyword": null,
                    "type": 0,
                    "flags": 0,
                    "position": 20
                },
                {
                    "token": ",",
                    "value": ",",
                    "keyword": null,
                    "type": 2,
                    "flags": 16,
                    "position": 23
                },
                {
                    "token": " ",
                    "value": " ",
                    "keyword": null,
                    "type": 3,
                    "flags": 0,
                    "position": 24
                },
                {
                    "token": "baz",
                    "value": "baz",
                    "keyword": null,
                    "type": 0,
                    "flags": 0,
                    "position": 25
                },
                {
                    "token": " ",
                    "value": " ",
                    "keyword": null,
                    "type": 3,
                    "flags": 0,
                    "position": 28
                },
                {
                    "token": "TO",
                    "value": "TO",
                    "keyword": "TO",
                    "type": 1,
                    "flags": 3,
                    "position": 29
                },
                {
                    "token": " ",
                    "value": " ",
                    "keyword": null,
                    "type": 3,
                    "flags": 0,
                    "position": 31
                },
                {
                    "token": "qux",
                    "value": "qux",
                    "keyword": null,
                    "type": 0,
                    "flags": 0,
                    "position": 32
                },
                {
                    "token": ";",
                    "value": ";",
                    "keyword": null,
                    "type": 9,
                    "flags": 0,
                    "position": 35
                },
                {
                    "token": null,
                    "value": null,
                    "keyword": null,
                    "type": 9,
                    "flags": 0,
                    "position": null
                }
            ],
            "count": 18,
            "idx": 18
        },
        "statements": [
            {
                "renames": [
                    {
                        "old": {
                            "database": null,
                            "table": "foo",
                            "column": null,
                            "expr": "foo",
                            "alias": null,
                            "function": null,
                            "subquery": null
                        },
                        "new": {
                            "database": null,
                            "table": "bar",
                            "column": null,
                            "expr": "bar",
                            "alias": null,
                            "function": null,
                            "subquery": null
                        }
                    },
                    {
                        "old": {
                            "database": null,
                            "table": "baz",
                            "column": null,
                            "expr": "baz",
                            "alias": null,
                            "function": null,
                            "subquery": null
                        },
                        "new": {
                            "database": null,
                            "table": "qux",
                            "column": null,
                            "expr": "qux",
                            "alias": null,
                            "function": null,
                            "subquery": null
                        }
                    }
                ],
                "options": null,
                "first": 0,
                "last": 15
            }
        ],
        "brackets": 0,
        "strict": false,
        "errors": []
    },
    "errors": {
        "lexer": [],
        "parser": []
    }
}