{
    "query": "ALTER TABLE `testtable` DROP COLUMN `id2`, ALGORITHM=INPLACE, LOCK=NONE;",
    "lexer": {
        "KEYWORD_NAME_INDICATORS": [
            "FROM",
            "SET",
            "WHERE"
        ],
        "OPERATOR_NAME_INDICATORS": [
            ",",
            "."
        ],
        "str": "ALTER TABLE `testtable` DROP COLUMN `id2`, ALGORITHM=INPLACE, LOCK=NONE;",
        "len": 72,
        "last": 72,
        "list": {
            "tokens": [
                {
                    "token": "ALTER",
                    "value": "ALTER",
                    "keyword": "ALTER",
                    "type": 1,
                    "flags": 3,
                    "position": 0
                },
                {
                    "token": " ",
                    "value": " ",
                    "keyword": null,
                    "type": 3,
                    "flags": 0,
                    "position": 5
                },
                {
                    "token": "TABLE",
                    "value": "TABLE",
                    "keyword": "TABLE",
                    "type": 1,
                    "flags": 3,
                    "position": 6
                },
                {
                    "token": " ",
                    "value": " ",
                    "keyword": null,
                    "type": 3,
                    "flags": 0,
                    "position": 11
                },
                {
                    "token": "`testtable`",
                    "value": "testtable",
                    "keyword": null,
                    "type": 8,
                    "flags": 2,
                    "position": 12
                },
                {
                    "token": " ",
                    "value": " ",
                    "keyword": null,
                    "type": 3,
                    "flags": 0,
                    "position": 23
                },
                {
                    "token": "DROP",
                    "value": "DROP",
                    "keyword": "DROP",
                    "type": 1,
                    "flags": 3,
                    "position": 24
                },
                {
                    "token": " ",
                    "value": " ",
                    "keyword": null,
                    "type": 3,
                    "flags": 0,
                    "position": 28
                },
                {
                    "token": "COLUMN",
                    "value": "COLUMN",
                    "keyword": "COLUMN",
                    "type": 1,
                    "flags": 3,
                    "position": 29
                },
                {
                    "token": " ",
                    "value": " ",
                    "keyword": null,
                    "type": 3,
                    "flags": 0,
                    "position": 35
                },
                {
                    "token": "`id2`",
                    "value": "id2",
                    "keyword": null,
                    "type": 8,
                    "flags": 2,
                    "position": 36
                },
                {
                    "token": ",",
                    "value": ",",
                    "keyword": null,
                    "type": 2,
                    "flags": 16,
                    "position": 41
                },
                {
                    "token": " ",
                    "value": " ",
                    "keyword": null,
                    "type": 3,
                    "flags": 0,
                    "position": 42
                },
                {
                    "token": "ALGORITHM",
                    "value": "ALGORITHM",
                    "keyword": "ALGORITHM",
                    "type": 1,
                    "flags": 1,
                    "position": 43
                },
                {
                    "token": "=",
                    "value": "=",
                    "keyword": null,
                    "type": 2,
                    "flags": 2,
                    "position": 52
                },
                {
                    "token": "INPLACE",
                    "value": "INPLACE",
                    "keyword": null,
                    "type": 0,
                    "flags": 0,
                    "position": 53
                },
                {
                    "token": ",",
                    "value": ",",
                    "keyword": null,
                    "type": 2,
                    "flags": 16,
                    "position": 60
                },
                {
                    "token": " ",
                    "value": " ",
                    "keyword": null,
                    "type": 3,
                    "flags": 0,
                    "position": 61
                },
                {
                    "token": "LOCK",
                    "value": "LOCK",
                    "keyword": "LOCK",
                    "type": 1,
                    "flags": 3,
                    "position": 62
                },
                {
                    "token": "=",
                    "value": "=",
                    "keyword": null,
                    "type": 2,
                    "flags": 2,
                    "position": 66
                },
                {
                    "token": "NONE",
                    "value": "NONE",
                    "keyword": "NONE",
                    "type": 1,
                    "flags": 1,
                    "position": 67
                },
                {
                    "token": ";",
                    "value": ";",
                    "keyword": null,
                    "type": 9,
                    "flags": 0,
                    "position": 71
                },
                {
                    "token": null,
                    "value": null,
                    "keyword": null,
                    "type": 9,
                    "flags": 0,
                    "position": null
                }
            ],
            "count": 23,
            "idx": 23
        },
        "delimiter": ";",
        "delimiterLen": 1,
        "strict": false,
        "errors": []
    },
    "parser": {
        "list": {
            "tokens": [
                {
                    "token": "ALTER",
                    "value": "ALTER",
                    "keyword": "ALTER",
                    "type": 1,
                    "flags": 3,
                    "position": 0
                },
                {
                    "token": " ",
                    "value": " ",
                    "keyword": null,
                    "type": 3,
                    "flags": 0,
                    "position": 5
                },
                {
                    "token": "TABLE",
                    "value": "TABLE",
                    "keyword": "TABLE",
                    "type": 1,
                    "flags": 3,
                    "position": 6
                },
                {
                    "token": " ",
                    "value": " ",
                    "keyword": null,
                    "type": 3,
                    "flags": 0,
                    "position": 11
                },
                {
                    "token": "`testtable`",
                    "value": "testtable",
                    "keyword": null,
                    "type": 8,
                    "flags": 2,
                    "position": 12
                },
                {
                    "token": " ",
                    "value": " ",
                    "keyword": null,
                    "type": 3,
                    "flags": 0,
                    "position": 23
                },
                {
                    "token": "DROP",
                    "value": "DROP",
                    "keyword": "DROP",
                    "type": 1,
                    "flags": 3,
                    "position": 24
                },
                {
                    "token": " ",
                    "value": " ",
                    "keyword": null,
                    "type": 3,
                    "flags": 0,
                    "position": 28
                },
                {
                    "token": "COLUMN",
                    "value": "COLUMN",
                    "keyword": "COLUMN",
                    "type": 1,
                    "flags": 3,
                    "position": 29
                },
                {
                    "token": " ",
                    "value": " ",
                    "keyword": null,
                    "type": 3,
                    "flags": 0,
                    "position": 35
                },
                {
                    "token": "`id2`",
                    "value": "id2",
                    "keyword": null,
                    "type": 8,
                    "flags": 2,
                    "position": 36
                },
                {
                    "token": ",",
                    "value": ",",
                    "keyword": null,
                    "type": 2,
                    "flags": 16,
                    "position": 41
                },
                {
                    "token": " ",
                    "value": " ",
                    "keyword": null,
                    "type": 3,
                    "flags": 0,
                    "position": 42
                },
                {
                    "token": "ALGORITHM",
                    "value": "ALGORITHM",
                    "keyword": "ALGORITHM",
                    "type": 1,
                    "flags": 1,
                    "position": 43
                },
                {
                    "token": "=",
                    "value": "=",
                    "keyword": null,
                    "type": 2,
                    "flags": 2,
                    "position": 52
                },
                {
                    "token": "INPLACE",
                    "value": "INPLACE",
                    "keyword": null,
                    "type": 0,
                    "flags": 0,
                    "position": 53
                },
                {
                    "token": ",",
                    "value": ",",
                    "keyword": null,
                    "type": 2,
                    "flags": 16,
                    "position": 60
                },
                {
                    "token": " ",
                    "value": " ",
                    "keyword": null,
                    "type": 3,
                    "flags": 0,
                    "position": 61
                },
                {
                    "token": "LOCK",
                    "value": "LOCK",
                    "keyword": "LOCK",
                    "type": 1,
                    "flags": 3,
                    "position": 62
                },
                {
                    "token": "=",
                    "value": "=",
                    "keyword": null,
                    "type": 2,
                    "flags": 2,
                    "position": 66
                },
                {
                    "token": "NONE",
                    "value": "NONE",
                    "keyword": "NONE",
                    "type": 1,
                    "flags": 1,
                    "position": 67
                },
                {
                    "token": ";",
                    "value": ";",
                    "keyword": null,
                    "type": 9,
                    "flags": 0,
                    "position": 71
                },
                {
                    "token": null,
                    "value": null,
                    "keyword": null,
                    "type": 9,
                    "flags": 0,
                    "position": null
                }
            ],
            "count": 23,
            "idx": 23
        },
        "statements": [
            {
                "table": {
                    "database": null,
                    "table": "testtable",
                    "column": null,
                    "expr": "`testtable`",
                    "alias": null,
                    "function": null,
                    "subquery": null
                },
                "altered": [
                    {
                        "options": {
                            "options": {
                                "1": "DROP",
                                "2": "COLUMN"
                            }
                        },
                        "field": {
                            "database": null,
                            "table": null,
                            "column": "id2",
                            "expr": "`id2`",
                            "alias": null,
                            "function": null,
                            "subquery": null
                        },
                        "partitions": null,
                        "unknown": []
                    },
                    {
                        "options": {
                            "options": {
                                "1": {
                                    "name": "ALGORITHM",
                                    "equals": true,
                                    "expr": "INPLACE",
                                    "value": "INPLACE"
                                }
                            }
                        },
                        "field": null,
                        "partitions": null,
                        "unknown": []
                    },
                    {
                        "options": {
                            "options": {
                                "1": {
                                    "name": "LOCK",
                                    "equals": true,
                                    "expr": "NONE",
                                    "value": "NONE"
                                }
                            }
                        },
                        "field": null,
                        "partitions": null,
                        "unknown": []
                    }
                ],
                "options": {
                    "options": {
                        "3": "TABLE"
                    }
                },
                "first": 0,
                "last": 21
            }
        ],
        "brackets": 0,
        "strict": false,
        "errors": []
    },
    "errors": {
        "lexer": [],
        "parser": []
    }
}