{
    "query": "SELECT * FROM t1 LEFT JOIN (t2, t3, t4)\n                 ON (t2.a=t1.a AND t3.b=t1.b AND t4.c=t1.c)\n",
    "lexer": {
        "KEYWORD_NAME_INDICATORS": [
            "FROM",
            "SET",
            "WHERE"
        ],
        "OPERATOR_NAME_INDICATORS": [
            ",",
            "."
        ],
        "str": "SELECT * FROM t1 LEFT JOIN (t2, t3, t4)\n                 ON (t2.a=t1.a AND t3.b=t1.b AND t4.c=t1.c)\n",
        "len": 100,
        "last": 100,
        "list": {
            "tokens": [
                {
                    "token": "SELECT",
                    "value": "SELECT",
                    "keyword": "SELECT",
                    "type": 1,
                    "flags": 3,
                    "position": 0
                },
                {
                    "token": " ",
                    "value": " ",
                    "keyword": null,
                    "type": 3,
                    "flags": 0,
                    "position": 6
                },
                {
                    "token": "*",
                    "value": "*",
                    "keyword": null,
                    "type": 2,
                    "flags": 16,
                    "position": 7
                },
                {
                    "token": " ",
                    "value": " ",
                    "keyword": null,
                    "type": 3,
                    "flags": 0,
                    "position": 8
                },
                {
                    "token": "FROM",
                    "value": "FROM",
                    "keyword": "FROM",
                    "type": 1,
                    "flags": 3,
                    "position": 9
                },
                {
                    "token": " ",
                    "value": " ",
                    "keyword": null,
                    "type": 3,
                    "flags": 0,
                    "position": 13
                },
                {
                    "token": "t1",
                    "value": "t1",
                    "keyword": null,
                    "type": 0,
                    "flags": 0,
                    "position": 14
                },
                {
                    "token": " ",
                    "value": " ",
                    "keyword": null,
                    "type": 3,
                    "flags": 0,
                    "position": 16
                },
                {
                    "token": "LEFT JOIN",
                    "value": "LEFT JOIN",
                    "keyword": "LEFT JOIN",
                    "type": 1,
                    "flags": 7,
                    "position": 17
                },
                {
                    "token": " ",
                    "value": " ",
                    "keyword": null,
                    "type": 3,
                    "flags": 0,
                    "position": 26
                },
                {
                    "token": "(",
                    "value": "(",
                    "keyword": null,
                    "type": 2,
                    "flags": 16,
                    "position": 27
                },
                {
                    "token": "t2",
                    "value": "t2",
                    "keyword": null,
                    "type": 0,
                    "flags": 0,
                    "position": 28
                },
                {
                    "token": ",",
                    "value": ",",
                    "keyword": null,
                    "type": 2,
                    "flags": 16,
                    "position": 30
                },
                {
                    "token": " ",
                    "value": " ",
                    "keyword": null,
                    "type": 3,
                    "flags": 0,
                    "position": 31
                },
                {
                    "token": "t3",
                    "value": "t3",
                    "keyword": null,
                    "type": 0,
                    "flags": 0,
                    "position": 32
                },
                {
                    "token": ",",
                    "value": ",",
                    "keyword": null,
                    "type": 2,
                    "flags": 16,
                    "position": 34
                },
                {
                    "token": " ",
                    "value": " ",
                    "keyword": null,
                    "type": 3,
                    "flags": 0,
                    "position": 35
                },
                {
                    "token": "t4",
                    "value": "t4",
                    "keyword": null,
                    "type": 0,
                    "flags": 0,
                    "position": 36
                },
                {
                    "token": ")",
                    "value": ")",
                    "keyword": null,
                    "type": 2,
                    "flags": 16,
                    "position": 38
                },
                {
                    "token": "\n                 ",
                    "value": " ",
                    "keyword": null,
                    "type": 3,
                    "flags": 0,
                    "position": 39
                },
                {
                    "token": "ON",
                    "value": "ON",
                    "keyword": "ON",
                    "type": 1,
                    "flags": 3,
                    "position": 57
                },
                {
                    "token": " ",
                    "value": " ",
                    "keyword": null,
                    "type": 3,
                    "flags": 0,
                    "position": 59
                },
                {
                    "token": "(",
                    "value": "(",
                    "keyword": null,
                    "type": 2,
                    "flags": 16,
                    "position": 60
                },
                {
                    "token": "t2",
                    "value": "t2",
                    "keyword": null,
                    "type": 0,
                    "flags": 0,
                    "position": 61
                },
                {
                    "token": ".",
                    "value": ".",
                    "keyword": null,
                    "type": 2,
                    "flags": 16,
                    "position": 63
                },
                {
                    "token": "a",
                    "value": "a",
                    "keyword": null,
                    "type": 0,
                    "flags": 0,
                    "position": 64
                },
                {
                    "token": "=",
                    "value": "=",
                    "keyword": null,
                    "type": 2,
                    "flags": 2,
                    "position": 65
                },
                {
                    "token": "t1",
                    "value": "t1",
                    "keyword": null,
                    "type": 0,
                    "flags": 0,
                    "position": 66
                },
                {
                    "token": ".",
                    "value": ".",
                    "keyword": null,
                    "type": 2,
                    "flags": 16,
                    "position": 68
                },
                {
                    "token": "a",
                    "value": "a",
                    "keyword": null,
                    "type": 0,
                    "flags": 0,
                    "position": 69
                },
                {
                    "token": " ",
                    "value": " ",
                    "keyword": null,
                    "type": 3,
                    "flags": 0,
                    "position": 70
                },
                {
                    "token": "AND",
                    "value": "AND",
                    "keyword": "AND",
                    "type": 1,
                    "flags": 3,
                    "position": 71
                },
                {
                    "token": " ",
                    "value": " ",
                    "keyword": null,
                    "type": 3,
                    "flags": 0,
                    "position": 74
                },
                {
                    "token": "t3",
                    "value": "t3",
                    "keyword": null,
                    "type": 0,
                    "flags": 0,
                    "position": 75
                },
                {
                    "token": ".",
                    "value": ".",
                    "keyword": null,
                    "type": 2,
                    "flags": 16,
                    "position": 77
                },
                {
                    "token": "b",
                    "value": "b",
                    "keyword": null,
                    "type": 0,
                    "flags": 0,
                    "position": 78
                },
                {
                    "token": "=",
                    "value": "=",
                    "keyword": null,
                    "type": 2,
                    "flags": 2,
                    "position": 79
                },
                {
                    "token": "t1",
                    "value": "t1",
                    "keyword": null,
                    "type": 0,
                    "flags": 0,
                    "position": 80
                },
                {
                    "token": ".",
                    "value": ".",
                    "keyword": null,
                    "type": 2,
                    "flags": 16,
                    "position": 82
                },
                {
                    "token": "b",
                    "value": "b",
                    "keyword": null,
                    "type": 0,
                    "flags": 0,
                    "position": 83
                },
                {
                    "token": " ",
                    "value": " ",
                    "keyword": null,
                    "type": 3,
                    "flags": 0,
                    "position": 84
                },
                {
                    "token": "AND",
                    "value": "AND",
                    "keyword": "AND",
                    "type": 1,
                    "flags": 3,
                    "position": 85
                },
                {
                    "token": " ",
                    "value": " ",
                    "keyword": null,
                    "type": 3,
                    "flags": 0,
                    "position": 88
                },
                {
                    "token": "t4",
                    "value": "t4",
                    "keyword": null,
                    "type": 0,
                    "flags": 0,
                    "position": 89
                },
                {
                    "token": ".",
                    "value": ".",
                    "keyword": null,
                    "type": 2,
                    "flags": 16,
                    "position": 91
                },
                {
                    "token": "c",
                    "value": "c",
                    "keyword": null,
                    "type": 0,
                    "flags": 0,
                    "position": 92
                },
                {
                    "token": "=",
                    "value": "=",
                    "keyword": null,
                    "type": 2,
                    "flags": 2,
                    "position": 93
                },
                {
                    "token": "t1",
                    "value": "t1",
                    "keyword": null,
                    "type": 0,
                    "flags": 0,
                    "position": 94
                },
                {
                    "token": ".",
                    "value": ".",
                    "keyword": null,
                    "type": 2,
                    "flags": 16,
                    "position": 96
                },
                {
                    "token": "c",
                    "value": "c",
                    "keyword": null,
                    "type": 0,
                    "flags": 0,
                    "position": 97
                },
                {
                    "token": ")",
                    "value": ")",
                    "keyword": null,
                    "type": 2,
                    "flags": 16,
                    "position": 98
                },
                {
                    "token": "\n",
                    "value": " ",
                    "keyword": null,
                    "type": 3,
                    "flags": 0,
                    "position": 99
                },
                {
                    "token": null,
                    "value": null,
                    "keyword": null,
                    "type": 9,
                    "flags": 0,
                    "position": null
                }
            ],
            "count": 53,
            "idx": 53
        },
        "delimiter": ";",
        "delimiterLen": 1,
        "strict": false,
        "errors": []
    },
    "parser": {
        "list": {
            "tokens": [
                {
                    "token": "SELECT",
                    "value": "SELECT",
                    "keyword": "SELECT",
                    "type": 1,
                    "flags": 3,
                    "position": 0
                },
                {
                    "token": " ",
                    "value": " ",
                    "keyword": null,
                    "type": 3,
                    "flags": 0,
                    "position": 6
                },
                {
                    "token": "*",
                    "value": "*",
                    "keyword": null,
                    "type": 2,
                    "flags": 16,
                    "position": 7
                },
                {
                    "token": " ",
                    "value": " ",
                    "keyword": null,
                    "type": 3,
                    "flags": 0,
                    "position": 8
                },
                {
                    "token": "FROM",
                    "value": "FROM",
                    "keyword": "FROM",
                    "type": 1,
                    "flags": 3,
                    "position": 9
                },
                {
                    "token": " ",
                    "value": " ",
                    "keyword": null,
                    "type": 3,
                    "flags": 0,
                    "position": 13
                },
                {
                    "token": "t1",
                    "value": "t1",
                    "keyword": null,
                    "type": 0,
                    "flags": 0,
                    "position": 14
                },
                {
                    "token": " ",
                    "value": " ",
                    "keyword": null,
                    "type": 3,
                    "flags": 0,
                    "position": 16
                },
                {
                    "token": "LEFT JOIN",
                    "value": "LEFT JOIN",
                    "keyword": "LEFT JOIN",
                    "type": 1,
                    "flags": 7,
                    "position": 17
                },
                {
                    "token": " ",
                    "value": " ",
                    "keyword": null,
                    "type": 3,
                    "flags": 0,
                    "position": 26
                },
                {
                    "token": "(",
                    "value": "(",
                    "keyword": null,
                    "type": 2,
                    "flags": 16,
                    "position": 27
                },
                {
                    "token": "t2",
                    "value": "t2",
                    "keyword": null,
                    "type": 0,
                    "flags": 0,
                    "position": 28
                },
                {
                    "token": ",",
                    "value": ",",
                    "keyword": null,
                    "type": 2,
                    "flags": 16,
                    "position": 30
                },
                {
                    "token": " ",
                    "value": " ",
                    "keyword": null,
                    "type": 3,
                    "flags": 0,
                    "position": 31
                },
                {
                    "token": "t3",
                    "value": "t3",
                    "keyword": null,
                    "type": 0,
                    "flags": 0,
                    "position": 32
                },
                {
                    "token": ",",
                    "value": ",",
                    "keyword": null,
                    "type": 2,
                    "flags": 16,
                    "position": 34
                },
                {
                    "token": " ",
                    "value": " ",
                    "keyword": null,
                    "type": 3,
                    "flags": 0,
                    "position": 35
                },
                {
                    "token": "t4",
                    "value": "t4",
                    "keyword": null,
                    "type": 0,
                    "flags": 0,
                    "position": 36
                },
                {
                    "token": ")",
                    "value": ")",
                    "keyword": null,
                    "type": 2,
                    "flags": 16,
                    "position": 38
                },
                {
                    "token": "\n                 ",
                    "value": " ",
                    "keyword": null,
                    "type": 3,
                    "flags": 0,
                    "position": 39
                },
                {
                    "token": "ON",
                    "value": "ON",
                    "keyword": "ON",
                    "type": 1,
                    "flags": 3,
                    "position": 57
                },
                {
                    "token": " ",
                    "value": " ",
                    "keyword": null,
                    "type": 3,
                    "flags": 0,
                    "position": 59
                },
                {
                    "token": "(",
                    "value": "(",
                    "keyword": null,
                    "type": 2,
                    "flags": 16,
                    "position": 60
                },
                {
                    "token": "t2",
                    "value": "t2",
                    "keyword": null,
                    "type": 0,
                    "flags": 0,
                    "position": 61
                },
                {
                    "token": ".",
                    "value": ".",
                    "keyword": null,
                    "type": 2,
                    "flags": 16,
                    "position": 63
                },
                {
                    "token": "a",
                    "value": "a",
                    "keyword": null,
                    "type": 0,
                    "flags": 0,
                    "position": 64
                },
                {
                    "token": "=",
                    "value": "=",
                    "keyword": null,
                    "type": 2,
                    "flags": 2,
                    "position": 65
                },
                {
                    "token": "t1",
                    "value": "t1",
                    "keyword": null,
                    "type": 0,
                    "flags": 0,
                    "position": 66
                },
                {
                    "token": ".",
                    "value": ".",
                    "keyword": null,
                    "type": 2,
                    "flags": 16,
                    "position": 68
                },
                {
                    "token": "a",
                    "value": "a",
                    "keyword": null,
                    "type": 0,
                    "flags": 0,
                    "position": 69
                },
                {
                    "token": " ",
                    "value": " ",
                    "keyword": null,
                    "type": 3,
                    "flags": 0,
                    "position": 70
                },
                {
                    "token": "AND",
                    "value": "AND",
                    "keyword": "AND",
                    "type": 1,
                    "flags": 3,
                    "position": 71
                },
                {
                    "token": " ",
                    "value": " ",
                    "keyword": null,
                    "type": 3,
                    "flags": 0,
                    "position": 74
                },
                {
                    "token": "t3",
                    "value": "t3",
                    "keyword": null,
                    "type": 0,
                    "flags": 0,
                    "position": 75
                },
                {
                    "token": ".",
                    "value": ".",
                    "keyword": null,
                    "type": 2,
                    "flags": 16,
                    "position": 77
                },
                {
                    "token": "b",
                    "value": "b",
                    "keyword": null,
                    "type": 0,
                    "flags": 0,
                    "position": 78
                },
                {
                    "token": "=",
                    "value": "=",
                    "keyword": null,
                    "type": 2,
                    "flags": 2,
                    "position": 79
                },
                {
                    "token": "t1",
                    "value": "t1",
                    "keyword": null,
                    "type": 0,
                    "flags": 0,
                    "position": 80
                },
                {
                    "token": ".",
                    "value": ".",
                    "keyword": null,
                    "type": 2,
                    "flags": 16,
                    "position": 82
                },
                {
                    "token": "b",
                    "value": "b",
                    "keyword": null,
                    "type": 0,
                    "flags": 0,
                    "position": 83
                },
                {
                    "token": " ",
                    "value": " ",
                    "keyword": null,
                    "type": 3,
                    "flags": 0,
                    "position": 84
                },
                {
                    "token": "AND",
                    "value": "AND",
                    "keyword": "AND",
                    "type": 1,
                    "flags": 3,
                    "position": 85
                },
                {
                    "token": " ",
                    "value": " ",
                    "keyword": null,
                    "type": 3,
                    "flags": 0,
                    "position": 88
                },
                {
                    "token": "t4",
                    "value": "t4",
                    "keyword": null,
                    "type": 0,
                    "flags": 0,
                    "position": 89
                },
                {
                    "token": ".",
                    "value": ".",
                    "keyword": null,
                    "type": 2,
                    "flags": 16,
                    "position": 91
                },
                {
                    "token": "c",
                    "value": "c",
                    "keyword": null,
                    "type": 0,
                    "flags": 0,
                    "position": 92
                },
                {
                    "token": "=",
                    "value": "=",
                    "keyword": null,
                    "type": 2,
                    "flags": 2,
                    "position": 93
                },
                {
                    "token": "t1",
                    "value": "t1",
                    "keyword": null,
                    "type": 0,
                    "flags": 0,
                    "position": 94
                },
                {
                    "token": ".",
                    "value": ".",
                    "keyword": null,
                    "type": 2,
                    "flags": 16,
                    "position": 96
                },
                {
                    "token": "c",
                    "value": "c",
                    "keyword": null,
                    "type": 0,
                    "flags": 0,
                    "position": 97
                },
                {
                    "token": ")",
                    "value": ")",
                    "keyword": null,
                    "type": 2,
                    "flags": 16,
                    "position": 98
                },
                {
                    "token": "\n",
                    "value": " ",
                    "keyword": null,
                    "type": 3,
                    "flags": 0,
                    "position": 99
                },
                {
                    "token": null,
                    "value": null,
                    "keyword": null,
                    "type": 9,
                    "flags": 0,
                    "position": null
                }
            ],
            "count": 53,
            "idx": 53
        },
        "statements": [
            {
                "expr": [
                    {
                        "database": null,
                        "table": null,
                        "column": null,
                        "expr": "*",
                        "alias": null,
                        "function": null,
                        "subquery": null
                    }
                ],
                "from": [
                    {
                        "database": null,
                        "table": "t1",
                        "column": null,
                        "expr": "t1",
                        "alias": null,
                        "function": null,
                        "subquery": null
                    }
                ],
                "index_hints": null,
                "partition": null,
                "where": null,
                "group": null,
                "group_options": null,
                "having": null,
                "order": null,
                "limit": null,
                "procedure": null,
                "into": null,
                "join": [
                    {
                        "type": "LEFT",
                        "expr": {
                            "database": null,
                            "table": null,
                            "column": null,
                            "expr": "(t2, t3, t4)",
                            "alias": null,
                            "function": null,
                            "subquery": null
                        },
                        "on": [
                            {
                                "identifiers": [
                                    "t2",
                                    "a",
                                    "t1"
                                ],
                                "isOperator": false,
                                "expr": "(t2.a=t1.a"
                            },
                            {
                                "identifiers": [],
                                "isOperator": true,
                                "expr": "AND"
                            },
                            {
                                "identifiers": [
                                    "t3",
                                    "b",
                                    "t1"
                                ],
                                "isOperator": false,
                                "expr": "t3.b=t1.b"
                            },
                            {
                                "identifiers": [],
                                "isOperator": true,
                                "expr": "AND"
                            },
                            {
                                "identifiers": [
                                    "t4",
                                    "c",
                                    "t1"
                                ],
                                "isOperator": false,
                                "expr": "t4.c=t1.c)"
                            }
                        ],
                        "using": null
                    }
                ],
                "union": [],
                "end_options": null,
                "options": {
                    "options": []
                },
                "first": 0,
                "last": 51
            }
        ],
        "brackets": 0,
        "strict": false,
        "errors": []
    },
    "errors": {
        "lexer": [],
        "parser": []
    }
}