{
    "query": "ALTER TABLE `transactions` RENAME INDEX `fk_transactions_catalog_entries1_idx` TO `fk_transactions_catalog_entries2_idx`",
    "lexer": {
        "KEYWORD_NAME_INDICATORS": [
            "FROM",
            "SET",
            "WHERE"
        ],
        "OPERATOR_NAME_INDICATORS": [
            ",",
            "."
        ],
        "str": "ALTER TABLE `transactions` RENAME INDEX `fk_transactions_catalog_entries1_idx` TO `fk_transactions_catalog_entries2_idx`",
        "len": 120,
        "last": 120,
        "list": {
            "tokens": [
                {
                    "token": "ALTER",
                    "value": "ALTER",
                    "keyword": "ALTER",
                    "type": 1,
                    "flags": 3,
                    "position": 0
                },
                {
                    "token": " ",
                    "value": " ",
                    "keyword": null,
                    "type": 3,
                    "flags": 0,
                    "position": 5
                },
                {
                    "token": "TABLE",
                    "value": "TABLE",
                    "keyword": "TABLE",
                    "type": 1,
                    "flags": 3,
                    "position": 6
                },
                {
                    "token": " ",
                    "value": " ",
                    "keyword": null,
                    "type": 3,
                    "flags": 0,
                    "position": 11
                },
                {
                    "token": "`transactions`",
                    "value": "transactions",
                    "keyword": null,
                    "type": 8,
                    "flags": 2,
                    "position": 12
                },
                {
                    "token": " ",
                    "value": " ",
                    "keyword": null,
                    "type": 3,
                    "flags": 0,
                    "position": 26
                },
                {
                    "token": "RENAME",
                    "value": "RENAME",
                    "keyword": "RENAME",
                    "type": 1,
                    "flags": 3,
                    "position": 27
                },
                {
                    "token": " ",
                    "value": " ",
                    "keyword": null,
                    "type": 3,
                    "flags": 0,
                    "position": 33
                },
                {
                    "token": "INDEX",
                    "value": "INDEX",
                    "keyword": "INDEX",
                    "type": 1,
                    "flags": 19,
                    "position": 34
                },
                {
                    "token": " ",
                    "value": " ",
                    "keyword": null,
                    "type": 3,
                    "flags": 0,
                    "position": 39
                },
                {
                    "token": "`fk_transactions_catalog_entries1_idx`",
                    "value": "fk_transactions_catalog_entries1_idx",
                    "keyword": null,
                    "type": 8,
                    "flags": 2,
                    "position": 40
                },
                {
                    "token": " ",
                    "value": " ",
                    "keyword": null,
                    "type": 3,
                    "flags": 0,
                    "position": 78
                },
                {
                    "token": "TO",
                    "value": "TO",
                    "keyword": "TO",
                    "type": 1,
                    "flags": 3,
                    "position": 79
                },
                {
                    "token": " ",
                    "value": " ",
                    "keyword": null,
                    "type": 3,
                    "flags": 0,
                    "position": 81
                },
                {
                    "token": "`fk_transactions_catalog_entries2_idx`",
                    "value": "fk_transactions_catalog_entries2_idx",
                    "keyword": null,
                    "type": 8,
                    "flags": 2,
                    "position": 82
                },
                {
                    "token": null,
                    "value": null,
                    "keyword": null,
                    "type": 9,
                    "flags": 0,
                    "position": null
                }
            ],
            "count": 16,
            "idx": 16
        },
        "delimiter": ";",
        "delimiterLen": 1,
        "strict": false,
        "errors": []
    },
    "parser": {
        "list": {
            "tokens": [
                {
                    "token": "ALTER",
                    "value": "ALTER",
                    "keyword": "ALTER",
                    "type": 1,
                    "flags": 3,
                    "position": 0
                },
                {
                    "token": " ",
                    "value": " ",
                    "keyword": null,
                    "type": 3,
                    "flags": 0,
                    "position": 5
                },
                {
                    "token": "TABLE",
                    "value": "TABLE",
                    "keyword": "TABLE",
                    "type": 1,
                    "flags": 3,
                    "position": 6
                },
                {
                    "token": " ",
                    "value": " ",
                    "keyword": null,
                    "type": 3,
                    "flags": 0,
                    "position": 11
                },
                {
                    "token": "`transactions`",
                    "value": "transactions",
                    "keyword": null,
                    "type": 8,
                    "flags": 2,
                    "position": 12
                },
                {
                    "token": " ",
                    "value": " ",
                    "keyword": null,
                    "type": 3,
                    "flags": 0,
                    "position": 26
                },
                {
                    "token": "RENAME",
                    "value": "RENAME",
                    "keyword": "RENAME",
                    "type": 1,
                    "flags": 3,
                    "position": 27
                },
                {
                    "token": " ",
                    "value": " ",
                    "keyword": null,
                    "type": 3,
                    "flags": 0,
                    "position": 33
                },
                {
                    "token": "INDEX",
                    "value": "INDEX",
                    "keyword": "INDEX",
                    "type": 1,
                    "flags": 19,
                    "position": 34
                },
                {
                    "token": " ",
                    "value": " ",
                    "keyword": null,
                    "type": 3,
                    "flags": 0,
                    "position": 39
                },
                {
                    "token": "`fk_transactions_catalog_entries1_idx`",
                    "value": "fk_transactions_catalog_entries1_idx",
                    "keyword": null,
                    "type": 8,
                    "flags": 2,
                    "position": 40
                },
                {
                    "token": " ",
                    "value": " ",
                    "keyword": null,
                    "type": 3,
                    "flags": 0,
                    "position": 78
                },
                {
                    "token": "TO",
                    "value": "TO",
                    "keyword": "TO",
                    "type": 1,
                    "flags": 3,
                    "position": 79
                },
                {
                    "token": " ",
                    "value": " ",
                    "keyword": null,
                    "type": 3,
                    "flags": 0,
                    "position": 81
                },
                {
                    "token": "`fk_transactions_catalog_entries2_idx`",
                    "value": "fk_transactions_catalog_entries2_idx",
                    "keyword": null,
                    "type": 8,
                    "flags": 2,
                    "position": 82
                },
                {
                    "token": null,
                    "value": null,
                    "keyword": null,
                    "type": 9,
                    "flags": 0,
                    "position": null
                }
            ],
            "count": 16,
            "idx": 16
        },
        "statements": [
            {
                "table": {
                    "database": null,
                    "table": "transactions",
                    "column": null,
                    "expr": "`transactions`",
                    "alias": null,
                    "function": null,
                    "subquery": null
                },
                "altered": [
                    {
                        "options": {
                            "options": {
                                "1": "RENAME",
                                "2": {
                                    "name": "INDEX",
                                    "equals": false,
                                    "expr": "`fk_transactions_catalog_entries1_idx`",
                                    "value": "fk_transactions_catalog_entries1_idx"
                                },
                                "3": {
                                    "name": "TO",
                                    "equals": false,
                                    "expr": "`fk_transactions_catalog_entries2_idx`",
                                    "value": "fk_transactions_catalog_entries2_idx"
                                }
                            }
                        },
                        "field": null,
                        "partitions": null,
                        "unknown": []
                    }
                ],
                "options": {
                    "options": {
                        "3": "TABLE"
                    }
                },
                "first": 0,
                "last": 15
            }
        ],
        "brackets": 0,
        "strict": false,
        "errors": []
    },
    "errors": {
        "lexer": [],
        "parser": []
    }
}