{
    "query": "ALTER TABLE testtable MODIFY COLUMN id INT(11) FIRST, ALGORITHM=INPLACE, LOCK=SHARED;",
    "lexer": {
        "KEYWORD_NAME_INDICATORS": [
            "FROM",
            "SET",
            "WHERE"
        ],
        "OPERATOR_NAME_INDICATORS": [
            ",",
            "."
        ],
        "str": "ALTER TABLE testtable MODIFY COLUMN id INT(11) FIRST, ALGORITHM=INPLACE, LOCK=SHARED;",
        "len": 85,
        "last": 85,
        "list": {
            "tokens": [
                {
                    "token": "ALTER",
                    "value": "ALTER",
                    "keyword": "ALTER",
                    "type": 1,
                    "flags": 3,
                    "position": 0
                },
                {
                    "token": " ",
                    "value": " ",
                    "keyword": null,
                    "type": 3,
                    "flags": 0,
                    "position": 5
                },
                {
                    "token": "TABLE",
                    "value": "TABLE",
                    "keyword": "TABLE",
                    "type": 1,
                    "flags": 3,
                    "position": 6
                },
                {
                    "token": " ",
                    "value": " ",
                    "keyword": null,
                    "type": 3,
                    "flags": 0,
                    "position": 11
                },
                {
                    "token": "testtable",
                    "value": "testtable",
                    "keyword": null,
                    "type": 0,
                    "flags": 0,
                    "position": 12
                },
                {
                    "token": " ",
                    "value": " ",
                    "keyword": null,
                    "type": 3,
                    "flags": 0,
                    "position": 21
                },
                {
                    "token": "MODIFY",
                    "value": "MODIFY",
                    "keyword": "MODIFY",
                    "type": 1,
                    "flags": 1,
                    "position": 22
                },
                {
                    "token": " ",
                    "value": " ",
                    "keyword": null,
                    "type": 3,
                    "flags": 0,
                    "position": 28
                },
                {
                    "token": "COLUMN",
                    "value": "COLUMN",
                    "keyword": "COLUMN",
                    "type": 1,
                    "flags": 3,
                    "position": 29
                },
                {
                    "token": " ",
                    "value": " ",
                    "keyword": null,
                    "type": 3,
                    "flags": 0,
                    "position": 35
                },
                {
                    "token": "id",
                    "value": "id",
                    "keyword": null,
                    "type": 0,
                    "flags": 0,
                    "position": 36
                },
                {
                    "token": " ",
                    "value": " ",
                    "keyword": null,
                    "type": 3,
                    "flags": 0,
                    "position": 38
                },
                {
                    "token": "INT",
                    "value": "INT",
                    "keyword": "INT",
                    "type": 1,
                    "flags": 11,
                    "position": 39
                },
                {
                    "token": "(",
                    "value": "(",
                    "keyword": null,
                    "type": 2,
                    "flags": 16,
                    "position": 42
                },
                {
                    "token": "11",
                    "value": 11,
                    "keyword": null,
                    "type": 6,
                    "flags": 0,
                    "position": 43
                },
                {
                    "token": ")",
                    "value": ")",
                    "keyword": null,
                    "type": 2,
                    "flags": 16,
                    "position": 45
                },
                {
                    "token": " ",
                    "value": " ",
                    "keyword": null,
                    "type": 3,
                    "flags": 0,
                    "position": 46
                },
                {
                    "token": "FIRST",
                    "value": "FIRST",
                    "keyword": "FIRST",
                    "type": 1,
                    "flags": 1,
                    "position": 47
                },
                {
                    "token": ",",
                    "value": ",",
                    "keyword": null,
                    "type": 2,
                    "flags": 16,
                    "position": 52
                },
                {
                    "token": " ",
                    "value": " ",
                    "keyword": null,
                    "type": 3,
                    "flags": 0,
                    "position": 53
                },
                {
                    "token": "ALGORITHM",
                    "value": "ALGORITHM",
                    "keyword": "ALGORITHM",
                    "type": 1,
                    "flags": 1,
                    "position": 54
                },
                {
                    "token": "=",
                    "value": "=",
                    "keyword": null,
                    "type": 2,
                    "flags": 2,
                    "position": 63
                },
                {
                    "token": "INPLACE",
                    "value": "INPLACE",
                    "keyword": null,
                    "type": 0,
                    "flags": 0,
                    "position": 64
                },
                {
                    "token": ",",
                    "value": ",",
                    "keyword": null,
                    "type": 2,
                    "flags": 16,
                    "position": 71
                },
                {
                    "token": " ",
                    "value": " ",
                    "keyword": null,
                    "type": 3,
                    "flags": 0,
                    "position": 72
                },
                {
                    "token": "LOCK",
                    "value": "LOCK",
                    "keyword": "LOCK",
                    "type": 1,
                    "flags": 3,
                    "position": 73
                },
                {
                    "token": "=",
                    "value": "=",
                    "keyword": null,
                    "type": 2,
                    "flags": 2,
                    "position": 77
                },
                {
                    "token": "SHARED",
                    "value": "SHARED",
                    "keyword": null,
                    "type": 0,
                    "flags": 0,
                    "position": 78
                },
                {
                    "token": ";",
                    "value": ";",
                    "keyword": null,
                    "type": 9,
                    "flags": 0,
                    "position": 84
                },
                {
                    "token": null,
                    "value": null,
                    "keyword": null,
                    "type": 9,
                    "flags": 0,
                    "position": null
                }
            ],
            "count": 30,
            "idx": 30
        },
        "delimiter": ";",
        "delimiterLen": 1,
        "strict": false,
        "errors": []
    },
    "parser": {
        "list": {
            "tokens": [
                {
                    "token": "ALTER",
                    "value": "ALTER",
                    "keyword": "ALTER",
                    "type": 1,
                    "flags": 3,
                    "position": 0
                },
                {
                    "token": " ",
                    "value": " ",
                    "keyword": null,
                    "type": 3,
                    "flags": 0,
                    "position": 5
                },
                {
                    "token": "TABLE",
                    "value": "TABLE",
                    "keyword": "TABLE",
                    "type": 1,
                    "flags": 3,
                    "position": 6
                },
                {
                    "token": " ",
                    "value": " ",
                    "keyword": null,
                    "type": 3,
                    "flags": 0,
                    "position": 11
                },
                {
                    "token": "testtable",
                    "value": "testtable",
                    "keyword": null,
                    "type": 0,
                    "flags": 0,
                    "position": 12
                },
                {
                    "token": " ",
                    "value": " ",
                    "keyword": null,
                    "type": 3,
                    "flags": 0,
                    "position": 21
                },
                {
                    "token": "MODIFY",
                    "value": "MODIFY",
                    "keyword": "MODIFY",
                    "type": 1,
                    "flags": 1,
                    "position": 22
                },
                {
                    "token": " ",
                    "value": " ",
                    "keyword": null,
                    "type": 3,
                    "flags": 0,
                    "position": 28
                },
                {
                    "token": "COLUMN",
                    "value": "COLUMN",
                    "keyword": "COLUMN",
                    "type": 1,
                    "flags": 3,
                    "position": 29
                },
                {
                    "token": " ",
                    "value": " ",
                    "keyword": null,
                    "type": 3,
                    "flags": 0,
                    "position": 35
                },
                {
                    "token": "id",
                    "value": "id",
                    "keyword": null,
                    "type": 0,
                    "flags": 0,
                    "position": 36
                },
                {
                    "token": " ",
                    "value": " ",
                    "keyword": null,
                    "type": 3,
                    "flags": 0,
                    "position": 38
                },
                {
                    "token": "INT",
                    "value": "INT",
                    "keyword": "INT",
                    "type": 1,
                    "flags": 11,
                    "position": 39
                },
                {
                    "token": "(",
                    "value": "(",
                    "keyword": null,
                    "type": 2,
                    "flags": 16,
                    "position": 42
                },
                {
                    "token": "11",
                    "value": 11,
                    "keyword": null,
                    "type": 6,
                    "flags": 0,
                    "position": 43
                },
                {
                    "token": ")",
                    "value": ")",
                    "keyword": null,
                    "type": 2,
                    "flags": 16,
                    "position": 45
                },
                {
                    "token": " ",
                    "value": " ",
                    "keyword": null,
                    "type": 3,
                    "flags": 0,
                    "position": 46
                },
                {
                    "token": "FIRST",
                    "value": "FIRST",
                    "keyword": "FIRST",
                    "type": 1,
                    "flags": 1,
                    "position": 47
                },
                {
                    "token": ",",
                    "value": ",",
                    "keyword": null,
                    "type": 2,
                    "flags": 16,
                    "position": 52
                },
                {
                    "token": " ",
                    "value": " ",
                    "keyword": null,
                    "type": 3,
                    "flags": 0,
                    "position": 53
                },
                {
                    "token": "ALGORITHM",
                    "value": "ALGORITHM",
                    "keyword": "ALGORITHM",
                    "type": 1,
                    "flags": 1,
                    "position": 54
                },
                {
                    "token": "=",
                    "value": "=",
                    "keyword": null,
                    "type": 2,
                    "flags": 2,
                    "position": 63
                },
                {
                    "token": "INPLACE",
                    "value": "INPLACE",
                    "keyword": null,
                    "type": 0,
                    "flags": 0,
                    "position": 64
                },
                {
                    "token": ",",
                    "value": ",",
                    "keyword": null,
                    "type": 2,
                    "flags": 16,
                    "position": 71
                },
                {
                    "token": " ",
                    "value": " ",
                    "keyword": null,
                    "type": 3,
                    "flags": 0,
                    "position": 72
                },
                {
                    "token": "LOCK",
                    "value": "LOCK",
                    "keyword": "LOCK",
                    "type": 1,
                    "flags": 3,
                    "position": 73
                },
                {
                    "token": "=",
                    "value": "=",
                    "keyword": null,
                    "type": 2,
                    "flags": 2,
                    "position": 77
                },
                {
                    "token": "SHARED",
                    "value": "SHARED",
                    "keyword": null,
                    "type": 0,
                    "flags": 0,
                    "position": 78
                },
                {
                    "token": ";",
                    "value": ";",
                    "keyword": null,
                    "type": 9,
                    "flags": 0,
                    "position": 84
                },
                {
                    "token": null,
                    "value": null,
                    "keyword": null,
                    "type": 9,
                    "flags": 0,
                    "position": null
                }
            ],
            "count": 30,
            "idx": 30
        },
        "statements": [
            {
                "table": {
                    "database": null,
                    "table": "testtable",
                    "column": null,
                    "expr": "testtable",
                    "alias": null,
                    "function": null,
                    "subquery": null
                },
                "altered": [
                    {
                        "options": {
                            "options": {
                                "1": "MODIFY",
                                "2": "COLUMN"
                            }
                        },
                        "field": {
                            "database": null,
                            "table": null,
                            "column": "id",
                            "expr": "id",
                            "alias": null,
                            "function": null,
                            "subquery": null
                        },
                        "partitions": null,
                        "unknown": [
                            {
                                "token": "INT",
                                "value": "INT",
                                "keyword": "INT",
                                "type": 1,
                                "flags": 11,
                                "position": 39
                            },
                            {
                                "token": "(",
                                "value": "(",
                                "keyword": null,
                                "type": 2,
                                "flags": 16,
                                "position": 42
                            },
                            {
                                "token": "11",
                                "value": 11,
                                "keyword": null,
                                "type": 6,
                                "flags": 0,
                                "position": 43
                            },
                            {
                                "token": ")",
                                "value": ")",
                                "keyword": null,
                                "type": 2,
                                "flags": 16,
                                "position": 45
                            },
                            {
                                "token": " ",
                                "value": " ",
                                "keyword": null,
                                "type": 3,
                                "flags": 0,
                                "position": 46
                            },
                            {
                                "token": "FIRST",
                                "value": "FIRST",
                                "keyword": "FIRST",
                                "type": 1,
                                "flags": 1,
                                "position": 47
                            }
                        ]
                    },
                    {
                        "options": {
                            "options": {
                                "1": {
                                    "name": "ALGORITHM",
                                    "equals": true,
                                    "expr": "INPLACE",
                                    "value": "INPLACE"
                                }
                            }
                        },
                        "field": null,
                        "partitions": null,
                        "unknown": []
                    },
                    {
                        "options": {
                            "options": {
                                "1": {
                                    "name": "LOCK",
                                    "equals": true,
                                    "expr": "SHARED",
                                    "value": "SHARED"
                                }
                            }
                        },
                        "field": null,
                        "partitions": null,
                        "unknown": []
                    }
                ],
                "options": {
                    "options": {
                        "3": "TABLE"
                    }
                },
                "first": 0,
                "last": 28
            }
        ],
        "brackets": 0,
        "strict": false,
        "errors": []
    },
    "errors": {
        "lexer": [],
        "parser": []
    }
}