{
    "query": "INSERT INTO `champs` (`id`,`val`) VALUES (412,'Thresh')\nON DUPLICATE KEY UPDATE `id`=412,`val`='Thresh'",
    "lexer": {
        "KEYWORD_NAME_INDICATORS": [
            "FROM",
            "SET",
            "WHERE"
        ],
        "OPERATOR_NAME_INDICATORS": [
            ",",
            "."
        ],
        "str": "INSERT INTO `champs` (`id`,`val`) VALUES (412,'Thresh')\nON DUPLICATE KEY UPDATE `id`=412,`val`='Thresh'",
        "len": 103,
        "last": 103,
        "list": {
            "tokens": [
                {
                    "token": "INSERT",
                    "value": "INSERT",
                    "keyword": "INSERT",
                    "type": 1,
                    "flags": 35,
                    "position": 0
                },
                {
                    "token": " ",
                    "value": " ",
                    "keyword": null,
                    "type": 3,
                    "flags": 0,
                    "position": 6
                },
                {
                    "token": "INTO",
                    "value": "INTO",
                    "keyword": "INTO",
                    "type": 1,
                    "flags": 3,
                    "position": 7
                },
                {
                    "token": " ",
                    "value": " ",
                    "keyword": null,
                    "type": 3,
                    "flags": 0,
                    "position": 11
                },
                {
                    "token": "`champs`",
                    "value": "champs",
                    "keyword": null,
                    "type": 8,
                    "flags": 2,
                    "position": 12
                },
                {
                    "token": " ",
                    "value": " ",
                    "keyword": null,
                    "type": 3,
                    "flags": 0,
                    "position": 20
                },
                {
                    "token": "(",
                    "value": "(",
                    "keyword": null,
                    "type": 2,
                    "flags": 16,
                    "position": 21
                },
                {
                    "token": "`id`",
                    "value": "id",
                    "keyword": null,
                    "type": 8,
                    "flags": 2,
                    "position": 22
                },
                {
                    "token": ",",
                    "value": ",",
                    "keyword": null,
                    "type": 2,
                    "flags": 16,
                    "position": 26
                },
                {
                    "token": "`val`",
                    "value": "val",
                    "keyword": null,
                    "type": 8,
                    "flags": 2,
                    "position": 27
                },
                {
                    "token": ")",
                    "value": ")",
                    "keyword": null,
                    "type": 2,
                    "flags": 16,
                    "position": 32
                },
                {
                    "token": " ",
                    "value": " ",
                    "keyword": null,
                    "type": 3,
                    "flags": 0,
                    "position": 33
                },
                {
                    "token": "VALUES",
                    "value": "VALUES",
                    "keyword": "VALUES",
                    "type": 1,
                    "flags": 35,
                    "position": 34
                },
                {
                    "token": " ",
                    "value": " ",
                    "keyword": null,
                    "type": 3,
                    "flags": 0,
                    "position": 40
                },
                {
                    "token": "(",
                    "value": "(",
                    "keyword": null,
                    "type": 2,
                    "flags": 16,
                    "position": 41
                },
                {
                    "token": "412",
                    "value": 412,
                    "keyword": null,
                    "type": 6,
                    "flags": 0,
                    "position": 42
                },
                {
                    "token": ",",
                    "value": ",",
                    "keyword": null,
                    "type": 2,
                    "flags": 16,
                    "position": 45
                },
                {
                    "token": "'Thresh'",
                    "value": "Thresh",
                    "keyword": null,
                    "type": 7,
                    "flags": 1,
                    "position": 46
                },
                {
                    "token": ")",
                    "value": ")",
                    "keyword": null,
                    "type": 2,
                    "flags": 16,
                    "position": 54
                },
                {
                    "token": "\n",
                    "value": " ",
                    "keyword": null,
                    "type": 3,
                    "flags": 0,
                    "position": 55
                },
                {
                    "token": "ON",
                    "value": "ON",
                    "keyword": "ON",
                    "type": 1,
                    "flags": 3,
                    "position": 56
                },
                {
                    "token": " ",
                    "value": " ",
                    "keyword": null,
                    "type": 3,
                    "flags": 0,
                    "position": 58
                },
                {
                    "token": "DUPLICATE",
                    "value": "DUPLICATE",
                    "keyword": "DUPLICATE",
                    "type": 1,
                    "flags": 1,
                    "position": 59
                },
                {
                    "token": " ",
                    "value": " ",
                    "keyword": null,
                    "type": 3,
                    "flags": 0,
                    "position": 68
                },
                {
                    "token": "KEY",
                    "value": "KEY",
                    "keyword": "KEY",
                    "type": 1,
                    "flags": 19,
                    "position": 69
                },
                {
                    "token": " ",
                    "value": " ",
                    "keyword": null,
                    "type": 3,
                    "flags": 0,
                    "position": 72
                },
                {
                    "token": "UPDATE",
                    "value": "UPDATE",
                    "keyword": "UPDATE",
                    "type": 1,
                    "flags": 3,
                    "position": 73
                },
                {
                    "token": " ",
                    "value": " ",
                    "keyword": null,
                    "type": 3,
                    "flags": 0,
                    "position": 79
                },
                {
                    "token": "`id`",
                    "value": "id",
                    "keyword": null,
                    "type": 8,
                    "flags": 2,
                    "position": 80
                },
                {
                    "token": "=",
                    "value": "=",
                    "keyword": null,
                    "type": 2,
                    "flags": 2,
                    "position": 84
                },
                {
                    "token": "412",
                    "value": 412,
                    "keyword": null,
                    "type": 6,
                    "flags": 0,
                    "position": 85
                },
                {
                    "token": ",",
                    "value": ",",
                    "keyword": null,
                    "type": 2,
                    "flags": 16,
                    "position": 88
                },
                {
                    "token": "`val`",
                    "value": "val",
                    "keyword": null,
                    "type": 8,
                    "flags": 2,
                    "position": 89
                },
                {
                    "token": "=",
                    "value": "=",
                    "keyword": null,
                    "type": 2,
                    "flags": 2,
                    "position": 94
                },
                {
                    "token": "'Thresh'",
                    "value": "Thresh",
                    "keyword": null,
                    "type": 7,
                    "flags": 1,
                    "position": 95
                },
                {
                    "token": null,
                    "value": null,
                    "keyword": null,
                    "type": 9,
                    "flags": 0,
                    "position": null
                }
            ],
            "count": 36,
            "idx": 36
        },
        "delimiter": ";",
        "delimiterLen": 1,
        "strict": false,
        "errors": []
    },
    "parser": {
        "list": {
            "tokens": [
                {
                    "token": "INSERT",
                    "value": "INSERT",
                    "keyword": "INSERT",
                    "type": 1,
                    "flags": 35,
                    "position": 0
                },
                {
                    "token": " ",
                    "value": " ",
                    "keyword": null,
                    "type": 3,
                    "flags": 0,
                    "position": 6
                },
                {
                    "token": "INTO",
                    "value": "INTO",
                    "keyword": "INTO",
                    "type": 1,
                    "flags": 3,
                    "position": 7
                },
                {
                    "token": " ",
                    "value": " ",
                    "keyword": null,
                    "type": 3,
                    "flags": 0,
                    "position": 11
                },
                {
                    "token": "`champs`",
                    "value": "champs",
                    "keyword": null,
                    "type": 8,
                    "flags": 2,
                    "position": 12
                },
                {
                    "token": " ",
                    "value": " ",
                    "keyword": null,
                    "type": 3,
                    "flags": 0,
                    "position": 20
                },
                {
                    "token": "(",
                    "value": "(",
                    "keyword": null,
                    "type": 2,
                    "flags": 16,
                    "position": 21
                },
                {
                    "token": "`id`",
                    "value": "id",
                    "keyword": null,
                    "type": 8,
                    "flags": 2,
                    "position": 22
                },
                {
                    "token": ",",
                    "value": ",",
                    "keyword": null,
                    "type": 2,
                    "flags": 16,
                    "position": 26
                },
                {
                    "token": "`val`",
                    "value": "val",
                    "keyword": null,
                    "type": 8,
                    "flags": 2,
                    "position": 27
                },
                {
                    "token": ")",
                    "value": ")",
                    "keyword": null,
                    "type": 2,
                    "flags": 16,
                    "position": 32
                },
                {
                    "token": " ",
                    "value": " ",
                    "keyword": null,
                    "type": 3,
                    "flags": 0,
                    "position": 33
                },
                {
                    "token": "VALUES",
                    "value": "VALUES",
                    "keyword": "VALUES",
                    "type": 1,
                    "flags": 35,
                    "position": 34
                },
                {
                    "token": " ",
                    "value": " ",
                    "keyword": null,
                    "type": 3,
                    "flags": 0,
                    "position": 40
                },
                {
                    "token": "(",
                    "value": "(",
                    "keyword": null,
                    "type": 2,
                    "flags": 16,
                    "position": 41
                },
                {
                    "token": "412",
                    "value": 412,
                    "keyword": null,
                    "type": 6,
                    "flags": 0,
                    "position": 42
                },
                {
                    "token": ",",
                    "value": ",",
                    "keyword": null,
                    "type": 2,
                    "flags": 16,
                    "position": 45
                },
                {
                    "token": "'Thresh'",
                    "value": "Thresh",
                    "keyword": null,
                    "type": 7,
                    "flags": 1,
                    "position": 46
                },
                {
                    "token": ")",
                    "value": ")",
                    "keyword": null,
                    "type": 2,
                    "flags": 16,
                    "position": 54
                },
                {
                    "token": "\n",
                    "value": " ",
                    "keyword": null,
                    "type": 3,
                    "flags": 0,
                    "position": 55
                },
                {
                    "token": "ON",
                    "value": "ON",
                    "keyword": "ON",
                    "type": 1,
                    "flags": 3,
                    "position": 56
                },
                {
                    "token": " ",
                    "value": " ",
                    "keyword": null,
                    "type": 3,
                    "flags": 0,
                    "position": 58
                },
                {
                    "token": "DUPLICATE",
                    "value": "DUPLICATE",
                    "keyword": "DUPLICATE",
                    "type": 1,
                    "flags": 1,
                    "position": 59
                },
                {
                    "token": " ",
                    "value": " ",
                    "keyword": null,
                    "type": 3,
                    "flags": 0,
                    "position": 68
                },
                {
                    "token": "KEY",
                    "value": "KEY",
                    "keyword": "KEY",
                    "type": 1,
                    "flags": 19,
                    "position": 69
                },
                {
                    "token": " ",
                    "value": " ",
                    "keyword": null,
                    "type": 3,
                    "flags": 0,
                    "position": 72
                },
                {
                    "token": "UPDATE",
                    "value": "UPDATE",
                    "keyword": "UPDATE",
                    "type": 1,
                    "flags": 3,
                    "position": 73
                },
                {
                    "token": " ",
                    "value": " ",
                    "keyword": null,
                    "type": 3,
                    "flags": 0,
                    "position": 79
                },
                {
                    "token": "`id`",
                    "value": "id",
                    "keyword": null,
                    "type": 8,
                    "flags": 2,
                    "position": 80
                },
                {
                    "token": "=",
                    "value": "=",
                    "keyword": null,
                    "type": 2,
                    "flags": 2,
                    "position": 84
                },
                {
                    "token": "412",
                    "value": 412,
                    "keyword": null,
                    "type": 6,
                    "flags": 0,
                    "position": 85
                },
                {
                    "token": ",",
                    "value": ",",
                    "keyword": null,
                    "type": 2,
                    "flags": 16,
                    "position": 88
                },
                {
                    "token": "`val`",
                    "value": "val",
                    "keyword": null,
                    "type": 8,
                    "flags": 2,
                    "position": 89
                },
                {
                    "token": "=",
                    "value": "=",
                    "keyword": null,
                    "type": 2,
                    "flags": 2,
                    "position": 94
                },
                {
                    "token": "'Thresh'",
                    "value": "Thresh",
                    "keyword": null,
                    "type": 7,
                    "flags": 1,
                    "position": 95
                },
                {
                    "token": null,
                    "value": null,
                    "keyword": null,
                    "type": 9,
                    "flags": 0,
                    "position": null
                }
            ],
            "count": 36,
            "idx": 36
        },
        "statements": [
            {
                "into": {
                    "type": null,
                    "dest": {
                        "database": null,
                        "table": "champs",
                        "column": null,
                        "expr": "`champs`",
                        "alias": null,
                        "function": null,
                        "subquery": null
                    },
                    "columns": [
                        "id",
                        "val"
                    ],
                    "values": null,
                    "fields_options": null,
                    "fields_keyword": null,
                    "lines_options": null
                },
                "values": [
                    {
                        "raw": [
                            "412",
                            "'Thresh'"
                        ],
                        "values": [
                            "412",
                            "Thresh"
                        ]
                    }
                ],
                "set": null,
                "select": null,
                "with": null,
                "onDuplicateSet": [
                    {
                        "column": "`id`",
                        "value": "412"
                    },
                    {
                        "column": "`val`",
                        "value": "'Thresh'"
                    }
                ],
                "options": {
                    "options": []
                },
                "first": 0,
                "last": 34
            }
        ],
        "brackets": 0,
        "strict": false,
        "errors": []
    },
    "errors": {
        "lexer": [],
        "parser": []
    }
}