a:4:{s:5:"query";s:18:"LOCK TABLES table1";s:5:"lexer";O:26:"PhpMyAdmin\SqlParser\Lexer":8:{s:3:"str";s:18:"LOCK TABLES table1";s:3:"len";i:18;s:4:"last";i:18;s:4:"list";O:31:"PhpMyAdmin\SqlParser\TokensList":3:{s:6:"tokens";a:6:{i:0;O:26:"PhpMyAdmin\SqlParser\Token":6:{s:5:"token";s:4:"LOCK";s:5:"value";s:4:"LOCK";s:7:"keyword";s:4:"LOCK";s:4:"type";i:1;s:5:"flags";i:3;s:8:"position";i:0;}i:1;O:26:"PhpMyAdmin\SqlParser\Token":6:{s:5:"token";s:1:" ";s:5:"value";s:1:" ";s:7:"keyword";N;s:4:"type";i:3;s:5:"flags";i:0;s:8:"position";i:4;}i:2;O:26:"PhpMyAdmin\SqlParser\Token":6:{s:5:"token";s:6:"TABLES";s:5:"value";s:6:"TABLES";s:7:"keyword";s:6:"TABLES";s:4:"type";i:1;s:5:"flags";i:1;s:8:"position";i:5;}i:3;O:26:"PhpMyAdmin\SqlParser\Token":6:{s:5:"token";s:1:" ";s:5:"value";s:1:" ";s:7:"keyword";N;s:4:"type";i:3;s:5:"flags";i:0;s:8:"position";i:11;}i:4;O:26:"PhpMyAdmin\SqlParser\Token":6:{s:5:"token";s:6:"table1";s:5:"value";s:6:"table1";s:7:"keyword";N;s:4:"type";i:0;s:5:"flags";i:0;s:8:"position";i:12;}i:5;O:26:"PhpMyAdmin\SqlParser\Token":6:{s:5:"token";N;s:5:"value";N;s:7:"keyword";N;s:4:"type";i:9;s:5:"flags";i:0;s:8:"position";N;}}s:5:"count";i:6;s:3:"idx";i:6;}s:9:"delimiter";s:1:";";s:12:"delimiterLen";i:1;s:6:"strict";b:0;s:6:"errors";a:0:{}}s:6:"parser";O:27:"PhpMyAdmin\SqlParser\Parser":5:{s:4:"list";r:7;s:10:"statements";a:1:{i:0;O:45:"PhpMyAdmin\SqlParser\Statements\LockStatement":4:{s:6:"locked";a:1:{i:0;O:46:"PhpMyAdmin\SqlParser\Components\LockExpression":2:{s:5:"table";O:42:"PhpMyAdmin\SqlParser\Components\Expression":7:{s:8:"database";N;s:5:"table";s:6:"table1";s:6:"column";N;s:4:"expr";s:6:"table1";s:5:"alias";N;s:8:"function";N;s:8:"subquery";N;}s:4:"type";N;}}s:7:"options";N;s:5:"first";i:0;s:4:"last";i:5;}}s:8:"brackets";i:0;s:6:"strict";b:0;s:6:"errors";a:0:{}}s:6:"errors";a:2:{s:5:"lexer";a:0:{}s:6:"parser";a:1:{i:0;a:3:{i:0;s:34:"Unexpected end of LOCK expression.";i:1;r:37;i:2;i:0;}}}}