{
    "query": "ALTER USER 'testosama' REQUIRE SSL WITH MAX_CONNECTIONS_PER_HOUR 20;",
    "lexer": {
        "KEYWORD_NAME_INDICATORS": [
            "FROM",
            "SET",
            "WHERE"
        ],
        "OPERATOR_NAME_INDICATORS": [
            ",",
            "."
        ],
        "str": "ALTER USER 'testosama' REQUIRE SSL WITH MAX_CONNECTIONS_PER_HOUR 20;",
        "len": 68,
        "last": 68,
        "list": {
            "tokens": [
                {
                    "token": "ALTER",
                    "value": "ALTER",
                    "keyword": "ALTER",
                    "type": 1,
                    "flags": 3,
                    "position": 0
                },
                {
                    "token": " ",
                    "value": " ",
                    "keyword": null,
                    "type": 3,
                    "flags": 0,
                    "position": 5
                },
                {
                    "token": "USER",
                    "value": "USER",
                    "keyword": "USER",
                    "type": 1,
                    "flags": 33,
                    "position": 6
                },
                {
                    "token": " ",
                    "value": " ",
                    "keyword": null,
                    "type": 3,
                    "flags": 0,
                    "position": 10
                },
                {
                    "token": "'testosama'",
                    "value": "testosama",
                    "keyword": null,
                    "type": 7,
                    "flags": 1,
                    "position": 11
                },
                {
                    "token": " ",
                    "value": " ",
                    "keyword": null,
                    "type": 3,
                    "flags": 0,
                    "position": 22
                },
                {
                    "token": "REQUIRE",
                    "value": "REQUIRE",
                    "keyword": "REQUIRE",
                    "type": 1,
                    "flags": 3,
                    "position": 23
                },
                {
                    "token": " ",
                    "value": " ",
                    "keyword": null,
                    "type": 3,
                    "flags": 0,
                    "position": 30
                },
                {
                    "token": "SSL",
                    "value": "SSL",
                    "keyword": "SSL",
                    "type": 1,
                    "flags": 3,
                    "position": 31
                },
                {
                    "token": " ",
                    "value": " ",
                    "keyword": null,
                    "type": 3,
                    "flags": 0,
                    "position": 34
                },
                {
                    "token": "WITH",
                    "value": "WITH",
                    "keyword": "WITH",
                    "type": 1,
                    "flags": 3,
                    "position": 35
                },
                {
                    "token": " ",
                    "value": " ",
                    "keyword": null,
                    "type": 3,
                    "flags": 0,
                    "position": 39
                },
                {
                    "token": "MAX_CONNECTIONS_PER_HOUR",
                    "value": "MAX_CONNECTIONS_PER_HOUR",
                    "keyword": "MAX_CONNECTIONS_PER_HOUR",
                    "type": 1,
                    "flags": 1,
                    "position": 40
                },
                {
                    "token": " ",
                    "value": " ",
                    "keyword": null,
                    "type": 3,
                    "flags": 0,
                    "position": 64
                },
                {
                    "token": "20",
                    "value": 20,
                    "keyword": null,
                    "type": 6,
                    "flags": 0,
                    "position": 65
                },
                {
                    "token": ";",
                    "value": ";",
                    "keyword": null,
                    "type": 9,
                    "flags": 0,
                    "position": 67
                },
                {
                    "token": null,
                    "value": null,
                    "keyword": null,
                    "type": 9,
                    "flags": 0,
                    "position": null
                }
            ],
            "count": 17,
            "idx": 17
        },
        "delimiter": ";",
        "delimiterLen": 1,
        "strict": false,
        "errors": []
    },
    "parser": {
        "list": {
            "tokens": [
                {
                    "token": "ALTER",
                    "value": "ALTER",
                    "keyword": "ALTER",
                    "type": 1,
                    "flags": 3,
                    "position": 0
                },
                {
                    "token": " ",
                    "value": " ",
                    "keyword": null,
                    "type": 3,
                    "flags": 0,
                    "position": 5
                },
                {
                    "token": "USER",
                    "value": "USER",
                    "keyword": "USER",
                    "type": 1,
                    "flags": 33,
                    "position": 6
                },
                {
                    "token": " ",
                    "value": " ",
                    "keyword": null,
                    "type": 3,
                    "flags": 0,
                    "position": 10
                },
                {
                    "token": "'testosama'",
                    "value": "testosama",
                    "keyword": null,
                    "type": 7,
                    "flags": 1,
                    "position": 11
                },
                {
                    "token": " ",
                    "value": " ",
                    "keyword": null,
                    "type": 3,
                    "flags": 0,
                    "position": 22
                },
                {
                    "token": "REQUIRE",
                    "value": "REQUIRE",
                    "keyword": "REQUIRE",
                    "type": 1,
                    "flags": 3,
                    "position": 23
                },
                {
                    "token": " ",
                    "value": " ",
                    "keyword": null,
                    "type": 3,
                    "flags": 0,
                    "position": 30
                },
                {
                    "token": "SSL",
                    "value": "SSL",
                    "keyword": "SSL",
                    "type": 1,
                    "flags": 3,
                    "position": 31
                },
                {
                    "token": " ",
                    "value": " ",
                    "keyword": null,
                    "type": 3,
                    "flags": 0,
                    "position": 34
                },
                {
                    "token": "WITH",
                    "value": "WITH",
                    "keyword": "WITH",
                    "type": 1,
                    "flags": 3,
                    "position": 35
                },
                {
                    "token": " ",
                    "value": " ",
                    "keyword": null,
                    "type": 3,
                    "flags": 0,
                    "position": 39
                },
                {
                    "token": "MAX_CONNECTIONS_PER_HOUR",
                    "value": "MAX_CONNECTIONS_PER_HOUR",
                    "keyword": "MAX_CONNECTIONS_PER_HOUR",
                    "type": 1,
                    "flags": 1,
                    "position": 40
                },
                {
                    "token": " ",
                    "value": " ",
                    "keyword": null,
                    "type": 3,
                    "flags": 0,
                    "position": 64
                },
                {
                    "token": "20",
                    "value": 20,
                    "keyword": null,
                    "type": 6,
                    "flags": 0,
                    "position": 65
                },
                {
                    "token": ";",
                    "value": ";",
                    "keyword": null,
                    "type": 9,
                    "flags": 0,
                    "position": 67
                },
                {
                    "token": null,
                    "value": null,
                    "keyword": null,
                    "type": 9,
                    "flags": 0,
                    "position": null
                }
            ],
            "count": 17,
            "idx": 17
        },
        "statements": [
            {
                "table": {
                    "database": null,
                    "table": "testosama",
                    "column": null,
                    "expr": "'testosama'",
                    "alias": null,
                    "function": null,
                    "subquery": null
                },
                "altered": [
                    {
                        "options": {
                            "options": {
                                "1": {
                                    "name": "REQUIRE",
                                    "equals": false,
                                    "expr": "SSL",
                                    "value": "SSL"
                                },
                                "2": {
                                    "name": "WITH",
                                    "equals": false,
                                    "expr": "MAX_CONNECTIONS_PER_HOUR",
                                    "value": "MAX_CONNECTIONS_PER_HOUR"
                                }
                            }
                        },
                        "field": null,
                        "partitions": null,
                        "unknown": [
                            {
                                "token": "20",
                                "value": 20,
                                "keyword": null,
                                "type": 6,
                                "flags": 0,
                                "position": 65
                            }
                        ]
                    }
                ],
                "options": {
                    "options": {
                        "3": "USER"
                    }
                },
                "first": 0,
                "last": 15
            }
        ],
        "brackets": 0,
        "strict": false,
        "errors": []
    },
    "errors": {
        "lexer": [],
        "parser": []
    }
}