{
    "query": "ALTER TABLE d PARTITION BY RANGE (MONTH(departure_date))\n(\nPARTITION p01 VALUES LESS THAN (02) ,\nPARTITION pmaxval VALUES LESS THAN MAXVALUE\n);\n",
    "lexer": {
        "KEYWORD_NAME_INDICATORS": [
            "FROM",
            "SET",
            "WHERE"
        ],
        "OPERATOR_NAME_INDICATORS": [
            ",",
            "."
        ],
        "str": "ALTER TABLE d PARTITION BY RANGE (MONTH(departure_date))\n(\nPARTITION p01 VALUES LESS THAN (02) ,\nPARTITION pmaxval VALUES LESS THAN MAXVALUE\n);\n",
        "len": 144,
        "last": 144,
        "list": {
            "tokens": [
                {
                    "token": "ALTER",
                    "value": "ALTER",
                    "keyword": "ALTER",
                    "type": 1,
                    "flags": 3,
                    "position": 0
                },
                {
                    "token": " ",
                    "value": " ",
                    "keyword": null,
                    "type": 3,
                    "flags": 0,
                    "position": 5
                },
                {
                    "token": "TABLE",
                    "value": "TABLE",
                    "keyword": "TABLE",
                    "type": 1,
                    "flags": 3,
                    "position": 6
                },
                {
                    "token": " ",
                    "value": " ",
                    "keyword": null,
                    "type": 3,
                    "flags": 0,
                    "position": 11
                },
                {
                    "token": "d",
                    "value": "d",
                    "keyword": null,
                    "type": 0,
                    "flags": 0,
                    "position": 12
                },
                {
                    "token": " ",
                    "value": " ",
                    "keyword": null,
                    "type": 3,
                    "flags": 0,
                    "position": 13
                },
                {
                    "token": "PARTITION BY",
                    "value": "PARTITION BY",
                    "keyword": "PARTITION BY",
                    "type": 1,
                    "flags": 7,
                    "position": 14
                },
                {
                    "token": " ",
                    "value": " ",
                    "keyword": null,
                    "type": 3,
                    "flags": 0,
                    "position": 26
                },
                {
                    "token": "RANGE",
                    "value": "RANGE",
                    "keyword": "RANGE",
                    "type": 1,
                    "flags": 3,
                    "position": 27
                },
                {
                    "token": " ",
                    "value": " ",
                    "keyword": null,
                    "type": 3,
                    "flags": 0,
                    "position": 32
                },
                {
                    "token": "(",
                    "value": "(",
                    "keyword": null,
                    "type": 2,
                    "flags": 16,
                    "position": 33
                },
                {
                    "token": "MONTH",
                    "value": "MONTH",
                    "keyword": "MONTH",
                    "type": 1,
                    "flags": 33,
                    "position": 34
                },
                {
                    "token": "(",
                    "value": "(",
                    "keyword": null,
                    "type": 2,
                    "flags": 16,
                    "position": 39
                },
                {
                    "token": "departure_date",
                    "value": "departure_date",
                    "keyword": null,
                    "type": 0,
                    "flags": 0,
                    "position": 40
                },
                {
                    "token": ")",
                    "value": ")",
                    "keyword": null,
                    "type": 2,
                    "flags": 16,
                    "position": 54
                },
                {
                    "token": ")",
                    "value": ")",
                    "keyword": null,
                    "type": 2,
                    "flags": 16,
                    "position": 55
                },
                {
                    "token": "\n",
                    "value": " ",
                    "keyword": null,
                    "type": 3,
                    "flags": 0,
                    "position": 56
                },
                {
                    "token": "(",
                    "value": "(",
                    "keyword": null,
                    "type": 2,
                    "flags": 16,
                    "position": 57
                },
                {
                    "token": "\n",
                    "value": " ",
                    "keyword": null,
                    "type": 3,
                    "flags": 0,
                    "position": 58
                },
                {
                    "token": "PARTITION",
                    "value": "PARTITION",
                    "keyword": "PARTITION",
                    "type": 1,
                    "flags": 3,
                    "position": 59
                },
                {
                    "token": " ",
                    "value": " ",
                    "keyword": null,
                    "type": 3,
                    "flags": 0,
                    "position": 68
                },
                {
                    "token": "p01",
                    "value": "p01",
                    "keyword": null,
                    "type": 0,
                    "flags": 0,
                    "position": 69
                },
                {
                    "token": " ",
                    "value": " ",
                    "keyword": null,
                    "type": 3,
                    "flags": 0,
                    "position": 72
                },
                {
                    "token": "VALUES",
                    "value": "VALUES",
                    "keyword": "VALUES",
                    "type": 1,
                    "flags": 35,
                    "position": 73
                },
                {
                    "token": " ",
                    "value": " ",
                    "keyword": null,
                    "type": 3,
                    "flags": 0,
                    "position": 79
                },
                {
                    "token": "LESS THAN",
                    "value": "LESS THAN",
                    "keyword": "LESS THAN",
                    "type": 1,
                    "flags": 7,
                    "position": 80
                },
                {
                    "token": " ",
                    "value": " ",
                    "keyword": null,
                    "type": 3,
                    "flags": 0,
                    "position": 89
                },
                {
                    "token": "(",
                    "value": "(",
                    "keyword": null,
                    "type": 2,
                    "flags": 16,
                    "position": 90
                },
                {
                    "token": "02",
                    "value": 2,
                    "keyword": null,
                    "type": 6,
                    "flags": 0,
                    "position": 91
                },
                {
                    "token": ")",
                    "value": ")",
                    "keyword": null,
                    "type": 2,
                    "flags": 16,
                    "position": 93
                },
                {
                    "token": " ",
                    "value": " ",
                    "keyword": null,
                    "type": 3,
                    "flags": 0,
                    "position": 94
                },
                {
                    "token": ",",
                    "value": ",",
                    "keyword": null,
                    "type": 2,
                    "flags": 16,
                    "position": 95
                },
                {
                    "token": "\n",
                    "value": " ",
                    "keyword": null,
                    "type": 3,
                    "flags": 0,
                    "position": 96
                },
                {
                    "token": "PARTITION",
                    "value": "PARTITION",
                    "keyword": "PARTITION",
                    "type": 1,
                    "flags": 3,
                    "position": 97
                },
                {
                    "token": " ",
                    "value": " ",
                    "keyword": null,
                    "type": 3,
                    "flags": 0,
                    "position": 106
                },
                {
                    "token": "pmaxval",
                    "value": "pmaxval",
                    "keyword": null,
                    "type": 0,
                    "flags": 0,
                    "position": 107
                },
                {
                    "token": " ",
                    "value": " ",
                    "keyword": null,
                    "type": 3,
                    "flags": 0,
                    "position": 114
                },
                {
                    "token": "VALUES",
                    "value": "VALUES",
                    "keyword": "VALUES",
                    "type": 1,
                    "flags": 35,
                    "position": 115
                },
                {
                    "token": " ",
                    "value": " ",
                    "keyword": null,
                    "type": 3,
                    "flags": 0,
                    "position": 121
                },
                {
                    "token": "LESS THAN",
                    "value": "LESS THAN",
                    "keyword": "LESS THAN",
                    "type": 1,
                    "flags": 7,
                    "position": 122
                },
                {
                    "token": " ",
                    "value": " ",
                    "keyword": null,
                    "type": 3,
                    "flags": 0,
                    "position": 131
                },
                {
                    "token": "MAXVALUE",
                    "value": "MAXVALUE",
                    "keyword": "MAXVALUE",
                    "type": 1,
                    "flags": 3,
                    "position": 132
                },
                {
                    "token": "\n",
                    "value": " ",
                    "keyword": null,
                    "type": 3,
                    "flags": 0,
                    "position": 140
                },
                {
                    "token": ")",
                    "value": ")",
                    "keyword": null,
                    "type": 2,
                    "flags": 16,
                    "position": 141
                },
                {
                    "token": ";",
                    "value": ";",
                    "keyword": null,
                    "type": 9,
                    "flags": 0,
                    "position": 142
                },
                {
                    "token": "\n",
                    "value": " ",
                    "keyword": null,
                    "type": 3,
                    "flags": 0,
                    "position": 143
                },
                {
                    "token": null,
                    "value": null,
                    "keyword": null,
                    "type": 9,
                    "flags": 0,
                    "position": null
                }
            ],
            "count": 47,
            "idx": 47
        },
        "delimiter": ";",
        "delimiterLen": 1,
        "strict": false,
        "errors": []
    },
    "parser": {
        "list": {
            "tokens": [
                {
                    "token": "ALTER",
                    "value": "ALTER",
                    "keyword": "ALTER",
                    "type": 1,
                    "flags": 3,
                    "position": 0
                },
                {
                    "token": " ",
                    "value": " ",
                    "keyword": null,
                    "type": 3,
                    "flags": 0,
                    "position": 5
                },
                {
                    "token": "TABLE",
                    "value": "TABLE",
                    "keyword": "TABLE",
                    "type": 1,
                    "flags": 3,
                    "position": 6
                },
                {
                    "token": " ",
                    "value": " ",
                    "keyword": null,
                    "type": 3,
                    "flags": 0,
                    "position": 11
                },
                {
                    "token": "d",
                    "value": "d",
                    "keyword": null,
                    "type": 0,
                    "flags": 0,
                    "position": 12
                },
                {
                    "token": " ",
                    "value": " ",
                    "keyword": null,
                    "type": 3,
                    "flags": 0,
                    "position": 13
                },
                {
                    "token": "PARTITION BY",
                    "value": "PARTITION BY",
                    "keyword": "PARTITION BY",
                    "type": 1,
                    "flags": 7,
                    "position": 14
                },
                {
                    "token": " ",
                    "value": " ",
                    "keyword": null,
                    "type": 3,
                    "flags": 0,
                    "position": 26
                },
                {
                    "token": "RANGE",
                    "value": "RANGE",
                    "keyword": "RANGE",
                    "type": 1,
                    "flags": 3,
                    "position": 27
                },
                {
                    "token": " ",
                    "value": " ",
                    "keyword": null,
                    "type": 3,
                    "flags": 0,
                    "position": 32
                },
                {
                    "token": "(",
                    "value": "(",
                    "keyword": null,
                    "type": 2,
                    "flags": 16,
                    "position": 33
                },
                {
                    "token": "MONTH",
                    "value": "MONTH",
                    "keyword": "MONTH",
                    "type": 1,
                    "flags": 33,
                    "position": 34
                },
                {
                    "token": "(",
                    "value": "(",
                    "keyword": null,
                    "type": 2,
                    "flags": 16,
                    "position": 39
                },
                {
                    "token": "departure_date",
                    "value": "departure_date",
                    "keyword": null,
                    "type": 0,
                    "flags": 0,
                    "position": 40
                },
                {
                    "token": ")",
                    "value": ")",
                    "keyword": null,
                    "type": 2,
                    "flags": 16,
                    "position": 54
                },
                {
                    "token": ")",
                    "value": ")",
                    "keyword": null,
                    "type": 2,
                    "flags": 16,
                    "position": 55
                },
                {
                    "token": "\n",
                    "value": " ",
                    "keyword": null,
                    "type": 3,
                    "flags": 0,
                    "position": 56
                },
                {
                    "token": "(",
                    "value": "(",
                    "keyword": null,
                    "type": 2,
                    "flags": 16,
                    "position": 57
                },
                {
                    "token": "\n",
                    "value": " ",
                    "keyword": null,
                    "type": 3,
                    "flags": 0,
                    "position": 58
                },
                {
                    "token": "PARTITION",
                    "value": "PARTITION",
                    "keyword": "PARTITION",
                    "type": 1,
                    "flags": 3,
                    "position": 59
                },
                {
                    "token": " ",
                    "value": " ",
                    "keyword": null,
                    "type": 3,
                    "flags": 0,
                    "position": 68
                },
                {
                    "token": "p01",
                    "value": "p01",
                    "keyword": null,
                    "type": 0,
                    "flags": 0,
                    "position": 69
                },
                {
                    "token": " ",
                    "value": " ",
                    "keyword": null,
                    "type": 3,
                    "flags": 0,
                    "position": 72
                },
                {
                    "token": "VALUES",
                    "value": "VALUES",
                    "keyword": "VALUES",
                    "type": 1,
                    "flags": 35,
                    "position": 73
                },
                {
                    "token": " ",
                    "value": " ",
                    "keyword": null,
                    "type": 3,
                    "flags": 0,
                    "position": 79
                },
                {
                    "token": "LESS THAN",
                    "value": "LESS THAN",
                    "keyword": "LESS THAN",
                    "type": 1,
                    "flags": 7,
                    "position": 80
                },
                {
                    "token": " ",
                    "value": " ",
                    "keyword": null,
                    "type": 3,
                    "flags": 0,
                    "position": 89
                },
                {
                    "token": "(",
                    "value": "(",
                    "keyword": null,
                    "type": 2,
                    "flags": 16,
                    "position": 90
                },
                {
                    "token": "02",
                    "value": 2,
                    "keyword": null,
                    "type": 6,
                    "flags": 0,
                    "position": 91
                },
                {
                    "token": ")",
                    "value": ")",
                    "keyword": null,
                    "type": 2,
                    "flags": 16,
                    "position": 93
                },
                {
                    "token": " ",
                    "value": " ",
                    "keyword": null,
                    "type": 3,
                    "flags": 0,
                    "position": 94
                },
                {
                    "token": ",",
                    "value": ",",
                    "keyword": null,
                    "type": 2,
                    "flags": 16,
                    "position": 95
                },
                {
                    "token": "\n",
                    "value": " ",
                    "keyword": null,
                    "type": 3,
                    "flags": 0,
                    "position": 96
                },
                {
                    "token": "PARTITION",
                    "value": "PARTITION",
                    "keyword": "PARTITION",
                    "type": 1,
                    "flags": 3,
                    "position": 97
                },
                {
                    "token": " ",
                    "value": " ",
                    "keyword": null,
                    "type": 3,
                    "flags": 0,
                    "position": 106
                },
                {
                    "token": "pmaxval",
                    "value": "pmaxval",
                    "keyword": null,
                    "type": 0,
                    "flags": 0,
                    "position": 107
                },
                {
                    "token": " ",
                    "value": " ",
                    "keyword": null,
                    "type": 3,
                    "flags": 0,
                    "position": 114
                },
                {
                    "token": "VALUES",
                    "value": "VALUES",
                    "keyword": "VALUES",
                    "type": 1,
                    "flags": 35,
                    "position": 115
                },
                {
                    "token": " ",
                    "value": " ",
                    "keyword": null,
                    "type": 3,
                    "flags": 0,
                    "position": 121
                },
                {
                    "token": "LESS THAN",
                    "value": "LESS THAN",
                    "keyword": "LESS THAN",
                    "type": 1,
                    "flags": 7,
                    "position": 122
                },
                {
                    "token": " ",
                    "value": " ",
                    "keyword": null,
                    "type": 3,
                    "flags": 0,
                    "position": 131
                },
                {
                    "token": "MAXVALUE",
                    "value": "MAXVALUE",
                    "keyword": "MAXVALUE",
                    "type": 1,
                    "flags": 3,
                    "position": 132
                },
                {
                    "token": "\n",
                    "value": " ",
                    "keyword": null,
                    "type": 3,
                    "flags": 0,
                    "position": 140
                },
                {
                    "token": ")",
                    "value": ")",
                    "keyword": null,
                    "type": 2,
                    "flags": 16,
                    "position": 141
                },
                {
                    "token": ";",
                    "value": ";",
                    "keyword": null,
                    "type": 9,
                    "flags": 0,
                    "position": 142
                },
                {
                    "token": "\n",
                    "value": " ",
                    "keyword": null,
                    "type": 3,
                    "flags": 0,
                    "position": 143
                },
                {
                    "token": null,
                    "value": null,
                    "keyword": null,
                    "type": 9,
                    "flags": 0,
                    "position": null
                }
            ],
            "count": 47,
            "idx": 47
        },
        "statements": [
            {
                "table": {
                    "database": null,
                    "table": "d",
                    "column": null,
                    "expr": "d",
                    "alias": null,
                    "function": null,
                    "subquery": null
                },
                "altered": [
                    {
                        "options": {
                            "options": {
                                "2": "PARTITION BY"
                            }
                        },
                        "field": " RANGE (MONTH(departure_date)) ",
                        "partitions": [
                            {
                                "isSubpartition": false,
                                "name": "p01",
                                "type": "LESS THAN",
                                "expr": {
                                    "database": null,
                                    "table": null,
                                    "column": null,
                                    "expr": "(02)",
                                    "alias": null,
                                    "function": null,
                                    "subquery": null
                                },
                                "subpartitions": null,
                                "options": {
                                    "options": []
                                }
                            },
                            {
                                "isSubpartition": false,
                                "name": "pmaxval",
                                "type": "LESS THAN",
                                "expr": "MAXVALUE",
                                "subpartitions": null,
                                "options": {
                                    "options": []
                                }
                            }
                        ],
                        "unknown": []
                    }
                ],
                "options": {
                    "options": {
                        "3": "TABLE"
                    }
                },
                "first": 0,
                "last": 44
            }
        ],
        "brackets": 0,
        "strict": false,
        "errors": []
    },
    "errors": {
        "lexer": [],
        "parser": []
    }
}