{
    "query": "ALTER EVENT my_event ON SCHEDULE\n  EVERY 2 WEEK;\n",
    "lexer": {
        "KEYWORD_NAME_INDICATORS": [
            "FROM",
            "SET",
            "WHERE"
        ],
        "OPERATOR_NAME_INDICATORS": [
            ",",
            "."
        ],
        "str": "ALTER EVENT my_event ON SCHEDULE\n  EVERY 2 WEEK;\n",
        "len": 49,
        "last": 49,
        "list": {
            "tokens": [
                {
                    "token": "ALTER",
                    "value": "ALTER",
                    "keyword": "ALTER",
                    "type": 1,
                    "flags": 3,
                    "position": 0
                },
                {
                    "token": " ",
                    "value": " ",
                    "keyword": null,
                    "type": 3,
                    "flags": 0,
                    "position": 5
                },
                {
                    "token": "EVENT",
                    "value": "EVENT",
                    "keyword": "EVENT",
                    "type": 1,
                    "flags": 1,
                    "position": 6
                },
                {
                    "token": " ",
                    "value": " ",
                    "keyword": null,
                    "type": 3,
                    "flags": 0,
                    "position": 11
                },
                {
                    "token": "my_event",
                    "value": "my_event",
                    "keyword": null,
                    "type": 0,
                    "flags": 0,
                    "position": 12
                },
                {
                    "token": " ",
                    "value": " ",
                    "keyword": null,
                    "type": 3,
                    "flags": 0,
                    "position": 20
                },
                {
                    "token": "ON SCHEDULE",
                    "value": "ON SCHEDULE",
                    "keyword": "ON SCHEDULE",
                    "type": 1,
                    "flags": 7,
                    "position": 21
                },
                {
                    "token": "\n  ",
                    "value": " ",
                    "keyword": null,
                    "type": 3,
                    "flags": 0,
                    "position": 32
                },
                {
                    "token": "EVERY",
                    "value": "EVERY",
                    "keyword": "EVERY",
                    "type": 1,
                    "flags": 1,
                    "position": 35
                },
                {
                    "token": " ",
                    "value": " ",
                    "keyword": null,
                    "type": 3,
                    "flags": 0,
                    "position": 40
                },
                {
                    "token": "2",
                    "value": 2,
                    "keyword": null,
                    "type": 6,
                    "flags": 0,
                    "position": 41
                },
                {
                    "token": " ",
                    "value": " ",
                    "keyword": null,
                    "type": 3,
                    "flags": 0,
                    "position": 42
                },
                {
                    "token": "WEEK",
                    "value": "WEEK",
                    "keyword": "WEEK",
                    "type": 1,
                    "flags": 33,
                    "position": 43
                },
                {
                    "token": ";",
                    "value": ";",
                    "keyword": null,
                    "type": 9,
                    "flags": 0,
                    "position": 47
                },
                {
                    "token": "\n",
                    "value": " ",
                    "keyword": null,
                    "type": 3,
                    "flags": 0,
                    "position": 48
                },
                {
                    "token": null,
                    "value": null,
                    "keyword": null,
                    "type": 9,
                    "flags": 0,
                    "position": null
                }
            ],
            "count": 16,
            "idx": 16
        },
        "delimiter": ";",
        "delimiterLen": 1,
        "strict": false,
        "errors": []
    },
    "parser": {
        "list": {
            "tokens": [
                {
                    "token": "ALTER",
                    "value": "ALTER",
                    "keyword": "ALTER",
                    "type": 1,
                    "flags": 3,
                    "position": 0
                },
                {
                    "token": " ",
                    "value": " ",
                    "keyword": null,
                    "type": 3,
                    "flags": 0,
                    "position": 5
                },
                {
                    "token": "EVENT",
                    "value": "EVENT",
                    "keyword": "EVENT",
                    "type": 1,
                    "flags": 1,
                    "position": 6
                },
                {
                    "token": " ",
                    "value": " ",
                    "keyword": null,
                    "type": 3,
                    "flags": 0,
                    "position": 11
                },
                {
                    "token": "my_event",
                    "value": "my_event",
                    "keyword": null,
                    "type": 0,
                    "flags": 0,
                    "position": 12
                },
                {
                    "token": " ",
                    "value": " ",
                    "keyword": null,
                    "type": 3,
                    "flags": 0,
                    "position": 20
                },
                {
                    "token": "ON SCHEDULE",
                    "value": "ON SCHEDULE",
                    "keyword": "ON SCHEDULE",
                    "type": 1,
                    "flags": 7,
                    "position": 21
                },
                {
                    "token": "\n  ",
                    "value": " ",
                    "keyword": null,
                    "type": 3,
                    "flags": 0,
                    "position": 32
                },
                {
                    "token": "EVERY",
                    "value": "EVERY",
                    "keyword": "EVERY",
                    "type": 1,
                    "flags": 1,
                    "position": 35
                },
                {
                    "token": " ",
                    "value": " ",
                    "keyword": null,
                    "type": 3,
                    "flags": 0,
                    "position": 40
                },
                {
                    "token": "2",
                    "value": 2,
                    "keyword": null,
                    "type": 6,
                    "flags": 0,
                    "position": 41
                },
                {
                    "token": " ",
                    "value": " ",
                    "keyword": null,
                    "type": 3,
                    "flags": 0,
                    "position": 42
                },
                {
                    "token": "WEEK",
                    "value": "WEEK",
                    "keyword": "WEEK",
                    "type": 1,
                    "flags": 33,
                    "position": 43
                },
                {
                    "token": ";",
                    "value": ";",
                    "keyword": null,
                    "type": 9,
                    "flags": 0,
                    "position": 47
                },
                {
                    "token": "\n",
                    "value": " ",
                    "keyword": null,
                    "type": 3,
                    "flags": 0,
                    "position": 48
                },
                {
                    "token": null,
                    "value": null,
                    "keyword": null,
                    "type": 9,
                    "flags": 0,
                    "position": null
                }
            ],
            "count": 16,
            "idx": 16
        },
        "statements": [
            {
                "table": {
                    "database": null,
                    "table": "my_event",
                    "column": null,
                    "expr": "my_event",
                    "alias": null,
                    "function": null,
                    "subquery": null
                },
                "altered": [
                    {
                        "options": {
                            "options": {
                                "1": "ON SCHEDULE",
                                "2": {
                                    "name": "EVERY",
                                    "equals": false,
                                    "expr": {
                                        "database": null,
                                        "table": null,
                                        "column": null,
                                        "expr": "2 WEEK",
                                        "alias": null,
                                        "function": null,
                                        "subquery": null
                                    },
                                    "value": "2 WEEK"
                                }
                            }
                        },
                        "field": null,
                        "partitions": null,
                        "unknown": []
                    }
                ],
                "options": {
                    "options": {
                        "3": "EVENT"
                    }
                },
                "first": 0,
                "last": 13
            }
        ],
        "brackets": 0,
        "strict": false,
        "errors": []
    },
    "errors": {
        "lexer": [],
        "parser": []
    }
}