{
    "query": "CREATE FUNCTION test() RETURNS",
    "lexer": {
        "KEYWORD_NAME_INDICATORS": [
            "FROM",
            "SET",
            "WHERE"
        ],
        "OPERATOR_NAME_INDICATORS": [
            ",",
            "."
        ],
        "str": "CREATE FUNCTION test() RETURNS",
        "len": 30,
        "last": 30,
        "list": {
            "tokens": [
                {
                    "token": "CREATE",
                    "value": "CREATE",
                    "keyword": "CREATE",
                    "type": 1,
                    "flags": 3,
                    "position": 0
                },
                {
                    "token": " ",
                    "value": " ",
                    "keyword": null,
                    "type": 3,
                    "flags": 0,
                    "position": 6
                },
                {
                    "token": "FUNCTION",
                    "value": "FUNCTION",
                    "keyword": "FUNCTION",
                    "type": 1,
                    "flags": 1,
                    "position": 7
                },
                {
                    "token": " ",
                    "value": " ",
                    "keyword": null,
                    "type": 3,
                    "flags": 0,
                    "position": 15
                },
                {
                    "token": "test",
                    "value": "test",
                    "keyword": null,
                    "type": 0,
                    "flags": 0,
                    "position": 16
                },
                {
                    "token": "(",
                    "value": "(",
                    "keyword": null,
                    "type": 2,
                    "flags": 16,
                    "position": 20
                },
                {
                    "token": ")",
                    "value": ")",
                    "keyword": null,
                    "type": 2,
                    "flags": 16,
                    "position": 21
                },
                {
                    "token": " ",
                    "value": " ",
                    "keyword": null,
                    "type": 3,
                    "flags": 0,
                    "position": 22
                },
                {
                    "token": "RETURNS",
                    "value": "RETURNS",
                    "keyword": "RETURNS",
                    "type": 1,
                    "flags": 1,
                    "position": 23
                },
                {
                    "token": null,
                    "value": null,
                    "keyword": null,
                    "type": 9,
                    "flags": 0,
                    "position": null
                }
            ],
            "count": 10,
            "idx": 12
        },
        "delimiter": ";",
        "delimiterLen": 1,
        "strict": false,
        "errors": []
    },
    "parser": {
        "list": {
            "tokens": [
                {
                    "token": "CREATE",
                    "value": "CREATE",
                    "keyword": "CREATE",
                    "type": 1,
                    "flags": 3,
                    "position": 0
                },
                {
                    "token": " ",
                    "value": " ",
                    "keyword": null,
                    "type": 3,
                    "flags": 0,
                    "position": 6
                },
                {
                    "token": "FUNCTION",
                    "value": "FUNCTION",
                    "keyword": "FUNCTION",
                    "type": 1,
                    "flags": 1,
                    "position": 7
                },
                {
                    "token": " ",
                    "value": " ",
                    "keyword": null,
                    "type": 3,
                    "flags": 0,
                    "position": 15
                },
                {
                    "token": "test",
                    "value": "test",
                    "keyword": null,
                    "type": 0,
                    "flags": 0,
                    "position": 16
                },
                {
                    "token": "(",
                    "value": "(",
                    "keyword": null,
                    "type": 2,
                    "flags": 16,
                    "position": 20
                },
                {
                    "token": ")",
                    "value": ")",
                    "keyword": null,
                    "type": 2,
                    "flags": 16,
                    "position": 21
                },
                {
                    "token": " ",
                    "value": " ",
                    "keyword": null,
                    "type": 3,
                    "flags": 0,
                    "position": 22
                },
                {
                    "token": "RETURNS",
                    "value": "RETURNS",
                    "keyword": "RETURNS",
                    "type": 1,
                    "flags": 1,
                    "position": 23
                },
                {
                    "token": null,
                    "value": null,
                    "keyword": null,
                    "type": 9,
                    "flags": 0,
                    "position": null
                }
            ],
            "count": 10,
            "idx": 12
        },
        "statements": [
            {
                "name": {
                    "database": null,
                    "table": "test",
                    "column": null,
                    "expr": "test",
                    "alias": null,
                    "function": null,
                    "subquery": null
                },
                "entityOptions": {
                    "options": []
                },
                "fields": null,
                "with": null,
                "select": null,
                "like": null,
                "partitionBy": null,
                "partitionsNum": null,
                "subpartitionBy": null,
                "subpartitionsNum": null,
                "partitions": null,
                "table": null,
                "return": null,
                "parameters": [],
                "body": [],
                "options": {
                    "options": {
                        "6": "FUNCTION"
                    }
                },
                "first": 0,
                "last": 11
            }
        ],
        "brackets": 0,
        "strict": false,
        "errors": []
    },
    "errors": {
        "lexer": [],
        "parser": []
    }
}