{
    "query": "KILL QUERY 1",
    "lexer": {
        "KEYWORD_NAME_INDICATORS": [
            "FROM",
            "SET",
            "WHERE"
        ],
        "OPERATOR_NAME_INDICATORS": [
            ",",
            "."
        ],
        "str": "KILL QUERY 1",
        "len": 12,
        "last": 12,
        "list": {
            "tokens": [
                {
                    "token": "KILL",
                    "value": "KILL",
                    "keyword": "KILL",
                    "type": 1,
                    "flags": 3,
                    "position": 0
                },
                {
                    "token": " ",
                    "value": " ",
                    "keyword": null,
                    "type": 3,
                    "flags": 0,
                    "position": 4
                },
                {
                    "token": "QUERY",
                    "value": "QUERY",
                    "keyword": "QUERY",
                    "type": 1,
                    "flags": 1,
                    "position": 5
                },
                {
                    "token": " ",
                    "value": " ",
                    "keyword": null,
                    "type": 3,
                    "flags": 0,
                    "position": 10
                },
                {
                    "token": "1",
                    "value": 1,
                    "keyword": null,
                    "type": 6,
                    "flags": 0,
                    "position": 11
                },
                {
                    "token": null,
                    "value": null,
                    "keyword": null,
                    "type": 9,
                    "flags": 0,
                    "position": null
                }
            ],
            "count": 6,
            "idx": 6
        },
        "delimiter": ";",
        "delimiterLen": 1,
        "strict": false,
        "errors": []
    },
    "parser": {
        "list": {
            "tokens": [
                {
                    "token": "KILL",
                    "value": "KILL",
                    "keyword": "KILL",
                    "type": 1,
                    "flags": 3,
                    "position": 0
                },
                {
                    "token": " ",
                    "value": " ",
                    "keyword": null,
                    "type": 3,
                    "flags": 0,
                    "position": 4
                },
                {
                    "token": "QUERY",
                    "value": "QUERY",
                    "keyword": "QUERY",
                    "type": 1,
                    "flags": 1,
                    "position": 5
                },
                {
                    "token": " ",
                    "value": " ",
                    "keyword": null,
                    "type": 3,
                    "flags": 0,
                    "position": 10
                },
                {
                    "token": "1",
                    "value": 1,
                    "keyword": null,
                    "type": 6,
                    "flags": 0,
                    "position": 11
                },
                {
                    "token": null,
                    "value": null,
                    "keyword": null,
                    "type": 9,
                    "flags": 0,
                    "position": null
                }
            ],
            "count": 6,
            "idx": 6
        },
        "statements": [
            {
                "identifier": 1,
                "idKeywordUsed": false,
                "parenthesisUsed": false,
                "options": {
                    "options": {
                        "2": "QUERY"
                    }
                },
                "first": 0,
                "last": 5
            }
        ],
        "brackets": 0,
        "strict": false,
        "errors": []
    },
    "errors": {
        "lexer": [],
        "parser": []
    }
}