{
    "query": "INSERT INTO aa SET  = INET6_ATON('::ffff:8.8.8.8')",
    "lexer": {
        "KEYWORD_NAME_INDICATORS": [
            "FROM",
            "SET",
            "WHERE"
        ],
        "OPERATOR_NAME_INDICATORS": [
            ",",
            "."
        ],
        "str": "INSERT INTO aa SET  = INET6_ATON('::ffff:8.8.8.8')",
        "len": 50,
        "last": 50,
        "list": {
            "tokens": [
                {
                    "token": "INSERT",
                    "value": "INSERT",
                    "keyword": "INSERT",
                    "type": 1,
                    "flags": 35,
                    "position": 0
                },
                {
                    "token": " ",
                    "value": " ",
                    "keyword": null,
                    "type": 3,
                    "flags": 0,
                    "position": 6
                },
                {
                    "token": "INTO",
                    "value": "INTO",
                    "keyword": "INTO",
                    "type": 1,
                    "flags": 3,
                    "position": 7
                },
                {
                    "token": " ",
                    "value": " ",
                    "keyword": null,
                    "type": 3,
                    "flags": 0,
                    "position": 11
                },
                {
                    "token": "aa",
                    "value": "aa",
                    "keyword": null,
                    "type": 0,
                    "flags": 0,
                    "position": 12
                },
                {
                    "token": " ",
                    "value": " ",
                    "keyword": null,
                    "type": 3,
                    "flags": 0,
                    "position": 14
                },
                {
                    "token": "SET",
                    "value": "SET",
                    "keyword": "SET",
                    "type": 1,
                    "flags": 11,
                    "position": 15
                },
                {
                    "token": "  ",
                    "value": " ",
                    "keyword": null,
                    "type": 3,
                    "flags": 0,
                    "position": 18
                },
                {
                    "token": "=",
                    "value": "=",
                    "keyword": null,
                    "type": 2,
                    "flags": 2,
                    "position": 20
                },
                {
                    "token": " ",
                    "value": " ",
                    "keyword": null,
                    "type": 3,
                    "flags": 0,
                    "position": 21
                },
                {
                    "token": "INET6_ATON",
                    "value": "INET6_ATON",
                    "keyword": "INET6_ATON",
                    "type": 1,
                    "flags": 33,
                    "position": 22
                },
                {
                    "token": "(",
                    "value": "(",
                    "keyword": null,
                    "type": 2,
                    "flags": 16,
                    "position": 32
                },
                {
                    "token": "'::ffff:8.8.8.8'",
                    "value": "::ffff:8.8.8.8",
                    "keyword": null,
                    "type": 7,
                    "flags": 1,
                    "position": 33
                },
                {
                    "token": ")",
                    "value": ")",
                    "keyword": null,
                    "type": 2,
                    "flags": 16,
                    "position": 49
                },
                {
                    "token": null,
                    "value": null,
                    "keyword": null,
                    "type": 9,
                    "flags": 0,
                    "position": null
                }
            ],
            "count": 15,
            "idx": 15
        },
        "delimiter": ";",
        "delimiterLen": 1,
        "strict": false,
        "errors": []
    },
    "parser": {
        "list": {
            "tokens": [
                {
                    "token": "INSERT",
                    "value": "INSERT",
                    "keyword": "INSERT",
                    "type": 1,
                    "flags": 35,
                    "position": 0
                },
                {
                    "token": " ",
                    "value": " ",
                    "keyword": null,
                    "type": 3,
                    "flags": 0,
                    "position": 6
                },
                {
                    "token": "INTO",
                    "value": "INTO",
                    "keyword": "INTO",
                    "type": 1,
                    "flags": 3,
                    "position": 7
                },
                {
                    "token": " ",
                    "value": " ",
                    "keyword": null,
                    "type": 3,
                    "flags": 0,
                    "position": 11
                },
                {
                    "token": "aa",
                    "value": "aa",
                    "keyword": null,
                    "type": 0,
                    "flags": 0,
                    "position": 12
                },
                {
                    "token": " ",
                    "value": " ",
                    "keyword": null,
                    "type": 3,
                    "flags": 0,
                    "position": 14
                },
                {
                    "token": "SET",
                    "value": "SET",
                    "keyword": "SET",
                    "type": 1,
                    "flags": 11,
                    "position": 15
                },
                {
                    "token": "  ",
                    "value": " ",
                    "keyword": null,
                    "type": 3,
                    "flags": 0,
                    "position": 18
                },
                {
                    "token": "=",
                    "value": "=",
                    "keyword": null,
                    "type": 2,
                    "flags": 2,
                    "position": 20
                },
                {
                    "token": " ",
                    "value": " ",
                    "keyword": null,
                    "type": 3,
                    "flags": 0,
                    "position": 21
                },
                {
                    "token": "INET6_ATON",
                    "value": "INET6_ATON",
                    "keyword": "INET6_ATON",
                    "type": 1,
                    "flags": 33,
                    "position": 22
                },
                {
                    "token": "(",
                    "value": "(",
                    "keyword": null,
                    "type": 2,
                    "flags": 16,
                    "position": 32
                },
                {
                    "token": "'::ffff:8.8.8.8'",
                    "value": "::ffff:8.8.8.8",
                    "keyword": null,
                    "type": 7,
                    "flags": 1,
                    "position": 33
                },
                {
                    "token": ")",
                    "value": ")",
                    "keyword": null,
                    "type": 2,
                    "flags": 16,
                    "position": 49
                },
                {
                    "token": null,
                    "value": null,
                    "keyword": null,
                    "type": 9,
                    "flags": 0,
                    "position": null
                }
            ],
            "count": 15,
            "idx": 15
        },
        "statements": [
            {
                "into": {
                    "type": null,
                    "dest": {
                        "database": null,
                        "table": "aa",
                        "column": null,
                        "expr": "aa",
                        "alias": null,
                        "function": null,
                        "subquery": null
                    },
                    "columns": null,
                    "values": null,
                    "fields_options": null,
                    "fields_keyword": null,
                    "lines_options": null
                },
                "values": null,
                "set": [
                    {
                        "column": "",
                        "value": "INET6_ATON('::ffff:8.8.8.8')"
                    }
                ],
                "select": null,
                "with": null,
                "onDuplicateSet": null,
                "options": {
                    "options": []
                },
                "first": 0,
                "last": 13
            }
        ],
        "brackets": 0,
        "strict": false,
        "errors": []
    },
    "errors": {
        "lexer": [],
        "parser": []
    }
}