{
    "query": "CREATE VIEW  `employees_view` AS\nSELECT *\nFROM\n    `employees`\nWHERE\n    `employees`.`gender` = 'M'\nUNION\nSELECT *\nFROM\n    `employees`\nWHERE\n    `employees`.`gender` = 'F';",
    "lexer": {
        "KEYWORD_NAME_INDICATORS": [
            "FROM",
            "SET",
            "WHERE"
        ],
        "OPERATOR_NAME_INDICATORS": [
            ",",
            "."
        ],
        "str": "CREATE VIEW  `employees_view` AS\nSELECT *\nFROM\n    `employees`\nWHERE\n    `employees`.`gender` = 'M'\nUNION\nSELECT *\nFROM\n    `employees`\nWHERE\n    `employees`.`gender` = 'F';",
        "len": 173,
        "last": 173,
        "list": {
            "tokens": [
                {
                    "token": "CREATE",
                    "value": "CREATE",
                    "keyword": "CREATE",
                    "type": 1,
                    "flags": 3,
                    "position": 0
                },
                {
                    "token": " ",
                    "value": " ",
                    "keyword": null,
                    "type": 3,
                    "flags": 0,
                    "position": 6
                },
                {
                    "token": "VIEW",
                    "value": "VIEW",
                    "keyword": "VIEW",
                    "type": 1,
                    "flags": 1,
                    "position": 7
                },
                {
                    "token": "  ",
                    "value": " ",
                    "keyword": null,
                    "type": 3,
                    "flags": 0,
                    "position": 11
                },
                {
                    "token": "`employees_view`",
                    "value": "employees_view",
                    "keyword": null,
                    "type": 8,
                    "flags": 2,
                    "position": 13
                },
                {
                    "token": " ",
                    "value": " ",
                    "keyword": null,
                    "type": 3,
                    "flags": 0,
                    "position": 29
                },
                {
                    "token": "AS",
                    "value": "AS",
                    "keyword": "AS",
                    "type": 1,
                    "flags": 3,
                    "position": 30
                },
                {
                    "token": "\n",
                    "value": " ",
                    "keyword": null,
                    "type": 3,
                    "flags": 0,
                    "position": 32
                },
                {
                    "token": "SELECT",
                    "value": "SELECT",
                    "keyword": "SELECT",
                    "type": 1,
                    "flags": 3,
                    "position": 33
                },
                {
                    "token": " ",
                    "value": " ",
                    "keyword": null,
                    "type": 3,
                    "flags": 0,
                    "position": 39
                },
                {
                    "token": "*",
                    "value": "*",
                    "keyword": null,
                    "type": 2,
                    "flags": 16,
                    "position": 40
                },
                {
                    "token": "\n",
                    "value": " ",
                    "keyword": null,
                    "type": 3,
                    "flags": 0,
                    "position": 41
                },
                {
                    "token": "FROM",
                    "value": "FROM",
                    "keyword": "FROM",
                    "type": 1,
                    "flags": 3,
                    "position": 42
                },
                {
                    "token": "\n    ",
                    "value": " ",
                    "keyword": null,
                    "type": 3,
                    "flags": 0,
                    "position": 46
                },
                {
                    "token": "`employees`",
                    "value": "employees",
                    "keyword": null,
                    "type": 8,
                    "flags": 2,
                    "position": 51
                },
                {
                    "token": "\n",
                    "value": " ",
                    "keyword": null,
                    "type": 3,
                    "flags": 0,
                    "position": 62
                },
                {
                    "token": "WHERE",
                    "value": "WHERE",
                    "keyword": "WHERE",
                    "type": 1,
                    "flags": 3,
                    "position": 63
                },
                {
                    "token": "\n    ",
                    "value": " ",
                    "keyword": null,
                    "type": 3,
                    "flags": 0,
                    "position": 68
                },
                {
                    "token": "`employees`",
                    "value": "employees",
                    "keyword": null,
                    "type": 8,
                    "flags": 2,
                    "position": 73
                },
                {
                    "token": ".",
                    "value": ".",
                    "keyword": null,
                    "type": 2,
                    "flags": 16,
                    "position": 84
                },
                {
                    "token": "`gender`",
                    "value": "gender",
                    "keyword": null,
                    "type": 8,
                    "flags": 2,
                    "position": 85
                },
                {
                    "token": " ",
                    "value": " ",
                    "keyword": null,
                    "type": 3,
                    "flags": 0,
                    "position": 93
                },
                {
                    "token": "=",
                    "value": "=",
                    "keyword": null,
                    "type": 2,
                    "flags": 2,
                    "position": 94
                },
                {
                    "token": " ",
                    "value": " ",
                    "keyword": null,
                    "type": 3,
                    "flags": 0,
                    "position": 95
                },
                {
                    "token": "'M'",
                    "value": "M",
                    "keyword": null,
                    "type": 7,
                    "flags": 1,
                    "position": 96
                },
                {
                    "token": "\n",
                    "value": " ",
                    "keyword": null,
                    "type": 3,
                    "flags": 0,
                    "position": 99
                },
                {
                    "token": "UNION",
                    "value": "UNION",
                    "keyword": "UNION",
                    "type": 1,
                    "flags": 3,
                    "position": 100
                },
                {
                    "token": "\n",
                    "value": " ",
                    "keyword": null,
                    "type": 3,
                    "flags": 0,
                    "position": 105
                },
                {
                    "token": "SELECT",
                    "value": "SELECT",
                    "keyword": "SELECT",
                    "type": 1,
                    "flags": 3,
                    "position": 106
                },
                {
                    "token": " ",
                    "value": " ",
                    "keyword": null,
                    "type": 3,
                    "flags": 0,
                    "position": 112
                },
                {
                    "token": "*",
                    "value": "*",
                    "keyword": null,
                    "type": 2,
                    "flags": 16,
                    "position": 113
                },
                {
                    "token": "\n",
                    "value": " ",
                    "keyword": null,
                    "type": 3,
                    "flags": 0,
                    "position": 114
                },
                {
                    "token": "FROM",
                    "value": "FROM",
                    "keyword": "FROM",
                    "type": 1,
                    "flags": 3,
                    "position": 115
                },
                {
                    "token": "\n    ",
                    "value": " ",
                    "keyword": null,
                    "type": 3,
                    "flags": 0,
                    "position": 119
                },
                {
                    "token": "`employees`",
                    "value": "employees",
                    "keyword": null,
                    "type": 8,
                    "flags": 2,
                    "position": 124
                },
                {
                    "token": "\n",
                    "value": " ",
                    "keyword": null,
                    "type": 3,
                    "flags": 0,
                    "position": 135
                },
                {
                    "token": "WHERE",
                    "value": "WHERE",
                    "keyword": "WHERE",
                    "type": 1,
                    "flags": 3,
                    "position": 136
                },
                {
                    "token": "\n    ",
                    "value": " ",
                    "keyword": null,
                    "type": 3,
                    "flags": 0,
                    "position": 141
                },
                {
                    "token": "`employees`",
                    "value": "employees",
                    "keyword": null,
                    "type": 8,
                    "flags": 2,
                    "position": 146
                },
                {
                    "token": ".",
                    "value": ".",
                    "keyword": null,
                    "type": 2,
                    "flags": 16,
                    "position": 157
                },
                {
                    "token": "`gender`",
                    "value": "gender",
                    "keyword": null,
                    "type": 8,
                    "flags": 2,
                    "position": 158
                },
                {
                    "token": " ",
                    "value": " ",
                    "keyword": null,
                    "type": 3,
                    "flags": 0,
                    "position": 166
                },
                {
                    "token": "=",
                    "value": "=",
                    "keyword": null,
                    "type": 2,
                    "flags": 2,
                    "position": 167
                },
                {
                    "token": " ",
                    "value": " ",
                    "keyword": null,
                    "type": 3,
                    "flags": 0,
                    "position": 168
                },
                {
                    "token": "'F'",
                    "value": "F",
                    "keyword": null,
                    "type": 7,
                    "flags": 1,
                    "position": 169
                },
                {
                    "token": ";",
                    "value": ";",
                    "keyword": null,
                    "type": 9,
                    "flags": 0,
                    "position": 172
                },
                {
                    "token": null,
                    "value": null,
                    "keyword": null,
                    "type": 9,
                    "flags": 0,
                    "position": null
                }
            ],
            "count": 47,
            "idx": 47
        },
        "delimiter": ";",
        "delimiterLen": 1,
        "strict": false,
        "errors": []
    },
    "parser": {
        "list": {
            "tokens": [
                {
                    "token": "CREATE",
                    "value": "CREATE",
                    "keyword": "CREATE",
                    "type": 1,
                    "flags": 3,
                    "position": 0
                },
                {
                    "token": " ",
                    "value": " ",
                    "keyword": null,
                    "type": 3,
                    "flags": 0,
                    "position": 6
                },
                {
                    "token": "VIEW",
                    "value": "VIEW",
                    "keyword": "VIEW",
                    "type": 1,
                    "flags": 1,
                    "position": 7
                },
                {
                    "token": "  ",
                    "value": " ",
                    "keyword": null,
                    "type": 3,
                    "flags": 0,
                    "position": 11
                },
                {
                    "token": "`employees_view`",
                    "value": "employees_view",
                    "keyword": null,
                    "type": 8,
                    "flags": 2,
                    "position": 13
                },
                {
                    "token": " ",
                    "value": " ",
                    "keyword": null,
                    "type": 3,
                    "flags": 0,
                    "position": 29
                },
                {
                    "token": "AS",
                    "value": "AS",
                    "keyword": "AS",
                    "type": 1,
                    "flags": 3,
                    "position": 30
                },
                {
                    "token": "\n",
                    "value": " ",
                    "keyword": null,
                    "type": 3,
                    "flags": 0,
                    "position": 32
                },
                {
                    "token": "SELECT",
                    "value": "SELECT",
                    "keyword": "SELECT",
                    "type": 1,
                    "flags": 3,
                    "position": 33
                },
                {
                    "token": " ",
                    "value": " ",
                    "keyword": null,
                    "type": 3,
                    "flags": 0,
                    "position": 39
                },
                {
                    "token": "*",
                    "value": "*",
                    "keyword": null,
                    "type": 2,
                    "flags": 16,
                    "position": 40
                },
                {
                    "token": "\n",
                    "value": " ",
                    "keyword": null,
                    "type": 3,
                    "flags": 0,
                    "position": 41
                },
                {
                    "token": "FROM",
                    "value": "FROM",
                    "keyword": "FROM",
                    "type": 1,
                    "flags": 3,
                    "position": 42
                },
                {
                    "token": "\n    ",
                    "value": " ",
                    "keyword": null,
                    "type": 3,
                    "flags": 0,
                    "position": 46
                },
                {
                    "token": "`employees`",
                    "value": "employees",
                    "keyword": null,
                    "type": 8,
                    "flags": 2,
                    "position": 51
                },
                {
                    "token": "\n",
                    "value": " ",
                    "keyword": null,
                    "type": 3,
                    "flags": 0,
                    "position": 62
                },
                {
                    "token": "WHERE",
                    "value": "WHERE",
                    "keyword": "WHERE",
                    "type": 1,
                    "flags": 3,
                    "position": 63
                },
                {
                    "token": "\n    ",
                    "value": " ",
                    "keyword": null,
                    "type": 3,
                    "flags": 0,
                    "position": 68
                },
                {
                    "token": "`employees`",
                    "value": "employees",
                    "keyword": null,
                    "type": 8,
                    "flags": 2,
                    "position": 73
                },
                {
                    "token": ".",
                    "value": ".",
                    "keyword": null,
                    "type": 2,
                    "flags": 16,
                    "position": 84
                },
                {
                    "token": "`gender`",
                    "value": "gender",
                    "keyword": null,
                    "type": 8,
                    "flags": 2,
                    "position": 85
                },
                {
                    "token": " ",
                    "value": " ",
                    "keyword": null,
                    "type": 3,
                    "flags": 0,
                    "position": 93
                },
                {
                    "token": "=",
                    "value": "=",
                    "keyword": null,
                    "type": 2,
                    "flags": 2,
                    "position": 94
                },
                {
                    "token": " ",
                    "value": " ",
                    "keyword": null,
                    "type": 3,
                    "flags": 0,
                    "position": 95
                },
                {
                    "token": "'M'",
                    "value": "M",
                    "keyword": null,
                    "type": 7,
                    "flags": 1,
                    "position": 96
                },
                {
                    "token": "\n",
                    "value": " ",
                    "keyword": null,
                    "type": 3,
                    "flags": 0,
                    "position": 99
                },
                {
                    "token": "UNION",
                    "value": "UNION",
                    "keyword": "UNION",
                    "type": 1,
                    "flags": 3,
                    "position": 100
                },
                {
                    "token": "\n",
                    "value": " ",
                    "keyword": null,
                    "type": 3,
                    "flags": 0,
                    "position": 105
                },
                {
                    "token": "SELECT",
                    "value": "SELECT",
                    "keyword": "SELECT",
                    "type": 1,
                    "flags": 3,
                    "position": 106
                },
                {
                    "token": " ",
                    "value": " ",
                    "keyword": null,
                    "type": 3,
                    "flags": 0,
                    "position": 112
                },
                {
                    "token": "*",
                    "value": "*",
                    "keyword": null,
                    "type": 2,
                    "flags": 16,
                    "position": 113
                },
                {
                    "token": "\n",
                    "value": " ",
                    "keyword": null,
                    "type": 3,
                    "flags": 0,
                    "position": 114
                },
                {
                    "token": "FROM",
                    "value": "FROM",
                    "keyword": "FROM",
                    "type": 1,
                    "flags": 3,
                    "position": 115
                },
                {
                    "token": "\n    ",
                    "value": " ",
                    "keyword": null,
                    "type": 3,
                    "flags": 0,
                    "position": 119
                },
                {
                    "token": "`employees`",
                    "value": "employees",
                    "keyword": null,
                    "type": 8,
                    "flags": 2,
                    "position": 124
                },
                {
                    "token": "\n",
                    "value": " ",
                    "keyword": null,
                    "type": 3,
                    "flags": 0,
                    "position": 135
                },
                {
                    "token": "WHERE",
                    "value": "WHERE",
                    "keyword": "WHERE",
                    "type": 1,
                    "flags": 3,
                    "position": 136
                },
                {
                    "token": "\n    ",
                    "value": " ",
                    "keyword": null,
                    "type": 3,
                    "flags": 0,
                    "position": 141
                },
                {
                    "token": "`employees`",
                    "value": "employees",
                    "keyword": null,
                    "type": 8,
                    "flags": 2,
                    "position": 146
                },
                {
                    "token": ".",
                    "value": ".",
                    "keyword": null,
                    "type": 2,
                    "flags": 16,
                    "position": 157
                },
                {
                    "token": "`gender`",
                    "value": "gender",
                    "keyword": null,
                    "type": 8,
                    "flags": 2,
                    "position": 158
                },
                {
                    "token": " ",
                    "value": " ",
                    "keyword": null,
                    "type": 3,
                    "flags": 0,
                    "position": 166
                },
                {
                    "token": "=",
                    "value": "=",
                    "keyword": null,
                    "type": 2,
                    "flags": 2,
                    "position": 167
                },
                {
                    "token": " ",
                    "value": " ",
                    "keyword": null,
                    "type": 3,
                    "flags": 0,
                    "position": 168
                },
                {
                    "token": "'F'",
                    "value": "F",
                    "keyword": null,
                    "type": 7,
                    "flags": 1,
                    "position": 169
                },
                {
                    "token": ";",
                    "value": ";",
                    "keyword": null,
                    "type": 9,
                    "flags": 0,
                    "position": 172
                },
                {
                    "token": null,
                    "value": null,
                    "keyword": null,
                    "type": 9,
                    "flags": 0,
                    "position": null
                }
            ],
            "count": 47,
            "idx": 47
        },
        "statements": [
            {
                "name": {
                    "database": null,
                    "table": "employees_view",
                    "column": null,
                    "expr": "`employees_view`",
                    "alias": null,
                    "function": null,
                    "subquery": null
                },
                "entityOptions": null,
                "fields": null,
                "with": null,
                "select": {
                    "expr": [
                        {
                            "database": null,
                            "table": null,
                            "column": null,
                            "expr": "*",
                            "alias": null,
                            "function": null,
                            "subquery": null
                        }
                    ],
                    "from": [
                        {
                            "database": null,
                            "table": "employees",
                            "column": null,
                            "expr": "`employees`",
                            "alias": null,
                            "function": null,
                            "subquery": null
                        }
                    ],
                    "index_hints": null,
                    "partition": null,
                    "where": [
                        {
                            "identifiers": [
                                "employees",
                                "gender",
                                "M"
                            ],
                            "isOperator": false,
                            "expr": "`employees`.`gender` = 'M'"
                        }
                    ],
                    "group": null,
                    "group_options": null,
                    "having": null,
                    "order": null,
                    "limit": null,
                    "procedure": null,
                    "into": null,
                    "join": null,
                    "union": [],
                    "end_options": null,
                    "options": {
                        "options": []
                    },
                    "first": 8,
                    "last": 25
                },
                "like": null,
                "partitionBy": null,
                "partitionsNum": null,
                "subpartitionBy": null,
                "subpartitionsNum": null,
                "partitions": null,
                "table": null,
                "return": null,
                "parameters": null,
                "body": [
                    {
                        "token": "UNION",
                        "value": "UNION",
                        "keyword": "UNION",
                        "type": 1,
                        "flags": 3,
                        "position": 100
                    },
                    {
                        "token": "\n",
                        "value": " ",
                        "keyword": null,
                        "type": 3,
                        "flags": 0,
                        "position": 105
                    },
                    {
                        "token": "SELECT",
                        "value": "SELECT",
                        "keyword": "SELECT",
                        "type": 1,
                        "flags": 3,
                        "position": 106
                    },
                    {
                        "token": " ",
                        "value": " ",
                        "keyword": null,
                        "type": 3,
                        "flags": 0,
                        "position": 112
                    },
                    {
                        "token": "*",
                        "value": "*",
                        "keyword": null,
                        "type": 2,
                        "flags": 16,
                        "position": 113
                    },
                    {
                        "token": "\n",
                        "value": " ",
                        "keyword": null,
                        "type": 3,
                        "flags": 0,
                        "position": 114
                    },
                    {
                        "token": "FROM",
                        "value": "FROM",
                        "keyword": "FROM",
                        "type": 1,
                        "flags": 3,
                        "position": 115
                    },
                    {
                        "token": "\n    ",
                        "value": " ",
                        "keyword": null,
                        "type": 3,
                        "flags": 0,
                        "position": 119
                    },
                    {
                        "token": "`employees`",
                        "value": "employees",
                        "keyword": null,
                        "type": 8,
                        "flags": 2,
                        "position": 124
                    },
                    {
                        "token": "\n",
                        "value": " ",
                        "keyword": null,
                        "type": 3,
                        "flags": 0,
                        "position": 135
                    },
                    {
                        "token": "WHERE",
                        "value": "WHERE",
                        "keyword": "WHERE",
                        "type": 1,
                        "flags": 3,
                        "position": 136
                    },
                    {
                        "token": "\n    ",
                        "value": " ",
                        "keyword": null,
                        "type": 3,
                        "flags": 0,
                        "position": 141
                    },
                    {
                        "token": "`employees`",
                        "value": "employees",
                        "keyword": null,
                        "type": 8,
                        "flags": 2,
                        "position": 146
                    },
                    {
                        "token": ".",
                        "value": ".",
                        "keyword": null,
                        "type": 2,
                        "flags": 16,
                        "position": 157
                    },
                    {
                        "token": "`gender`",
                        "value": "gender",
                        "keyword": null,
                        "type": 8,
                        "flags": 2,
                        "position": 158
                    },
                    {
                        "token": " ",
                        "value": " ",
                        "keyword": null,
                        "type": 3,
                        "flags": 0,
                        "position": 166
                    },
                    {
                        "token": "=",
                        "value": "=",
                        "keyword": null,
                        "type": 2,
                        "flags": 2,
                        "position": 167
                    },
                    {
                        "token": " ",
                        "value": " ",
                        "keyword": null,
                        "type": 3,
                        "flags": 0,
                        "position": 168
                    },
                    {
                        "token": "'F'",
                        "value": "F",
                        "keyword": null,
                        "type": 7,
                        "flags": 1,
                        "position": 169
                    }
                ],
                "options": {
                    "options": {
                        "6": "VIEW"
                    }
                },
                "first": 0,
                "last": 45
            }
        ],
        "brackets": 0,
        "strict": false,
        "errors": []
    },
    "errors": {
        "lexer": [],
        "parser": []
    }
}