{
    "query": "ALTER EVENT my_event ON SCHEDULE\n  AT '2023-01-01 01:23:45';\n",
    "lexer": {
        "KEYWORD_NAME_INDICATORS": [
            "FROM",
            "SET",
            "WHERE"
        ],
        "OPERATOR_NAME_INDICATORS": [
            ",",
            "."
        ],
        "str": "ALTER EVENT my_event ON SCHEDULE\n  AT '2023-01-01 01:23:45';\n",
        "len": 61,
        "last": 61,
        "list": {
            "tokens": [
                {
                    "token": "ALTER",
                    "value": "ALTER",
                    "keyword": "ALTER",
                    "type": 1,
                    "flags": 3,
                    "position": 0
                },
                {
                    "token": " ",
                    "value": " ",
                    "keyword": null,
                    "type": 3,
                    "flags": 0,
                    "position": 5
                },
                {
                    "token": "EVENT",
                    "value": "EVENT",
                    "keyword": "EVENT",
                    "type": 1,
                    "flags": 1,
                    "position": 6
                },
                {
                    "token": " ",
                    "value": " ",
                    "keyword": null,
                    "type": 3,
                    "flags": 0,
                    "position": 11
                },
                {
                    "token": "my_event",
                    "value": "my_event",
                    "keyword": null,
                    "type": 0,
                    "flags": 0,
                    "position": 12
                },
                {
                    "token": " ",
                    "value": " ",
                    "keyword": null,
                    "type": 3,
                    "flags": 0,
                    "position": 20
                },
                {
                    "token": "ON SCHEDULE",
                    "value": "ON SCHEDULE",
                    "keyword": "ON SCHEDULE",
                    "type": 1,
                    "flags": 7,
                    "position": 21
                },
                {
                    "token": "\n  ",
                    "value": " ",
                    "keyword": null,
                    "type": 3,
                    "flags": 0,
                    "position": 32
                },
                {
                    "token": "AT",
                    "value": "AT",
                    "keyword": "AT",
                    "type": 1,
                    "flags": 1,
                    "position": 35
                },
                {
                    "token": " ",
                    "value": " ",
                    "keyword": null,
                    "type": 3,
                    "flags": 0,
                    "position": 37
                },
                {
                    "token": "'2023-01-01 01:23:45'",
                    "value": "2023-01-01 01:23:45",
                    "keyword": null,
                    "type": 7,
                    "flags": 1,
                    "position": 38
                },
                {
                    "token": ";",
                    "value": ";",
                    "keyword": null,
                    "type": 9,
                    "flags": 0,
                    "position": 59
                },
                {
                    "token": "\n",
                    "value": " ",
                    "keyword": null,
                    "type": 3,
                    "flags": 0,
                    "position": 60
                },
                {
                    "token": null,
                    "value": null,
                    "keyword": null,
                    "type": 9,
                    "flags": 0,
                    "position": null
                }
            ],
            "count": 14,
            "idx": 14
        },
        "delimiter": ";",
        "delimiterLen": 1,
        "strict": false,
        "errors": []
    },
    "parser": {
        "list": {
            "tokens": [
                {
                    "token": "ALTER",
                    "value": "ALTER",
                    "keyword": "ALTER",
                    "type": 1,
                    "flags": 3,
                    "position": 0
                },
                {
                    "token": " ",
                    "value": " ",
                    "keyword": null,
                    "type": 3,
                    "flags": 0,
                    "position": 5
                },
                {
                    "token": "EVENT",
                    "value": "EVENT",
                    "keyword": "EVENT",
                    "type": 1,
                    "flags": 1,
                    "position": 6
                },
                {
                    "token": " ",
                    "value": " ",
                    "keyword": null,
                    "type": 3,
                    "flags": 0,
                    "position": 11
                },
                {
                    "token": "my_event",
                    "value": "my_event",
                    "keyword": null,
                    "type": 0,
                    "flags": 0,
                    "position": 12
                },
                {
                    "token": " ",
                    "value": " ",
                    "keyword": null,
                    "type": 3,
                    "flags": 0,
                    "position": 20
                },
                {
                    "token": "ON SCHEDULE",
                    "value": "ON SCHEDULE",
                    "keyword": "ON SCHEDULE",
                    "type": 1,
                    "flags": 7,
                    "position": 21
                },
                {
                    "token": "\n  ",
                    "value": " ",
                    "keyword": null,
                    "type": 3,
                    "flags": 0,
                    "position": 32
                },
                {
                    "token": "AT",
                    "value": "AT",
                    "keyword": "AT",
                    "type": 1,
                    "flags": 1,
                    "position": 35
                },
                {
                    "token": " ",
                    "value": " ",
                    "keyword": null,
                    "type": 3,
                    "flags": 0,
                    "position": 37
                },
                {
                    "token": "'2023-01-01 01:23:45'",
                    "value": "2023-01-01 01:23:45",
                    "keyword": null,
                    "type": 7,
                    "flags": 1,
                    "position": 38
                },
                {
                    "token": ";",
                    "value": ";",
                    "keyword": null,
                    "type": 9,
                    "flags": 0,
                    "position": 59
                },
                {
                    "token": "\n",
                    "value": " ",
                    "keyword": null,
                    "type": 3,
                    "flags": 0,
                    "position": 60
                },
                {
                    "token": null,
                    "value": null,
                    "keyword": null,
                    "type": 9,
                    "flags": 0,
                    "position": null
                }
            ],
            "count": 14,
            "idx": 14
        },
        "statements": [
            {
                "table": {
                    "database": null,
                    "table": "my_event",
                    "column": null,
                    "expr": "my_event",
                    "alias": null,
                    "function": null,
                    "subquery": null
                },
                "altered": [
                    {
                        "options": {
                            "options": {
                                "1": "ON SCHEDULE",
                                "2": {
                                    "name": "AT",
                                    "equals": false,
                                    "expr": {
                                        "database": null,
                                        "table": null,
                                        "column": "2023-01-01 01:23:45",
                                        "expr": "'2023-01-01 01:23:45'",
                                        "alias": null,
                                        "function": null,
                                        "subquery": null
                                    },
                                    "value": "'2023-01-01 01:23:45'"
                                }
                            }
                        },
                        "field": null,
                        "partitions": null,
                        "unknown": []
                    }
                ],
                "options": {
                    "options": {
                        "3": "EVENT"
                    }
                },
                "first": 0,
                "last": 11
            }
        ],
        "brackets": 0,
        "strict": false,
        "errors": []
    },
    "errors": {
        "lexer": [],
        "parser": []
    }
}